Archive member included to satisfy reference by file (symbol)

c:/st/stm32cubeide_1.7.0/stm32cubeide/plugins/com.st.stm32cube.ide.mcu.externaltools.gnu-tools-for-stm32.9-2020-q2-update.win32_2.0.0.202105311346/tools/bin/../lib/gcc/arm-none-eabi/9.3.1/../../../../arm-none-eabi/lib/thumb/v7e-m+fp/hard\libc_nano.a(lib_a-errno.o)
                              ./Core/Src/syscalls.o (__errno)
c:/st/stm32cubeide_1.7.0/stm32cubeide/plugins/com.st.stm32cube.ide.mcu.externaltools.gnu-tools-for-stm32.9-2020-q2-update.win32_2.0.0.202105311346/tools/bin/../lib/gcc/arm-none-eabi/9.3.1/../../../../arm-none-eabi/lib/thumb/v7e-m+fp/hard\libc_nano.a(lib_a-exit.o)
                              c:/st/stm32cubeide_1.7.0/stm32cubeide/plugins/com.st.stm32cube.ide.mcu.externaltools.gnu-tools-for-stm32.9-2020-q2-update.win32_2.0.0.202105311346/tools/bin/../lib/gcc/arm-none-eabi/9.3.1/../../../../arm-none-eabi/lib/thumb/v7e-m+fp/hard/crt0.o (exit)
c:/st/stm32cubeide_1.7.0/stm32cubeide/plugins/com.st.stm32cube.ide.mcu.externaltools.gnu-tools-for-stm32.9-2020-q2-update.win32_2.0.0.202105311346/tools/bin/../lib/gcc/arm-none-eabi/9.3.1/../../../../arm-none-eabi/lib/thumb/v7e-m+fp/hard\libc_nano.a(lib_a-impure.o)
                              c:/st/stm32cubeide_1.7.0/stm32cubeide/plugins/com.st.stm32cube.ide.mcu.externaltools.gnu-tools-for-stm32.9-2020-q2-update.win32_2.0.0.202105311346/tools/bin/../lib/gcc/arm-none-eabi/9.3.1/../../../../arm-none-eabi/lib/thumb/v7e-m+fp/hard\libc_nano.a(lib_a-exit.o) (_global_impure_ptr)
c:/st/stm32cubeide_1.7.0/stm32cubeide/plugins/com.st.stm32cube.ide.mcu.externaltools.gnu-tools-for-stm32.9-2020-q2-update.win32_2.0.0.202105311346/tools/bin/../lib/gcc/arm-none-eabi/9.3.1/../../../../arm-none-eabi/lib/thumb/v7e-m+fp/hard\libc_nano.a(lib_a-init.o)
                              c:/st/stm32cubeide_1.7.0/stm32cubeide/plugins/com.st.stm32cube.ide.mcu.externaltools.gnu-tools-for-stm32.9-2020-q2-update.win32_2.0.0.202105311346/tools/bin/../lib/gcc/arm-none-eabi/9.3.1/../../../../arm-none-eabi/lib/thumb/v7e-m+fp/hard/crt0.o (__libc_init_array)
c:/st/stm32cubeide_1.7.0/stm32cubeide/plugins/com.st.stm32cube.ide.mcu.externaltools.gnu-tools-for-stm32.9-2020-q2-update.win32_2.0.0.202105311346/tools/bin/../lib/gcc/arm-none-eabi/9.3.1/../../../../arm-none-eabi/lib/thumb/v7e-m+fp/hard\libc_nano.a(lib_a-memset.o)
                              c:/st/stm32cubeide_1.7.0/stm32cubeide/plugins/com.st.stm32cube.ide.mcu.externaltools.gnu-tools-for-stm32.9-2020-q2-update.win32_2.0.0.202105311346/tools/bin/../lib/gcc/arm-none-eabi/9.3.1/../../../../arm-none-eabi/lib/thumb/v7e-m+fp/hard/crt0.o (memset)
c:/st/stm32cubeide_1.7.0/stm32cubeide/plugins/com.st.stm32cube.ide.mcu.externaltools.gnu-tools-for-stm32.9-2020-q2-update.win32_2.0.0.202105311346/tools/bin/../lib/gcc/arm-none-eabi/9.3.1/thumb/v7e-m+fp/hard\libgcc.a(_aeabi_uldivmod.o)
                              ./Drivers/STM32F4xx_HAL_Driver/Src/stm32f4xx_hal_rcc.o (__aeabi_uldivmod)
c:/st/stm32cubeide_1.7.0/stm32cubeide/plugins/com.st.stm32cube.ide.mcu.externaltools.gnu-tools-for-stm32.9-2020-q2-update.win32_2.0.0.202105311346/tools/bin/../lib/gcc/arm-none-eabi/9.3.1/thumb/v7e-m+fp/hard\libgcc.a(_udivmoddi4.o)
                              c:/st/stm32cubeide_1.7.0/stm32cubeide/plugins/com.st.stm32cube.ide.mcu.externaltools.gnu-tools-for-stm32.9-2020-q2-update.win32_2.0.0.202105311346/tools/bin/../lib/gcc/arm-none-eabi/9.3.1/thumb/v7e-m+fp/hard\libgcc.a(_aeabi_uldivmod.o) (__udivmoddi4)
c:/st/stm32cubeide_1.7.0/stm32cubeide/plugins/com.st.stm32cube.ide.mcu.externaltools.gnu-tools-for-stm32.9-2020-q2-update.win32_2.0.0.202105311346/tools/bin/../lib/gcc/arm-none-eabi/9.3.1/thumb/v7e-m+fp/hard\libgcc.a(_dvmd_tls.o)
                              c:/st/stm32cubeide_1.7.0/stm32cubeide/plugins/com.st.stm32cube.ide.mcu.externaltools.gnu-tools-for-stm32.9-2020-q2-update.win32_2.0.0.202105311346/tools/bin/../lib/gcc/arm-none-eabi/9.3.1/thumb/v7e-m+fp/hard\libgcc.a(_aeabi_uldivmod.o) (__aeabi_ldiv0)

Allocating common symbols
Common symbol       size              file

retSD               0x1               ./FATFS/App/fatfs.o
hUsbDeviceFS        0x2d0             ./USB_DEVICE/App/usb_device.o
hdma_usart2_rx      0x60              ./Core/Src/main.o
hdma_usart6_rx      0x60              ./Core/Src/main.o
huart7              0x44              ./Core/Src/main.o
hspi5               0x58              ./Core/Src/main.o
hdma_usart3_rx      0x60              ./Core/Src/main.o
huart3              0x44              ./Core/Src/main.o
hpcd_USB_OTG_FS     0x408             ./USB_DEVICE/Target/usbd_conf.o
hcrc                0x8               ./Core/Src/main.o
uwTick              0x4               ./Drivers/STM32F4xx_HAL_Driver/Src/stm32f4xx_hal.o
hdma_spi4_rx        0x60              ./Core/Src/main.o
hdma_usart3_tx      0x60              ./Core/Src/main.o
pFlash              0x20              ./Drivers/STM32F4xx_HAL_Driver/Src/stm32f4xx_hal_flash.o
[...]
Memory Configuration

Name             Origin             Length             Attributes
CCMRAM           0x0000000010000000 0x0000000000010000 xrw
RAM              0x0000000020000000 0x0000000000030000 xrw
FLASH            0x0000000008000000 0x0000000000200000 xr
*default*        0x0000000000000000 0xffffffffffffffff

Linker script and memory map

LOAD c:/st/stm32cubeide_1.7.0/stm32cubeide/plugins/com.st.stm32cube.ide.mcu.externaltools.gnu-tools-for-stm32.9-2020-q2-update.win32_2.0.0.202105311346/tools/bin/../lib/gcc/arm-none-eabi/9.3.1/thumb/v7e-m+fp/hard/crti.o
LOAD c:/st/stm32cubeide_1.7.0/stm32cubeide/plugins/com.st.stm32cube.ide.mcu.externaltools.gnu-tools-for-stm32.9-2020-q2-update.win32_2.0.0.202105311346/tools/bin/../lib/gcc/arm-none-eabi/9.3.1/thumb/v7e-m+fp/hard/crtbegin.o
LOAD c:/st/stm32cubeide_1.7.0/stm32cubeide/plugins/com.st.stm32cube.ide.mcu.externaltools.gnu-tools-for-stm32.9-2020-q2-update.win32_2.0.0.202105311346/tools/bin/../lib/gcc/arm-none-eabi/9.3.1/../../../../arm-none-eabi/lib/thumb/v7e-m+fp/hard/crt0.o
LOAD ./Core/Src/main.o
LOAD ./Core/Src/stm32f4xx_hal_msp.o
LOAD ./Core/Src/stm32f4xx_it.o
LOAD ./Core/Src/syscalls.o
LOAD ./Core/Src/sysmem.o
LOAD ./Core/Src/system_stm32f4xx.o
LOAD ./Core/Startup/startup_stm32f429zitx.o
LOAD ./Drivers/STM32F4xx_HAL_Driver/Src/stm32f4xx_hal.o
LOAD ./Drivers/STM32F4xx_HAL_Driver/Src/stm32f4xx_hal_adc.o
LOAD ./Drivers/STM32F4xx_HAL_Driver/Src/stm32f4xx_hal_adc_ex.o
LOAD ./Drivers/STM32F4xx_HAL_Driver/Src/stm32f4xx_hal_cortex.o
LOAD ./Drivers/STM32F4xx_HAL_Driver/Src/stm32f4xx_hal_crc.o
LOAD ./Drivers/STM32F4xx_HAL_Driver/Src/stm32f4xx_hal_dma.o
LOAD ./Drivers/STM32F4xx_HAL_Driver/Src/stm32f4xx_hal_dma_ex.o
LOAD ./Drivers/STM32F4xx_HAL_Driver/Src/stm32f4xx_hal_exti.o
LOAD ./Drivers/STM32F4xx_HAL_Driver/Src/stm32f4xx_hal_flash.o
LOAD ./Drivers/STM32F4xx_HAL_Driver/Src/stm32f4xx_hal_flash_ex.o
LOAD ./Drivers/STM32F4xx_HAL_Driver/Src/stm32f4xx_hal_flash_ramfunc.o
LOAD ./Drivers/STM32F4xx_HAL_Driver/Src/stm32f4xx_hal_gpio.o
LOAD ./Drivers/STM32F4xx_HAL_Driver/Src/stm32f4xx_hal_pcd.o
LOAD ./Drivers/STM32F4xx_HAL_Driver/Src/stm32f4xx_hal_pcd_ex.o
LOAD ./Drivers/STM32F4xx_HAL_Driver/Src/stm32f4xx_hal_pwr.o
LOAD ./Drivers/STM32F4xx_HAL_Driver/Src/stm32f4xx_hal_pwr_ex.o
LOAD ./Drivers/STM32F4xx_HAL_Driver/Src/stm32f4xx_hal_rcc.o
LOAD ./Drivers/STM32F4xx_HAL_Driver/Src/stm32f4xx_hal_rcc_ex.o
LOAD ./Drivers/STM32F4xx_HAL_Driver/Src/stm32f4xx_hal_rtc.o
LOAD ./Drivers/STM32F4xx_HAL_Driver/Src/stm32f4xx_hal_rtc_ex.o
LOAD ./Drivers/STM32F4xx_HAL_Driver/Src/stm32f4xx_hal_sd.o
LOAD ./Drivers/STM32F4xx_HAL_Driver/Src/stm32f4xx_hal_spi.o
LOAD ./Drivers/STM32F4xx_HAL_Driver/Src/stm32f4xx_hal_tim.o
LOAD ./Drivers/STM32F4xx_HAL_Driver/Src/stm32f4xx_hal_tim_ex.o
LOAD ./Drivers/STM32F4xx_HAL_Driver/Src/stm32f4xx_hal_uart.o
LOAD ./Drivers/STM32F4xx_HAL_Driver/Src/stm32f4xx_ll_adc.o
LOAD ./Drivers/STM32F4xx_HAL_Driver/Src/stm32f4xx_ll_sdmmc.o
LOAD ./Drivers/STM32F4xx_HAL_Driver/Src/stm32f4xx_ll_usb.o
LOAD ./FATFS/App/fatfs.o
LOAD ./FATFS/Target/bsp_driver_sd.o
LOAD ./FATFS/Target/fatfs_platform.o
LOAD ./FATFS/Target/sd_diskio.o
LOAD ./Middlewares/ST/STM32_USB_Device_Library/Class/CDC/Src/usbd_cdc.o
LOAD ./Middlewares/ST/STM32_USB_Device_Library/Core/Src/usbd_core.o
LOAD ./Middlewares/ST/STM32_USB_Device_Library/Core/Src/usbd_ctlreq.o
LOAD ./Middlewares/ST/STM32_USB_Device_Library/Core/Src/usbd_ioreq.o
LOAD ./Middlewares/Third_Party/FatFs/src/diskio.o
LOAD ./Middlewares/Third_Party/FatFs/src/ff.o
LOAD ./Middlewares/Third_Party/FatFs/src/ff_gen_drv.o
LOAD ./Middlewares/Third_Party/FatFs/src/option/syscall.o
LOAD ./USB_DEVICE/App/usb_device.o
LOAD ./USB_DEVICE/App/usbd_cdc_if.o
LOAD ./USB_DEVICE/App/usbd_desc.o
LOAD ./USB_DEVICE/Target/usbd_conf.o
START GROUP
LOAD c:/st/stm32cubeide_1.7.0/stm32cubeide/plugins/com.st.stm32cube.ide.mcu.externaltools.gnu-tools-for-stm32.9-2020-q2-update.win32_2.0.0.202105311346/tools/bin/../lib/gcc/arm-none-eabi/9.3.1/../../../../arm-none-eabi/lib/thumb/v7e-m+fp/hard\libstdc++_nano.a
LOAD c:/st/stm32cubeide_1.7.0/stm32cubeide/plugins/com.st.stm32cube.ide.mcu.externaltools.gnu-tools-for-stm32.9-2020-q2-update.win32_2.0.0.202105311346/tools/bin/../lib/gcc/arm-none-eabi/9.3.1/../../../../arm-none-eabi/lib/thumb/v7e-m+fp/hard\libsupc++_nano.a
END GROUP
LOAD c:/st/stm32cubeide_1.7.0/stm32cubeide/plugins/com.st.stm32cube.ide.mcu.externaltools.gnu-tools-for-stm32.9-2020-q2-update.win32_2.0.0.202105311346/tools/bin/../lib/gcc/arm-none-eabi/9.3.1/../../../../arm-none-eabi/lib/thumb/v7e-m+fp/hard\libstdc++_nano.a
LOAD c:/st/stm32cubeide_1.7.0/stm32cubeide/plugins/com.st.stm32cube.ide.mcu.externaltools.gnu-tools-for-stm32.9-2020-q2-update.win32_2.0.0.202105311346/tools/bin/../lib/gcc/arm-none-eabi/9.3.1/../../../../arm-none-eabi/lib/thumb/v7e-m+fp/hard\libm.a
LOAD c:/st/stm32cubeide_1.7.0/stm32cubeide/plugins/com.st.stm32cube.ide.mcu.externaltools.gnu-tools-for-stm32.9-2020-q2-update.win32_2.0.0.202105311346/tools/bin/../lib/gcc/arm-none-eabi/9.3.1/../../../../arm-none-eabi/lib/thumb/v7e-m+fp/hard\libc_nano.a
START GROUP
LOAD c:/st/stm32cubeide_1.7.0/stm32cubeide/plugins/com.st.stm32cube.ide.mcu.externaltools.gnu-tools-for-stm32.9-2020-q2-update.win32_2.0.0.202105311346/tools/bin/../lib/gcc/arm-none-eabi/9.3.1/thumb/v7e-m+fp/hard\libgcc.a
LOAD c:/st/stm32cubeide_1.7.0/stm32cubeide/plugins/com.st.stm32cube.ide.mcu.externaltools.gnu-tools-for-stm32.9-2020-q2-update.win32_2.0.0.202105311346/tools/bin/../lib/gcc/arm-none-eabi/9.3.1/../../../../arm-none-eabi/lib/thumb/v7e-m+fp/hard\libc_nano.a
END GROUP
START GROUP
LOAD c:/st/stm32cubeide_1.7.0/stm32cubeide/plugins/com.st.stm32cube.ide.mcu.externaltools.gnu-tools-for-stm32.9-2020-q2-update.win32_2.0.0.202105311346/tools/bin/../lib/gcc/arm-none-eabi/9.3.1/thumb/v7e-m+fp/hard\libgcc.a
LOAD c:/st/stm32cubeide_1.7.0/stm32cubeide/plugins/com.st.stm32cube.ide.mcu.externaltools.gnu-tools-for-stm32.9-2020-q2-update.win32_2.0.0.202105311346/tools/bin/../lib/gcc/arm-none-eabi/9.3.1/../../../../arm-none-eabi/lib/thumb/v7e-m+fp/hard\libc_nano.a
LOAD c:/st/stm32cubeide_1.7.0/stm32cubeide/plugins/com.st.stm32cube.ide.mcu.externaltools.gnu-tools-for-stm32.9-2020-q2-update.win32_2.0.0.202105311346/tools/bin/../lib/gcc/arm-none-eabi/9.3.1/../../../../arm-none-eabi/lib/thumb/v7e-m+fp/hard\libnosys.a
END GROUP
START GROUP
LOAD c:/st/stm32cubeide_1.7.0/stm32cubeide/plugins/com.st.stm32cube.ide.mcu.externaltools.gnu-tools-for-stm32.9-2020-q2-update.win32_2.0.0.202105311346/tools/bin/../lib/gcc/arm-none-eabi/9.3.1/thumb/v7e-m+fp/hard\libgcc.a
LOAD c:/st/stm32cubeide_1.7.0/stm32cubeide/plugins/com.st.stm32cube.ide.mcu.externaltools.gnu-tools-for-stm32.9-2020-q2-update.win32_2.0.0.202105311346/tools/bin/../lib/gcc/arm-none-eabi/9.3.1/../../../../arm-none-eabi/lib/thumb/v7e-m+fp/hard\libc_nano.a
LOAD c:/st/stm32cubeide_1.7.0/stm32cubeide/plugins/com.st.stm32cube.ide.mcu.externaltools.gnu-tools-for-stm32.9-2020-q2-update.win32_2.0.0.202105311346/tools/bin/../lib/gcc/arm-none-eabi/9.3.1/../../../../arm-none-eabi/lib/thumb/v7e-m+fp/hard\libnosys.a
END GROUP
LOAD c:/st/stm32cubeide_1.7.0/stm32cubeide/plugins/com.st.stm32cube.ide.mcu.externaltools.gnu-tools-for-stm32.9-2020-q2-update.win32_2.0.0.202105311346/tools/bin/../lib/gcc/arm-none-eabi/9.3.1/thumb/v7e-m+fp/hard/crtend.o
LOAD c:/st/stm32cubeide_1.7.0/stm32cubeide/plugins/com.st.stm32cube.ide.mcu.externaltools.gnu-tools-for-stm32.9-2020-q2-update.win32_2.0.0.202105311346/tools/bin/../lib/gcc/arm-none-eabi/9.3.1/thumb/v7e-m+fp/hard/crtn.o
                0x0000000020030000                _estack = (ORIGIN (RAM) + LENGTH (RAM))
                0x0000000000000200                _Min_Heap_Size = 0x200
                0x0000000000000400                _Min_Stack_Size = 0x400

.isr_vector     0x0000000008000000      0x1ac
                0x0000000008000000                . = ALIGN (0x4)
 *(.isr_vector)
 .isr_vector    0x0000000008000000      0x1ac ./Core/Startup/startup_stm32f429zitx.o
                0x0000000008000000                g_pfnVectors
                0x00000000080001ac                . = ALIGN (0x4)

.text           0x00000000080001ac     0xc040
                0x00000000080001ac                . = ALIGN (0x4)
 *(.text)
 .text          0x00000000080001ac       0x40 c:/st/stm32cubeide_1.7.0/stm32cubeide/plugins/com.st.stm32cube.ide.mcu.externaltools.gnu-tools-for-stm32.9-2020-q2-update.win32_2.0.0.202105311346/tools/bin/../lib/gcc/arm-none-eabi/9.3.1/thumb/v7e-m+fp/hard/crtbegin.o
 .text          0x00000000080001ec       0x30 c:/st/stm32cubeide_1.7.0/stm32cubeide/plugins/com.st.stm32cube.ide.mcu.externaltools.gnu-tools-for-stm32.9-2020-q2-update.win32_2.0.0.202105311346/tools/bin/../lib/gcc/arm-none-eabi/9.3.1/thumb/v7e-m+fp/hard\libgcc.a(_aeabi_uldivmod.o)
                0x00000000080001ec                __aeabi_uldivmod
 .text          0x000000000800021c      0x2c4 c:/st/stm32cubeide_1.7.0/stm32cubeide/plugins/com.st.stm32cube.ide.mcu.externaltools.gnu-tools-for-stm32.9-2020-q2-update.win32_2.0.0.202105311346/tools/bin/../lib/gcc/arm-none-eabi/9.3.1/thumb/v7e-m+fp/hard\libgcc.a(_udivmoddi4.o)
                0x000000000800021c                __udivmoddi4
 .text          0x00000000080004e0        0x4 c:/st/stm32cubeide_1.7.0/stm32cubeide/plugins/com.st.stm32cube.ide.mcu.externaltools.gnu-tools-for-stm32.9-2020-q2-update.win32_2.0.0.202105311346/tools/bin/../lib/gcc/arm-none-eabi/9.3.1/thumb/v7e-m+fp/hard\libgcc.a(_dvmd_tls.o)
                0x00000000080004e0                __aeabi_idiv0
                0x00000000080004e0                __aeabi_ldiv0
 *(.text*)
 .text.main     0x00000000080004e4       0x4e ./Core/Src/main.o
                0x00000000080004e4                main
 *fill*         0x0000000008000532        0x2 
 .text.SystemClock_Config
                0x0000000008000534       0xd8 ./Core/Src/main.o
                0x0000000008000534                SystemClock_Config
 .text.MX_ADC1_Init
                0x000000000800060c       0xa4 ./Core/Src/main.o
 .text.MX_CRC_Init
                0x00000000080006b0       0x28 ./Core/Src/main.o
 .text.MX_RTC_Init
                0x00000000080006d8       0x4c ./Core/Src/main.o
 .text.MX_SDIO_SD_Init
                0x0000000008000724       0x40 ./Core/Src/main.o
 .text.MX_SPI1_Init
                0x0000000008000764       0x6c ./Core/Src/main.o
 .text.MX_SPI4_Init
                0x00000000080007d0       0x6c ./Core/Src/main.o
 .text.MX_SPI5_Init
                0x000000000800083c       0x6c ./Core/Src/main.o
 .text.MX_UART7_Init
                0x00000000080008a8       0x54 ./Core/Src/main.o
 .text.MX_UART8_Init
                0x00000000080008fc       0x54 ./Core/Src/main.o
 .text.MX_USART2_UART_Init
                0x0000000008000950       0x54 ./Core/Src/main.o
 .text.MX_USART3_UART_Init
                0x00000000080009a4       0x58 ./Core/Src/main.o
 .text.MX_USART6_UART_Init
                0x00000000080009fc       0x54 ./Core/Src/main.o
 .text.MX_DMA_Init
                0x0000000008000a50       0xfc ./Core/Src/main.o
 .text.MX_GPIO_Init
                0x0000000008000b4c      0x2c8 ./Core/Src/main.o
 .text.Error_Handler
                0x0000000008000e14        0xa ./Core/Src/main.o
                0x0000000008000e14                Error_Handler
 *fill*         0x0000000008000e1e        0x2 
 .text.HAL_MspInit
                0x0000000008000e20       0x50 ./Core/Src/stm32f4xx_hal_msp.o
                0x0000000008000e20                HAL_MspInit
 .text.HAL_ADC_MspInit
                0x0000000008000e70       0x88 ./Core/Src/stm32f4xx_hal_msp.o
                0x0000000008000e70                HAL_ADC_MspInit
 .text.HAL_CRC_MspInit
                0x0000000008000ef8       0x44 ./Core/Src/stm32f4xx_hal_msp.o
                0x0000000008000ef8                HAL_CRC_MspInit
 .text.HAL_RTC_MspInit
                0x0000000008000f3c       0x54 ./Core/Src/stm32f4xx_hal_msp.o
                0x0000000008000f3c                HAL_RTC_MspInit
 .text.HAL_SD_MspInit
                0x0000000008000f90      0x164 ./Core/Src/stm32f4xx_hal_msp.o
                0x0000000008000f90                HAL_SD_MspInit
 .text.HAL_SPI_MspInit
                0x00000000080010f4      0x320 ./Core/Src/stm32f4xx_hal_msp.o
                0x00000000080010f4                HAL_SPI_MspInit
 .text.HAL_UART_MspInit
                0x0000000008001414      0x548 ./Core/Src/stm32f4xx_hal_msp.o
                0x0000000008001414                HAL_UART_MspInit
 .text.NMI_Handler
                0x000000000800195c        0x6 ./Core/Src/stm32f4xx_it.o
                0x000000000800195c                NMI_Handler
 .text.HardFault_Handler
                0x0000000008001962        0x6 ./Core/Src/stm32f4xx_it.o
                0x0000000008001962                HardFault_Handler
 .text.MemManage_Handler
                0x0000000008001968        0x6 ./Core/Src/stm32f4xx_it.o
                0x0000000008001968                MemManage_Handler
 .text.BusFault_Handler
                0x000000000800196e        0x6 ./Core/Src/stm32f4xx_it.o
                0x000000000800196e                BusFault_Handler
 .text.UsageFault_Handler
                0x0000000008001974        0x6 ./Core/Src/stm32f4xx_it.o
                0x0000000008001974                UsageFault_Handler
 .text.SVC_Handler
                0x000000000800197a        0xe ./Core/Src/stm32f4xx_it.o
                0x000000000800197a                SVC_Handler
 .text.DebugMon_Handler
                0x0000000008001988        0xe ./Core/Src/stm32f4xx_it.o
                0x0000000008001988                DebugMon_Handler
 .text.PendSV_Handler
                0x0000000008001996        0xe ./Core/Src/stm32f4xx_it.o
                0x0000000008001996                PendSV_Handler
 .text.SysTick_Handler
                0x00000000080019a4        0xc ./Core/Src/stm32f4xx_it.o
                0x00000000080019a4                SysTick_Handler
 .text.DMA1_Stream1_IRQHandler
                0x00000000080019b0       0x14 ./Core/Src/stm32f4xx_it.o
                0x00000000080019b0                DMA1_Stream1_IRQHandler
 .text.DMA1_Stream3_IRQHandler
                0x00000000080019c4       0x14 ./Core/Src/stm32f4xx_it.o
                0x00000000080019c4                DMA1_Stream3_IRQHandler
 .text.DMA1_Stream4_IRQHandler
                0x00000000080019d8       0x14 ./Core/Src/stm32f4xx_it.o
                0x00000000080019d8                DMA1_Stream4_IRQHandler
 .text.DMA1_Stream5_IRQHandler
                0x00000000080019ec       0x14 ./Core/Src/stm32f4xx_it.o
                0x00000000080019ec                DMA1_Stream5_IRQHandler
 .text.DMA1_Stream6_IRQHandler
                0x0000000008001a00       0x14 ./Core/Src/stm32f4xx_it.o
                0x0000000008001a00                DMA1_Stream6_IRQHandler
 .text.SPI1_IRQHandler
                0x0000000008001a14       0x14 ./Core/Src/stm32f4xx_it.o
                0x0000000008001a14                SPI1_IRQHandler
 .text.USART2_IRQHandler
                0x0000000008001a28       0x14 ./Core/Src/stm32f4xx_it.o
                0x0000000008001a28                USART2_IRQHandler
 .text.USART3_IRQHandler
                0x0000000008001a3c       0x14 ./Core/Src/stm32f4xx_it.o
                0x0000000008001a3c                USART3_IRQHandler
 .text.SDIO_IRQHandler
                0x0000000008001a50       0x14 ./Core/Src/stm32f4xx_it.o
                0x0000000008001a50                SDIO_IRQHandler
 .text.DMA2_Stream0_IRQHandler
                0x0000000008001a64       0x14 ./Core/Src/stm32f4xx_it.o
                0x0000000008001a64                DMA2_Stream0_IRQHandler
 .text.DMA2_Stream1_IRQHandler
                0x0000000008001a78       0x14 ./Core/Src/stm32f4xx_it.o
                0x0000000008001a78                DMA2_Stream1_IRQHandler
 .text.DMA2_Stream2_IRQHandler
                0x0000000008001a8c       0x14 ./Core/Src/stm32f4xx_it.o
                0x0000000008001a8c                DMA2_Stream2_IRQHandler
 .text.DMA2_Stream3_IRQHandler
                0x0000000008001aa0       0x14 ./Core/Src/stm32f4xx_it.o
                0x0000000008001aa0                DMA2_Stream3_IRQHandler
 .text.DMA2_Stream4_IRQHandler
                0x0000000008001ab4       0x14 ./Core/Src/stm32f4xx_it.o
                0x0000000008001ab4                DMA2_Stream4_IRQHandler
 .text.OTG_FS_IRQHandler
                0x0000000008001ac8       0x14 ./Core/Src/stm32f4xx_it.o
                0x0000000008001ac8                OTG_FS_IRQHandler
 .text.DMA2_Stream5_IRQHandler
                0x0000000008001adc       0x14 ./Core/Src/stm32f4xx_it.o
                0x0000000008001adc                DMA2_Stream5_IRQHandler
 .text.USART6_IRQHandler
                0x0000000008001af0       0x14 ./Core/Src/stm32f4xx_it.o
                0x0000000008001af0                USART6_IRQHandler
 .text.UART7_IRQHandler
                0x0000000008001b04       0x14 ./Core/Src/stm32f4xx_it.o
                0x0000000008001b04                UART7_IRQHandler
 .text.UART8_IRQHandler
                0x0000000008001b18       0x14 ./Core/Src/stm32f4xx_it.o
                0x0000000008001b18                UART8_IRQHandler
 .text.SPI4_IRQHandler
                0x0000000008001b2c       0x14 ./Core/Src/stm32f4xx_it.o
                0x0000000008001b2c                SPI4_IRQHandler
 .text.SystemInit
                0x0000000008001b40       0x24 ./Core/Src/system_stm32f4xx.o
                0x0000000008001b40                SystemInit
 .text.Reset_Handler
                0x0000000008001b64       0x50 ./Core/Startup/startup_stm32f429zitx.o
                0x0000000008001b64                Reset_Handler
 .text.Default_Handler
                0x0000000008001bb4        0x2 ./Core/Startup/startup_stm32f429zitx.o
                0x0000000008001bb4                RTC_Alarm_IRQHandler
                0x0000000008001bb4                HASH_RNG_IRQHandler
                0x0000000008001bb4                EXTI2_IRQHandler
                0x0000000008001bb4                TIM8_CC_IRQHandler
                0x0000000008001bb4                TIM1_CC_IRQHandler
                0x0000000008001bb4                PVD_IRQHandler
                0x0000000008001bb4                TAMP_STAMP_IRQHandler
                0x0000000008001bb4                CAN2_RX1_IRQHandler
                0x0000000008001bb4                EXTI3_IRQHandler
                0x0000000008001bb4                TIM8_TRG_COM_TIM14_IRQHandler
                0x0000000008001bb4                TIM1_UP_TIM10_IRQHandler
                0x0000000008001bb4                TIM8_UP_TIM13_IRQHandler
                0x0000000008001bb4                I2C3_ER_IRQHandler
                0x0000000008001bb4                EXTI0_IRQHandler
                0x0000000008001bb4                I2C2_EV_IRQHandler
                0x0000000008001bb4                DMA1_Stream2_IRQHandler
                0x0000000008001bb4                CAN1_RX0_IRQHandler
                0x0000000008001bb4                FPU_IRQHandler
                0x0000000008001bb4                OTG_HS_WKUP_IRQHandler
                0x0000000008001bb4                LTDC_ER_IRQHandler
                0x0000000008001bb4                CAN2_SCE_IRQHandler
                0x0000000008001bb4                TIM6_DAC_IRQHandler
                0x0000000008001bb4                TIM1_BRK_TIM9_IRQHandler
                0x0000000008001bb4                DCMI_IRQHandler
                0x0000000008001bb4                CAN2_RX0_IRQHandler
                0x0000000008001bb4                CAN1_RX1_IRQHandler
                0x0000000008001bb4                UART5_IRQHandler
                0x0000000008001bb4                TIM4_IRQHandler
                0x0000000008001bb4                I2C1_EV_IRQHandler
                0x0000000008001bb4                UART4_IRQHandler
                0x0000000008001bb4                TIM3_IRQHandler
                0x0000000008001bb4                RCC_IRQHandler
                0x0000000008001bb4                TIM8_BRK_TIM12_IRQHandler
                0x0000000008001bb4                Default_Handler
                0x0000000008001bb4                EXTI15_10_IRQHandler
                0x0000000008001bb4                ADC_IRQHandler
                0x0000000008001bb4                DMA1_Stream7_IRQHandler
                0x0000000008001bb4                SPI5_IRQHandler
                0x0000000008001bb4                TIM7_IRQHandler
                0x0000000008001bb4                CAN2_TX_IRQHandler
                0x0000000008001bb4                TIM5_IRQHandler
                0x0000000008001bb4                DMA2_Stream7_IRQHandler
                0x0000000008001bb4                I2C3_EV_IRQHandler
                0x0000000008001bb4                EXTI9_5_IRQHandler
                0x0000000008001bb4                RTC_WKUP_IRQHandler
                0x0000000008001bb4                LTDC_IRQHandler
                0x0000000008001bb4                ETH_WKUP_IRQHandler
                0x0000000008001bb4                SPI2_IRQHandler
                0x0000000008001bb4                OTG_HS_EP1_IN_IRQHandler
                0x0000000008001bb4                DMA1_Stream0_IRQHandler
                0x0000000008001bb4                CAN1_TX_IRQHandler
                0x0000000008001bb4                EXTI4_IRQHandler
                0x0000000008001bb4                ETH_IRQHandler
                0x0000000008001bb4                OTG_HS_EP1_OUT_IRQHandler
                0x0000000008001bb4                WWDG_IRQHandler
                0x0000000008001bb4                SPI6_IRQHandler
                0x0000000008001bb4                TIM2_IRQHandler
                0x0000000008001bb4                OTG_FS_WKUP_IRQHandler
                0x0000000008001bb4                TIM1_TRG_COM_TIM11_IRQHandler
                0x0000000008001bb4                OTG_HS_IRQHandler
                0x0000000008001bb4                DMA2D_IRQHandler
                0x0000000008001bb4                EXTI1_IRQHandler
                0x0000000008001bb4                I2C2_ER_IRQHandler
                0x0000000008001bb4                CAN1_SCE_IRQHandler
                0x0000000008001bb4                FLASH_IRQHandler
                0x0000000008001bb4                USART1_IRQHandler
                0x0000000008001bb4                SPI3_IRQHandler
                0x0000000008001bb4                I2C1_ER_IRQHandler
                0x0000000008001bb4                FMC_IRQHandler
                0x0000000008001bb4                DMA2_Stream6_IRQHandler
                0x0000000008001bb4                SAI1_IRQHandler
 *fill*         0x0000000008001bb6        0x2 
 .text.HAL_Init
                0x0000000008001bb8       0x44 ./Drivers/STM32F4xx_HAL_Driver/Src/stm32f4xx_hal.o
                0x0000000008001bb8                HAL_Init
 .text.HAL_InitTick
                0x0000000008001bfc       0x60 ./Drivers/STM32F4xx_HAL_Driver/Src/stm32f4xx_hal.o
                0x0000000008001bfc                HAL_InitTick
 .text.HAL_IncTick
                0x0000000008001c5c       0x28 ./Drivers/STM32F4xx_HAL_Driver/Src/stm32f4xx_hal.o
                0x0000000008001c5c                HAL_IncTick
 .text.HAL_GetTick
                0x0000000008001c84       0x18 ./Drivers/STM32F4xx_HAL_Driver/Src/stm32f4xx_hal.o
                0x0000000008001c84                HAL_GetTick
 .text.HAL_Delay
                0x0000000008001c9c       0x48 ./Drivers/STM32F4xx_HAL_Driver/Src/stm32f4xx_hal.o
                0x0000000008001c9c                HAL_Delay
 .text.HAL_ADC_Init
                0x0000000008001ce4       0x86 ./Drivers/STM32F4xx_HAL_Driver/Src/stm32f4xx_hal_adc.o
                0x0000000008001ce4                HAL_ADC_Init
 *fill*         0x0000000008001d6a        0x2 
 .text.HAL_ADC_ConfigChannel
                0x0000000008001d6c      0x264 ./Drivers/STM32F4xx_HAL_Driver/Src/stm32f4xx_hal_adc.o
                0x0000000008001d6c                HAL_ADC_ConfigChannel
 .text.ADC_Init
                0x0000000008001fd0      0x1f8 ./Drivers/STM32F4xx_HAL_Driver/Src/stm32f4xx_hal_adc.o
 .text.__NVIC_SetPriorityGrouping
                0x00000000080021c8       0x48 ./Drivers/STM32F4xx_HAL_Driver/Src/stm32f4xx_hal_cortex.o
 .text.__NVIC_GetPriorityGrouping
                0x0000000008002210       0x1c ./Drivers/STM32F4xx_HAL_Driver/Src/stm32f4xx_hal_cortex.o
 .text.__NVIC_EnableIRQ
                0x000000000800222c       0x3c ./Drivers/STM32F4xx_HAL_Driver/Src/stm32f4xx_hal_cortex.o
 .text.__NVIC_SetPriority
                0x0000000008002268       0x54 ./Drivers/STM32F4xx_HAL_Driver/Src/stm32f4xx_hal_cortex.o
 .text.NVIC_EncodePriority
                0x00000000080022bc       0x66 ./Drivers/STM32F4xx_HAL_Driver/Src/stm32f4xx_hal_cortex.o
 *fill*         0x0000000008002322        0x2 
 .text.SysTick_Config
                0x0000000008002324       0x44 ./Drivers/STM32F4xx_HAL_Driver/Src/stm32f4xx_hal_cortex.o
 .text.HAL_NVIC_SetPriorityGrouping
                0x0000000008002368       0x16 ./Drivers/STM32F4xx_HAL_Driver/Src/stm32f4xx_hal_cortex.o
                0x0000000008002368                HAL_NVIC_SetPriorityGrouping
 .text.HAL_NVIC_SetPriority
                0x000000000800237e       0x38 ./Drivers/STM32F4xx_HAL_Driver/Src/stm32f4xx_hal_cortex.o
                0x000000000800237e                HAL_NVIC_SetPriority
 .text.HAL_NVIC_EnableIRQ
                0x00000000080023b6       0x1c ./Drivers/STM32F4xx_HAL_Driver/Src/stm32f4xx_hal_cortex.o
                0x00000000080023b6                HAL_NVIC_EnableIRQ
 .text.HAL_SYSTICK_Config
                0x00000000080023d2       0x18 ./Drivers/STM32F4xx_HAL_Driver/Src/stm32f4xx_hal_cortex.o
                0x00000000080023d2                HAL_SYSTICK_Config
 .text.HAL_CRC_Init
                0x00000000080023ea       0x38 ./Drivers/STM32F4xx_HAL_Driver/Src/stm32f4xx_hal_crc.o
                0x00000000080023ea                HAL_CRC_Init
 *fill*         0x0000000008002422        0x2 
 .text.HAL_DMA_Init
                0x0000000008002424      0x15c ./Drivers/STM32F4xx_HAL_Driver/Src/stm32f4xx_hal_dma.o
                0x0000000008002424                HAL_DMA_Init
 .text.HAL_DMA_Abort
                0x0000000008002580       0xe0 ./Drivers/STM32F4xx_HAL_Driver/Src/stm32f4xx_hal_dma.o
                0x0000000008002580                HAL_DMA_Abort
 .text.HAL_DMA_Abort_IT
                0x0000000008002660       0x44 ./Drivers/STM32F4xx_HAL_Driver/Src/stm32f4xx_hal_dma.o
                0x0000000008002660                HAL_DMA_Abort_IT
 .text.HAL_DMA_IRQHandler
                0x00000000080026a4      0x314 ./Drivers/STM32F4xx_HAL_Driver/Src/stm32f4xx_hal_dma.o
                0x00000000080026a4                HAL_DMA_IRQHandler
 .text.DMA_CalcBaseAndBitshift
                0x00000000080029b8       0x6c ./Drivers/STM32F4xx_HAL_Driver/Src/stm32f4xx_hal_dma.o
 .text.DMA_CheckFifoParam
                0x0000000008002a24       0xf8 ./Drivers/STM32F4xx_HAL_Driver/Src/stm32f4xx_hal_dma.o
 .text.HAL_GPIO_Init
                0x0000000008002b1c      0x358 ./Drivers/STM32F4xx_HAL_Driver/Src/stm32f4xx_hal_gpio.o
                0x0000000008002b1c                HAL_GPIO_Init
 .text.HAL_GPIO_ReadPin
                0x0000000008002e74       0x30 ./Drivers/STM32F4xx_HAL_Driver/Src/stm32f4xx_hal_gpio.o
                0x0000000008002e74                HAL_GPIO_ReadPin
 .text.HAL_GPIO_WritePin
                0x0000000008002ea4       0x32 ./Drivers/STM32F4xx_HAL_Driver/Src/stm32f4xx_hal_gpio.o
                0x0000000008002ea4                HAL_GPIO_WritePin
 .text.HAL_PCD_Init
                0x0000000008002ed6      0x23a ./Drivers/STM32F4xx_HAL_Driver/Src/stm32f4xx_hal_pcd.o
                0x0000000008002ed6                HAL_PCD_Init
 .text.HAL_PCD_Start
                0x0000000008003110       0x66 ./Drivers/STM32F4xx_HAL_Driver/Src/stm32f4xx_hal_pcd.o
                0x0000000008003110                HAL_PCD_Start
 .text.HAL_PCD_IRQHandler
                0x0000000008003176      0x764 ./Drivers/STM32F4xx_HAL_Driver/Src/stm32f4xx_hal_pcd.o
                0x0000000008003176                HAL_PCD_IRQHandler
 .text.HAL_PCD_SetAddress
                0x00000000080038da       0x4a ./Drivers/STM32F4xx_HAL_Driver/Src/stm32f4xx_hal_pcd.o
                0x00000000080038da                HAL_PCD_SetAddress
 .text.HAL_PCD_EP_Open
                0x0000000008003924       0xd0 ./Drivers/STM32F4xx_HAL_Driver/Src/stm32f4xx_hal_pcd.o
                0x0000000008003924                HAL_PCD_EP_Open
 .text.HAL_PCD_EP_Close
                0x00000000080039f4       0x94 ./Drivers/STM32F4xx_HAL_Driver/Src/stm32f4xx_hal_pcd.o
                0x00000000080039f4                HAL_PCD_EP_Close
 .text.HAL_PCD_EP_Receive
                0x0000000008003a88       0x96 ./Drivers/STM32F4xx_HAL_Driver/Src/stm32f4xx_hal_pcd.o
                0x0000000008003a88                HAL_PCD_EP_Receive
 .text.HAL_PCD_EP_GetRxCount
                0x0000000008003b1e       0x30 ./Drivers/STM32F4xx_HAL_Driver/Src/stm32f4xx_hal_pcd.o
                0x0000000008003b1e                HAL_PCD_EP_GetRxCount
 .text.HAL_PCD_EP_Transmit
                0x0000000008003b4e       0x94 ./Drivers/STM32F4xx_HAL_Driver/Src/stm32f4xx_hal_pcd.o
                0x0000000008003b4e                HAL_PCD_EP_Transmit
 .text.HAL_PCD_EP_SetStall
                0x0000000008003be2       0xc8 ./Drivers/STM32F4xx_HAL_Driver/Src/stm32f4xx_hal_pcd.o
                0x0000000008003be2                HAL_PCD_EP_SetStall
 .text.HAL_PCD_EP_ClrStall
                0x0000000008003caa       0xac ./Drivers/STM32F4xx_HAL_Driver/Src/stm32f4xx_hal_pcd.o
                0x0000000008003caa                HAL_PCD_EP_ClrStall
 .text.PCD_WriteEmptyTxFifo
                0x0000000008003d56      0x11a ./Drivers/STM32F4xx_HAL_Driver/Src/stm32f4xx_hal_pcd.o
 .text.PCD_EP_OutXfrComplete_int
                0x0000000008003e70      0x218 ./Drivers/STM32F4xx_HAL_Driver/Src/stm32f4xx_hal_pcd.o
 .text.PCD_EP_OutSetupPacket_int
                0x0000000008004088       0x8c ./Drivers/STM32F4xx_HAL_Driver/Src/stm32f4xx_hal_pcd.o
 .text.HAL_PCDEx_SetTxFiFo
                0x0000000008004114       0x8e ./Drivers/STM32F4xx_HAL_Driver/Src/stm32f4xx_hal_pcd_ex.o
                0x0000000008004114                HAL_PCDEx_SetTxFiFo
 .text.HAL_PCDEx_SetRxFiFo
                0x00000000080041a2       0x22 ./Drivers/STM32F4xx_HAL_Driver/Src/stm32f4xx_hal_pcd_ex.o
                0x00000000080041a2                HAL_PCDEx_SetRxFiFo
 .text.HAL_PCDEx_LPM_Callback
                0x00000000080041c4       0x18 ./Drivers/STM32F4xx_HAL_Driver/Src/stm32f4xx_hal_pcd_ex.o
                0x00000000080041c4                HAL_PCDEx_LPM_Callback
 .text.HAL_RCC_OscConfig
                0x00000000080041dc      0x4f0 ./Drivers/STM32F4xx_HAL_Driver/Src/stm32f4xx_hal_rcc.o
                0x00000000080041dc                HAL_RCC_OscConfig
 .text.HAL_RCC_ClockConfig
                0x00000000080046cc      0x1cc ./Drivers/STM32F4xx_HAL_Driver/Src/stm32f4xx_hal_rcc.o
                0x00000000080046cc                HAL_RCC_ClockConfig
 .text.HAL_RCC_GetSysClockFreq
                0x0000000008004898      0x1c4 ./Drivers/STM32F4xx_HAL_Driver/Src/stm32f4xx_hal_rcc.o
                0x0000000008004898                HAL_RCC_GetSysClockFreq
 .text.HAL_RCC_GetHCLKFreq
                0x0000000008004a5c       0x18 ./Drivers/STM32F4xx_HAL_Driver/Src/stm32f4xx_hal_rcc.o
                0x0000000008004a5c                HAL_RCC_GetHCLKFreq
 .text.HAL_RCC_GetPCLK1Freq
                0x0000000008004a74       0x28 ./Drivers/STM32F4xx_HAL_Driver/Src/stm32f4xx_hal_rcc.o
                0x0000000008004a74                HAL_RCC_GetPCLK1Freq
 .text.HAL_RCC_GetPCLK2Freq
                0x0000000008004a9c       0x28 ./Drivers/STM32F4xx_HAL_Driver/Src/stm32f4xx_hal_rcc.o
                0x0000000008004a9c                HAL_RCC_GetPCLK2Freq
 .text.HAL_RCCEx_PeriphCLKConfig
                0x0000000008004ac4      0x37c ./Drivers/STM32F4xx_HAL_Driver/Src/stm32f4xx_hal_rcc_ex.o
                0x0000000008004ac4                HAL_RCCEx_PeriphCLKConfig
 .text.HAL_RTC_Init
                0x0000000008004e40      0x122 ./Drivers/STM32F4xx_HAL_Driver/Src/stm32f4xx_hal_rtc.o
                0x0000000008004e40                HAL_RTC_Init
 .text.HAL_RTC_WaitForSynchro
                0x0000000008004f62       0x50 ./Drivers/STM32F4xx_HAL_Driver/Src/stm32f4xx_hal_rtc.o
                0x0000000008004f62                HAL_RTC_WaitForSynchro
 .text.RTC_EnterInitMode
                0x0000000008004fb2       0x58 ./Drivers/STM32F4xx_HAL_Driver/Src/stm32f4xx_hal_rtc.o
                0x0000000008004fb2                RTC_EnterInitMode
 .text.HAL_SD_Init
                0x000000000800500a       0x60 ./Drivers/STM32F4xx_HAL_Driver/Src/stm32f4xx_hal_sd.o
                0x000000000800500a                HAL_SD_Init
 *fill*         0x000000000800506a        0x2 
 .text.HAL_SD_InitCard
                0x000000000800506c       0xfc ./Drivers/STM32F4xx_HAL_Driver/Src/stm32f4xx_hal_sd.o
                0x000000000800506c                HAL_SD_InitCard
 .text.HAL_SD_ReadBlocks
                0x0000000008005168      0x3bc ./Drivers/STM32F4xx_HAL_Driver/Src/stm32f4xx_hal_sd.o
                0x0000000008005168                HAL_SD_ReadBlocks
 .text.HAL_SD_WriteBlocks
                0x0000000008005524      0x30c ./Drivers/STM32F4xx_HAL_Driver/Src/stm32f4xx_hal_sd.o
                0x0000000008005524                HAL_SD_WriteBlocks
 .text.HAL_SD_IRQHandler
                0x0000000008005830      0x30c ./Drivers/STM32F4xx_HAL_Driver/Src/stm32f4xx_hal_sd.o
                0x0000000008005830                HAL_SD_IRQHandler
 .text.HAL_SD_ErrorCallback
                0x0000000008005b3c       0x14 ./Drivers/STM32F4xx_HAL_Driver/Src/stm32f4xx_hal_sd.o
                0x0000000008005b3c                HAL_SD_ErrorCallback
 .text.HAL_SD_GetCardCSD
                0x0000000008005b50      0x348 ./Drivers/STM32F4xx_HAL_Driver/Src/stm32f4xx_hal_sd.o
                0x0000000008005b50                HAL_SD_GetCardCSD
 .text.HAL_SD_GetCardInfo
                0x0000000008005e98       0x58 ./Drivers/STM32F4xx_HAL_Driver/Src/stm32f4xx_hal_sd.o
                0x0000000008005e98                HAL_SD_GetCardInfo
 .text.HAL_SD_ConfigWideBusOperation
                0x0000000008005ef0      0x134 ./Drivers/STM32F4xx_HAL_Driver/Src/stm32f4xx_hal_sd.o
                0x0000000008005ef0                HAL_SD_ConfigWideBusOperation
 .text.HAL_SD_GetCardState
                0x0000000008006024       0x40 ./Drivers/STM32F4xx_HAL_Driver/Src/stm32f4xx_hal_sd.o
                0x0000000008006024                HAL_SD_GetCardState
 .text.SD_DMATxAbort
                0x0000000008006064       0x6e ./Drivers/STM32F4xx_HAL_Driver/Src/stm32f4xx_hal_sd.o
 .text.SD_DMARxAbort
                0x00000000080060d2       0x6e ./Drivers/STM32F4xx_HAL_Driver/Src/stm32f4xx_hal_sd.o
 .text.SD_InitCard
                0x0000000008006140      0x198 ./Drivers/STM32F4xx_HAL_Driver/Src/stm32f4xx_hal_sd.o
 .text.SD_PowerON
                0x00000000080062d8      0x11c ./Drivers/STM32F4xx_HAL_Driver/Src/stm32f4xx_hal_sd.o
 .text.SD_SendStatus
                0x00000000080063f4       0x50 ./Drivers/STM32F4xx_HAL_Driver/Src/stm32f4xx_hal_sd.o
 .text.SD_WideBus_Enable
                0x0000000008006444       0x96 ./Drivers/STM32F4xx_HAL_Driver/Src/stm32f4xx_hal_sd.o
 .text.SD_WideBus_Disable
                0x00000000080064da       0x96 ./Drivers/STM32F4xx_HAL_Driver/Src/stm32f4xx_hal_sd.o
 .text.SD_FindSCR
                0x0000000008006570      0x1a6 ./Drivers/STM32F4xx_HAL_Driver/Src/stm32f4xx_hal_sd.o
 .text.SD_Read_IT
                0x0000000008006716       0xa2 ./Drivers/STM32F4xx_HAL_Driver/Src/stm32f4xx_hal_sd.o
 .text.SD_Write_IT
                0x00000000080067b8       0xaa ./Drivers/STM32F4xx_HAL_Driver/Src/stm32f4xx_hal_sd.o
 .text.HAL_SPI_Init
                0x0000000008006862      0x112 ./Drivers/STM32F4xx_HAL_Driver/Src/stm32f4xx_hal_spi.o
                0x0000000008006862                HAL_SPI_Init
 .text.HAL_SPI_IRQHandler
                0x0000000008006974      0x200 ./Drivers/STM32F4xx_HAL_Driver/Src/stm32f4xx_hal_spi.o
                0x0000000008006974                HAL_SPI_IRQHandler
 .text.HAL_SPI_ErrorCallback
                0x0000000008006b74       0x14 ./Drivers/STM32F4xx_HAL_Driver/Src/stm32f4xx_hal_spi.o
                0x0000000008006b74                HAL_SPI_ErrorCallback
 .text.SPI_DMAAbortOnError
                0x0000000008006b88       0x28 ./Drivers/STM32F4xx_HAL_Driver/Src/stm32f4xx_hal_spi.o
 .text.HAL_UART_Init
                0x0000000008006bb0       0x9a ./Drivers/STM32F4xx_HAL_Driver/Src/stm32f4xx_hal_uart.o
                0x0000000008006bb0                HAL_UART_Init
 *fill*         0x0000000008006c4a        0x2 
 .text.HAL_UART_IRQHandler
                0x0000000008006c4c      0x51c ./Drivers/STM32F4xx_HAL_Driver/Src/stm32f4xx_hal_uart.o
                0x0000000008006c4c                HAL_UART_IRQHandler
 .text.HAL_UART_TxCpltCallback
                0x0000000008007168       0x14 ./Drivers/STM32F4xx_HAL_Driver/Src/stm32f4xx_hal_uart.o
                0x0000000008007168                HAL_UART_TxCpltCallback
 .text.HAL_UART_RxCpltCallback
                0x000000000800717c       0x14 ./Drivers/STM32F4xx_HAL_Driver/Src/stm32f4xx_hal_uart.o
                0x000000000800717c                HAL_UART_RxCpltCallback
 .text.HAL_UART_ErrorCallback
                0x0000000008007190       0x14 ./Drivers/STM32F4xx_HAL_Driver/Src/stm32f4xx_hal_uart.o
                0x0000000008007190                HAL_UART_ErrorCallback
 .text.HAL_UARTEx_RxEventCallback
                0x00000000080071a4       0x18 ./Drivers/STM32F4xx_HAL_Driver/Src/stm32f4xx_hal_uart.o
                0x00000000080071a4                HAL_UARTEx_RxEventCallback
 .text.UART_EndRxTransfer
                0x00000000080071bc       0xc6 ./Drivers/STM32F4xx_HAL_Driver/Src/stm32f4xx_hal_uart.o
 .text.UART_DMAAbortOnError
                0x0000000008007282       0x28 ./Drivers/STM32F4xx_HAL_Driver/Src/stm32f4xx_hal_uart.o
 .text.UART_Transmit_IT
                0x00000000080072aa       0xa0 ./Drivers/STM32F4xx_HAL_Driver/Src/stm32f4xx_hal_uart.o
 .text.UART_EndTransmit_IT
                0x000000000800734a       0x30 ./Drivers/STM32F4xx_HAL_Driver/Src/stm32f4xx_hal_uart.o
 .text.UART_Receive_IT
                0x000000000800737a      0x176 ./Drivers/STM32F4xx_HAL_Driver/Src/stm32f4xx_hal_uart.o
 .text.UART_SetConfig
                0x00000000080074f0      0x390 ./Drivers/STM32F4xx_HAL_Driver/Src/stm32f4xx_hal_uart.o
 .text.SDIO_Init
                0x0000000008007880       0x56 ./Drivers/STM32F4xx_HAL_Driver/Src/stm32f4xx_ll_sdmmc.o
                0x0000000008007880                SDIO_Init
 .text.SDIO_ReadFIFO
                0x00000000080078d6       0x1a ./Drivers/STM32F4xx_HAL_Driver/Src/stm32f4xx_ll_sdmmc.o
                0x00000000080078d6                SDIO_ReadFIFO
 .text.SDIO_WriteFIFO
                0x00000000080078f0       0x22 ./Drivers/STM32F4xx_HAL_Driver/Src/stm32f4xx_ll_sdmmc.o
                0x00000000080078f0                SDIO_WriteFIFO
 .text.SDIO_PowerState_ON
                0x0000000008007912       0x1e ./Drivers/STM32F4xx_HAL_Driver/Src/stm32f4xx_ll_sdmmc.o
                0x0000000008007912                SDIO_PowerState_ON
 .text.SDIO_GetPowerState
                0x0000000008007930       0x1c ./Drivers/STM32F4xx_HAL_Driver/Src/stm32f4xx_ll_sdmmc.o
                0x0000000008007930                SDIO_GetPowerState
 .text.SDIO_SendCommand
                0x000000000800794c       0x54 ./Drivers/STM32F4xx_HAL_Driver/Src/stm32f4xx_ll_sdmmc.o
                0x000000000800794c                SDIO_SendCommand
 .text.SDIO_GetCommandResponse
                0x00000000080079a0       0x1a ./Drivers/STM32F4xx_HAL_Driver/Src/stm32f4xx_ll_sdmmc.o
                0x00000000080079a0                SDIO_GetCommandResponse
 .text.SDIO_GetResponse
                0x00000000080079ba       0x26 ./Drivers/STM32F4xx_HAL_Driver/Src/stm32f4xx_ll_sdmmc.o
                0x00000000080079ba                SDIO_GetResponse
 .text.SDIO_ConfigData
                0x00000000080079e0       0x58 ./Drivers/STM32F4xx_HAL_Driver/Src/stm32f4xx_ll_sdmmc.o
                0x00000000080079e0                SDIO_ConfigData
 .text.SDMMC_CmdBlockLength
                0x0000000008007a38       0x44 ./Drivers/STM32F4xx_HAL_Driver/Src/stm32f4xx_ll_sdmmc.o
                0x0000000008007a38                SDMMC_CmdBlockLength
 .text.SDMMC_CmdReadSingleBlock
                0x0000000008007a7c       0x44 ./Drivers/STM32F4xx_HAL_Driver/Src/stm32f4xx_ll_sdmmc.o
                0x0000000008007a7c                SDMMC_CmdReadSingleBlock
 .text.SDMMC_CmdReadMultiBlock
                0x0000000008007ac0       0x44 ./Drivers/STM32F4xx_HAL_Driver/Src/stm32f4xx_ll_sdmmc.o
                0x0000000008007ac0                SDMMC_CmdReadMultiBlock
 .text.SDMMC_CmdWriteSingleBlock
                0x0000000008007b04       0x44 ./Drivers/STM32F4xx_HAL_Driver/Src/stm32f4xx_ll_sdmmc.o
                0x0000000008007b04                SDMMC_CmdWriteSingleBlock
 .text.SDMMC_CmdWriteMultiBlock
                0x0000000008007b48       0x44 ./Drivers/STM32F4xx_HAL_Driver/Src/stm32f4xx_ll_sdmmc.o
                0x0000000008007b48                SDMMC_CmdWriteMultiBlock
 .text.SDMMC_CmdStopTransfer
                0x0000000008007b8c       0x44 ./Drivers/STM32F4xx_HAL_Driver/Src/stm32f4xx_ll_sdmmc.o
                0x0000000008007b8c                SDMMC_CmdStopTransfer
 .text.SDMMC_CmdSelDesel
                0x0000000008007bd0       0x46 ./Drivers/STM32F4xx_HAL_Driver/Src/stm32f4xx_ll_sdmmc.o
                0x0000000008007bd0                SDMMC_CmdSelDesel
 .text.SDMMC_CmdGoIdleState
                0x0000000008007c16       0x3c ./Drivers/STM32F4xx_HAL_Driver/Src/stm32f4xx_ll_sdmmc.o
                0x0000000008007c16                SDMMC_CmdGoIdleState
 .text.SDMMC_CmdOperCond
                0x0000000008007c52       0x3e ./Drivers/STM32F4xx_HAL_Driver/Src/stm32f4xx_ll_sdmmc.o
                0x0000000008007c52                SDMMC_CmdOperCond
 .text.SDMMC_CmdAppCommand
                0x0000000008007c90       0x44 ./Drivers/STM32F4xx_HAL_Driver/Src/stm32f4xx_ll_sdmmc.o
                0x0000000008007c90                SDMMC_CmdAppCommand
 .text.SDMMC_CmdAppOperCommand
                0x0000000008007cd4       0x46 ./Drivers/STM32F4xx_HAL_Driver/Src/stm32f4xx_ll_sdmmc.o
                0x0000000008007cd4                SDMMC_CmdAppOperCommand
 .text.SDMMC_CmdBusWidth
                0x0000000008007d1a       0x44 ./Drivers/STM32F4xx_HAL_Driver/Src/stm32f4xx_ll_sdmmc.o
                0x0000000008007d1a                SDMMC_CmdBusWidth
 .text.SDMMC_CmdSendSCR
                0x0000000008007d5e       0x42 ./Drivers/STM32F4xx_HAL_Driver/Src/stm32f4xx_ll_sdmmc.o
                0x0000000008007d5e                SDMMC_CmdSendSCR
 .text.SDMMC_CmdSendCID
                0x0000000008007da0       0x3c ./Drivers/STM32F4xx_HAL_Driver/Src/stm32f4xx_ll_sdmmc.o
                0x0000000008007da0                SDMMC_CmdSendCID
 .text.SDMMC_CmdSendCSD
                0x0000000008007ddc       0x3e ./Drivers/STM32F4xx_HAL_Driver/Src/stm32f4xx_ll_sdmmc.o
                0x0000000008007ddc                SDMMC_CmdSendCSD
 .text.SDMMC_CmdSetRelAdd
                0x0000000008007e1a       0x42 ./Drivers/STM32F4xx_HAL_Driver/Src/stm32f4xx_ll_sdmmc.o
                0x0000000008007e1a                SDMMC_CmdSetRelAdd
 .text.SDMMC_CmdSendStatus
                0x0000000008007e5c       0x44 ./Drivers/STM32F4xx_HAL_Driver/Src/stm32f4xx_ll_sdmmc.o
                0x0000000008007e5c                SDMMC_CmdSendStatus
 .text.SDMMC_GetCmdError
                0x0000000008007ea0       0x58 ./Drivers/STM32F4xx_HAL_Driver/Src/stm32f4xx_ll_sdmmc.o
 .text.SDMMC_GetCmdResp1
                0x0000000008007ef8      0x1dc ./Drivers/STM32F4xx_HAL_Driver/Src/stm32f4xx_ll_sdmmc.o
 .text.SDMMC_GetCmdResp2
                0x00000000080080d4       0x90 ./Drivers/STM32F4xx_HAL_Driver/Src/stm32f4xx_ll_sdmmc.o
 .text.SDMMC_GetCmdResp3
                0x0000000008008164       0x7c ./Drivers/STM32F4xx_HAL_Driver/Src/stm32f4xx_ll_sdmmc.o
 .text.SDMMC_GetCmdResp6
                0x00000000080081e0       0xec ./Drivers/STM32F4xx_HAL_Driver/Src/stm32f4xx_ll_sdmmc.o
 .text.SDMMC_GetCmdResp7
                0x00000000080082cc       0x9c ./Drivers/STM32F4xx_HAL_Driver/Src/stm32f4xx_ll_sdmmc.o
 .text.USB_CoreInit
                0x0000000008008368       0xc2 ./Drivers/STM32F4xx_HAL_Driver/Src/stm32f4xx_ll_usb.o
                0x0000000008008368                USB_CoreInit
 *fill*         0x000000000800842a        0x2 
 .text.USB_SetTurnaroundTime
                0x000000000800842c      0x144 ./Drivers/STM32F4xx_HAL_Driver/Src/stm32f4xx_ll_usb.o
                0x000000000800842c                USB_SetTurnaroundTime
 .text.USB_EnableGlobalInt
                0x0000000008008570       0x22 ./Drivers/STM32F4xx_HAL_Driver/Src/stm32f4xx_ll_usb.o
                0x0000000008008570                USB_EnableGlobalInt
 .text.USB_DisableGlobalInt
                0x0000000008008592       0x22 ./Drivers/STM32F4xx_HAL_Driver/Src/stm32f4xx_ll_usb.o
                0x0000000008008592                USB_DisableGlobalInt
 .text.USB_SetCurrentMode
                0x00000000080085b4       0x98 ./Drivers/STM32F4xx_HAL_Driver/Src/stm32f4xx_ll_usb.o
                0x00000000080085b4                USB_SetCurrentMode
 .text.USB_DevInit
                0x000000000800864c      0x2c8 ./Drivers/STM32F4xx_HAL_Driver/Src/stm32f4xx_ll_usb.o
                0x000000000800864c                USB_DevInit
 .text.USB_FlushTxFifo
                0x0000000008008914       0x48 ./Drivers/STM32F4xx_HAL_Driver/Src/stm32f4xx_ll_usb.o
                0x0000000008008914                USB_FlushTxFifo
 .text.USB_FlushRxFifo
                0x000000000800895c       0x40 ./Drivers/STM32F4xx_HAL_Driver/Src/stm32f4xx_ll_usb.o
                0x000000000800895c                USB_FlushRxFifo
 .text.USB_SetDevSpeed
                0x000000000800899c       0x32 ./Drivers/STM32F4xx_HAL_Driver/Src/stm32f4xx_ll_usb.o
                0x000000000800899c                USB_SetDevSpeed
 .text.USB_GetDevSpeed
                0x00000000080089ce       0x4a ./Drivers/STM32F4xx_HAL_Driver/Src/stm32f4xx_ll_usb.o
                0x00000000080089ce                USB_GetDevSpeed
 .text.USB_ActivateEndpoint
                0x0000000008008a18      0x10e ./Drivers/STM32F4xx_HAL_Driver/Src/stm32f4xx_ll_usb.o
                0x0000000008008a18                USB_ActivateEndpoint
 *fill*         0x0000000008008b26        0x2 
 .text.USB_DeactivateEndpoint
                0x0000000008008b28      0x1b8 ./Drivers/STM32F4xx_HAL_Driver/Src/stm32f4xx_ll_usb.o
                0x0000000008008b28                USB_DeactivateEndpoint
 .text.USB_EPStartXfer
                0x0000000008008ce0      0x488 ./Drivers/STM32F4xx_HAL_Driver/Src/stm32f4xx_ll_usb.o
                0x0000000008008ce0                USB_EPStartXfer
 .text.USB_EP0StartXfer
                0x0000000008009168      0x2a6 ./Drivers/STM32F4xx_HAL_Driver/Src/stm32f4xx_ll_usb.o
                0x0000000008009168                USB_EP0StartXfer
 .text.USB_WritePacket
                0x000000000800940e       0x7c ./Drivers/STM32F4xx_HAL_Driver/Src/stm32f4xx_ll_usb.o
                0x000000000800940e                USB_WritePacket
 .text.USB_ReadPacket
                0x000000000800948a       0xb0 ./Drivers/STM32F4xx_HAL_Driver/Src/stm32f4xx_ll_usb.o
                0x000000000800948a                USB_ReadPacket
 .text.USB_EPSetStall
                0x000000000800953a       0xdc ./Drivers/STM32F4xx_HAL_Driver/Src/stm32f4xx_ll_usb.o
                0x000000000800953a                USB_EPSetStall
 .text.USB_EPClearStall
                0x0000000008009616       0xcc ./Drivers/STM32F4xx_HAL_Driver/Src/stm32f4xx_ll_usb.o
                0x0000000008009616                USB_EPClearStall
 .text.USB_SetDevAddress
                0x00000000080096e2       0x4c ./Drivers/STM32F4xx_HAL_Driver/Src/stm32f4xx_ll_usb.o
                0x00000000080096e2                USB_SetDevAddress
 .text.USB_DevConnect
                0x000000000800972e       0x42 ./Drivers/STM32F4xx_HAL_Driver/Src/stm32f4xx_ll_usb.o
                0x000000000800972e                USB_DevConnect
 .text.USB_DevDisconnect
                0x0000000008009770       0x42 ./Drivers/STM32F4xx_HAL_Driver/Src/stm32f4xx_ll_usb.o
                0x0000000008009770                USB_DevDisconnect
 .text.USB_ReadInterrupts
                0x00000000080097b2       0x26 ./Drivers/STM32F4xx_HAL_Driver/Src/stm32f4xx_ll_usb.o
                0x00000000080097b2                USB_ReadInterrupts
 .text.USB_ReadDevAllOutEpInterrupt
                0x00000000080097d8       0x34 ./Drivers/STM32F4xx_HAL_Driver/Src/stm32f4xx_ll_usb.o
                0x00000000080097d8                USB_ReadDevAllOutEpInterrupt
 .text.USB_ReadDevAllInEpInterrupt
                0x000000000800980c       0x34 ./Drivers/STM32F4xx_HAL_Driver/Src/stm32f4xx_ll_usb.o
                0x000000000800980c                USB_ReadDevAllInEpInterrupt
 .text.USB_ReadDevOutEPInterrupt
                0x0000000008009840       0x3c ./Drivers/STM32F4xx_HAL_Driver/Src/stm32f4xx_ll_usb.o
                0x0000000008009840                USB_ReadDevOutEPInterrupt
 .text.USB_ReadDevInEPInterrupt
                0x000000000800987c       0x5c ./Drivers/STM32F4xx_HAL_Driver/Src/stm32f4xx_ll_usb.o
                0x000000000800987c                USB_ReadDevInEPInterrupt
 .text.USB_GetMode
                0x00000000080098d8       0x1c ./Drivers/STM32F4xx_HAL_Driver/Src/stm32f4xx_ll_usb.o
                0x00000000080098d8                USB_GetMode
 .text.USB_ActivateSetup
                0x00000000080098f4       0x46 ./Drivers/STM32F4xx_HAL_Driver/Src/stm32f4xx_ll_usb.o
                0x00000000080098f4                USB_ActivateSetup
 *fill*         0x000000000800993a        0x2 
 .text.USB_EP0_OutStart
                0x000000000800993c       0xbc ./Drivers/STM32F4xx_HAL_Driver/Src/stm32f4xx_ll_usb.o
                0x000000000800993c                USB_EP0_OutStart
 .text.USB_CoreReset
                0x00000000080099f8       0x64 ./Drivers/STM32F4xx_HAL_Driver/Src/stm32f4xx_ll_usb.o
 .text.MX_FATFS_Init
                0x0000000008009a5c       0x24 ./FATFS/App/fatfs.o
                0x0000000008009a5c                MX_FATFS_Init
 .text.BSP_SD_Init
                0x0000000008009a80       0x4c ./FATFS/Target/bsp_driver_sd.o
                0x0000000008009a80                BSP_SD_Init
 .text.BSP_SD_ReadBlocks
                0x0000000008009acc       0x3c ./FATFS/Target/bsp_driver_sd.o
                0x0000000008009acc                BSP_SD_ReadBlocks
 .text.BSP_SD_WriteBlocks
                0x0000000008009b08       0x3c ./FATFS/Target/bsp_driver_sd.o
                0x0000000008009b08                BSP_SD_WriteBlocks
 .text.BSP_SD_GetCardState
                0x0000000008009b44       0x20 ./FATFS/Target/bsp_driver_sd.o
                0x0000000008009b44                BSP_SD_GetCardState
 .text.BSP_SD_GetCardInfo
                0x0000000008009b64       0x1c ./FATFS/Target/bsp_driver_sd.o
                0x0000000008009b64                BSP_SD_GetCardInfo
 .text.HAL_SD_AbortCallback
                0x0000000008009b80       0x14 ./FATFS/Target/bsp_driver_sd.o
                0x0000000008009b80                HAL_SD_AbortCallback
 .text.HAL_SD_TxCpltCallback
                0x0000000008009b94       0x14 ./FATFS/Target/bsp_driver_sd.o
                0x0000000008009b94                HAL_SD_TxCpltCallback
 .text.HAL_SD_RxCpltCallback
                0x0000000008009ba8       0x14 ./FATFS/Target/bsp_driver_sd.o
                0x0000000008009ba8                HAL_SD_RxCpltCallback
 .text.BSP_SD_AbortCallback
                0x0000000008009bbc        0xe ./FATFS/Target/bsp_driver_sd.o
                0x0000000008009bbc                BSP_SD_AbortCallback
 .text.BSP_SD_WriteCpltCallback
                0x0000000008009bca        0xe ./FATFS/Target/bsp_driver_sd.o
                0x0000000008009bca                BSP_SD_WriteCpltCallback
 .text.BSP_SD_ReadCpltCallback
                0x0000000008009bd8        0xe ./FATFS/Target/bsp_driver_sd.o
                0x0000000008009bd8                BSP_SD_ReadCpltCallback
 .text.BSP_SD_IsDetected
                0x0000000008009be6       0x24 ./FATFS/Target/bsp_driver_sd.o
                0x0000000008009be6                BSP_SD_IsDetected
 *fill*         0x0000000008009c0a        0x2 
 .text.BSP_PlatformIsDetected
                0x0000000008009c0c       0x2c ./FATFS/Target/fatfs_platform.o
                0x0000000008009c0c                BSP_PlatformIsDetected
 .text.SD_CheckStatus
                0x0000000008009c38       0x3c ./FATFS/Target/sd_diskio.o
 .text.SD_initialize
                0x0000000008009c74       0x3c ./FATFS/Target/sd_diskio.o
                0x0000000008009c74                SD_initialize
 .text.SD_status
                0x0000000008009cb0       0x1c ./FATFS/Target/sd_diskio.o
                0x0000000008009cb0                SD_status
 .text.SD_read  0x0000000008009ccc       0x42 ./FATFS/Target/sd_diskio.o
                0x0000000008009ccc                SD_read
 .text.SD_write
                0x0000000008009d0e       0x42 ./FATFS/Target/sd_diskio.o
                0x0000000008009d0e                SD_write
 .text.SD_ioctl
                0x0000000008009d50       0xb0 ./FATFS/Target/sd_diskio.o
                0x0000000008009d50                SD_ioctl
 .text.USBD_CDC_Init
                0x0000000008009e00       0xfe ./Middlewares/ST/STM32_USB_Device_Library/Class/CDC/Src/usbd_cdc.o
 .text.USBD_CDC_DeInit
                0x0000000008009efe       0x74 ./Middlewares/ST/STM32_USB_Device_Library/Class/CDC/Src/usbd_cdc.o
 *fill*         0x0000000008009f72        0x2 
 .text.USBD_CDC_Setup
                0x0000000008009f74      0x190 ./Middlewares/ST/STM32_USB_Device_Library/Class/CDC/Src/usbd_cdc.o
 .text.USBD_CDC_DataIn
                0x000000000800a104       0xca ./Middlewares/ST/STM32_USB_Device_Library/Class/CDC/Src/usbd_cdc.o
 .text.USBD_CDC_DataOut
                0x000000000800a1ce       0x56 ./Middlewares/ST/STM32_USB_Device_Library/Class/CDC/Src/usbd_cdc.o
 .text.USBD_CDC_EP0_RxReady
                0x000000000800a224       0x5a ./Middlewares/ST/STM32_USB_Device_Library/Class/CDC/Src/usbd_cdc.o
 *fill*         0x000000000800a27e        0x2 
 .text.USBD_CDC_GetFSCfgDesc
                0x000000000800a280       0x20 ./Middlewares/ST/STM32_USB_Device_Library/Class/CDC/Src/usbd_cdc.o
 .text.USBD_CDC_GetHSCfgDesc
                0x000000000800a2a0       0x20 ./Middlewares/ST/STM32_USB_Device_Library/Class/CDC/Src/usbd_cdc.o
 .text.USBD_CDC_GetOtherSpeedCfgDesc
                0x000000000800a2c0       0x20 ./Middlewares/ST/STM32_USB_Device_Library/Class/CDC/Src/usbd_cdc.o
 .text.USBD_CDC_GetDeviceQualifierDescriptor
                0x000000000800a2e0       0x20 ./Middlewares/ST/STM32_USB_Device_Library/Class/CDC/Src/usbd_cdc.o
                0x000000000800a2e0                USBD_CDC_GetDeviceQualifierDescriptor
 .text.USBD_CDC_RegisterInterface
                0x000000000800a300       0x2a ./Middlewares/ST/STM32_USB_Device_Library/Class/CDC/Src/usbd_cdc.o
                0x000000000800a300                USBD_CDC_RegisterInterface
 .text.USBD_CDC_SetTxBuffer
                0x000000000800a32a       0x3c ./Middlewares/ST/STM32_USB_Device_Library/Class/CDC/Src/usbd_cdc.o
                0x000000000800a32a                USBD_CDC_SetTxBuffer
 .text.USBD_CDC_SetRxBuffer
                0x000000000800a366       0x32 ./Middlewares/ST/STM32_USB_Device_Library/Class/CDC/Src/usbd_cdc.o
                0x000000000800a366                USBD_CDC_SetRxBuffer
 .text.USBD_CDC_ReceivePacket
                0x000000000800a398       0x54 ./Middlewares/ST/STM32_USB_Device_Library/Class/CDC/Src/usbd_cdc.o
                0x000000000800a398                USBD_CDC_ReceivePacket
 .text.USBD_Init
                0x000000000800a3ec       0x60 ./Middlewares/ST/STM32_USB_Device_Library/Core/Src/usbd_core.o
                0x000000000800a3ec                USBD_Init
 .text.USBD_RegisterClass
                0x000000000800a44c       0x4e ./Middlewares/ST/STM32_USB_Device_Library/Core/Src/usbd_core.o
                0x000000000800a44c                USBD_RegisterClass
 .text.USBD_Start
                0x000000000800a49a       0x18 ./Middlewares/ST/STM32_USB_Device_Library/Core/Src/usbd_core.o
                0x000000000800a49a                USBD_Start
 .text.USBD_RunTestMode
                0x000000000800a4b2       0x16 ./Middlewares/ST/STM32_USB_Device_Library/Core/Src/usbd_core.o
                0x000000000800a4b2                USBD_RunTestMode
 .text.USBD_SetClassConfig
                0x000000000800a4c8       0x38 ./Middlewares/ST/STM32_USB_Device_Library/Core/Src/usbd_core.o
                0x000000000800a4c8                USBD_SetClassConfig
 .text.USBD_ClrClassConfig
                0x000000000800a500       0x30 ./Middlewares/ST/STM32_USB_Device_Library/Core/Src/usbd_core.o
                0x000000000800a500                USBD_ClrClassConfig
 .text.USBD_LL_SetupStage
                0x000000000800a530       0xaa ./Middlewares/ST/STM32_USB_Device_Library/Core/Src/usbd_core.o
                0x000000000800a530                USBD_LL_SetupStage
 .text.USBD_LL_DataOutStage
                0x000000000800a5da       0xc6 ./Middlewares/ST/STM32_USB_Device_Library/Core/Src/usbd_core.o
                0x000000000800a5da                USBD_LL_DataOutStage
 .text.USBD_LL_DataInStage
                0x000000000800a6a0      0x12c ./Middlewares/ST/STM32_USB_Device_Library/Core/Src/usbd_core.o
                0x000000000800a6a0                USBD_LL_DataInStage
 .text.USBD_LL_Reset
                0x000000000800a7cc       0x9c ./Middlewares/ST/STM32_USB_Device_Library/Core/Src/usbd_core.o
                0x000000000800a7cc                USBD_LL_Reset
 .text.USBD_LL_SetSpeed
                0x000000000800a868       0x20 ./Middlewares/ST/STM32_USB_Device_Library/Core/Src/usbd_core.o
                0x000000000800a868                USBD_LL_SetSpeed
 .text.USBD_LL_Suspend
                0x000000000800a888       0x2c ./Middlewares/ST/STM32_USB_Device_Library/Core/Src/usbd_core.o
                0x000000000800a888                USBD_LL_Suspend
 .text.USBD_LL_Resume
                0x000000000800a8b4       0x30 ./Middlewares/ST/STM32_USB_Device_Library/Core/Src/usbd_core.o
                0x000000000800a8b4                USBD_LL_Resume
 .text.USBD_LL_SOF
                0x000000000800a8e4       0x44 ./Middlewares/ST/STM32_USB_Device_Library/Core/Src/usbd_core.o
                0x000000000800a8e4                USBD_LL_SOF
 .text.USBD_LL_IsoINIncomplete
                0x000000000800a928       0x4c ./Middlewares/ST/STM32_USB_Device_Library/Core/Src/usbd_core.o
                0x000000000800a928                USBD_LL_IsoINIncomplete
 .text.USBD_LL_IsoOUTIncomplete
                0x000000000800a974       0x4c ./Middlewares/ST/STM32_USB_Device_Library/Core/Src/usbd_core.o
                0x000000000800a974                USBD_LL_IsoOUTIncomplete
 .text.USBD_LL_DevConnected
                0x000000000800a9c0       0x16 ./Middlewares/ST/STM32_USB_Device_Library/Core/Src/usbd_core.o
                0x000000000800a9c0                USBD_LL_DevConnected
 .text.USBD_LL_DevDisconnected
                0x000000000800a9d6       0x38 ./Middlewares/ST/STM32_USB_Device_Library/Core/Src/usbd_core.o
                0x000000000800a9d6                USBD_LL_DevDisconnected
 .text.SWAPBYTE
                0x000000000800aa0e       0x3c ./Middlewares/ST/STM32_USB_Device_Library/Core/Src/usbd_ctlreq.o
 *fill*         0x000000000800aa4a        0x2 
 .text.USBD_StdDevReq
                0x000000000800aa4c       0xdc ./Middlewares/ST/STM32_USB_Device_Library/Core/Src/usbd_ctlreq.o
                0x000000000800aa4c                USBD_StdDevReq
 .text.USBD_StdItfReq
                0x000000000800ab28       0x92 ./Middlewares/ST/STM32_USB_Device_Library/Core/Src/usbd_ctlreq.o
                0x000000000800ab28                USBD_StdItfReq
 .text.USBD_StdEPReq
                0x000000000800abba      0x2c4 ./Middlewares/ST/STM32_USB_Device_Library/Core/Src/usbd_ctlreq.o
                0x000000000800abba                USBD_StdEPReq
 *fill*         0x000000000800ae7e        0x2 
 .text.USBD_GetDescriptor
                0x000000000800ae80      0x2d4 ./Middlewares/ST/STM32_USB_Device_Library/Core/Src/usbd_ctlreq.o
 .text.USBD_SetAddress
                0x000000000800b154       0x88 ./Middlewares/ST/STM32_USB_Device_Library/Core/Src/usbd_ctlreq.o
 .text.USBD_SetConfig
                0x000000000800b1dc      0x14c ./Middlewares/ST/STM32_USB_Device_Library/Core/Src/usbd_ctlreq.o
 .text.USBD_GetConfig
                0x000000000800b328       0x6c ./Middlewares/ST/STM32_USB_Device_Library/Core/Src/usbd_ctlreq.o
 .text.USBD_GetStatus
                0x000000000800b394       0x68 ./Middlewares/ST/STM32_USB_Device_Library/Core/Src/usbd_ctlreq.o
 .text.USBD_SetFeature
                0x000000000800b3fc       0x28 ./Middlewares/ST/STM32_USB_Device_Library/Core/Src/usbd_ctlreq.o
 .text.USBD_ClrFeature
                0x000000000800b424       0x44 ./Middlewares/ST/STM32_USB_Device_Library/Core/Src/usbd_ctlreq.o
 .text.USBD_ParseSetupRequest
                0x000000000800b468       0x74 ./Middlewares/ST/STM32_USB_Device_Library/Core/Src/usbd_ctlreq.o
                0x000000000800b468                USBD_ParseSetupRequest
 .text.USBD_CtlError
                0x000000000800b4dc       0x22 ./Middlewares/ST/STM32_USB_Device_Library/Core/Src/usbd_ctlreq.o
                0x000000000800b4dc                USBD_CtlError
 .text.USBD_GetString
                0x000000000800b4fe       0x8c ./Middlewares/ST/STM32_USB_Device_Library/Core/Src/usbd_ctlreq.o
                0x000000000800b4fe                USBD_GetString
 .text.USBD_GetLen
                0x000000000800b58a       0x34 ./Middlewares/ST/STM32_USB_Device_Library/Core/Src/usbd_ctlreq.o
 .text.USBD_CtlSendData
                0x000000000800b5be       0x36 ./Middlewares/ST/STM32_USB_Device_Library/Core/Src/usbd_ioreq.o
                0x000000000800b5be                USBD_CtlSendData
 .text.USBD_CtlContinueSendData
                0x000000000800b5f4       0x22 ./Middlewares/ST/STM32_USB_Device_Library/Core/Src/usbd_ioreq.o
                0x000000000800b5f4                USBD_CtlContinueSendData
 .text.USBD_CtlPrepareRx
                0x000000000800b616       0x3a ./Middlewares/ST/STM32_USB_Device_Library/Core/Src/usbd_ioreq.o
                0x000000000800b616                USBD_CtlPrepareRx
 .text.USBD_CtlContinueRx
                0x000000000800b650       0x22 ./Middlewares/ST/STM32_USB_Device_Library/Core/Src/usbd_ioreq.o
                0x000000000800b650                USBD_CtlContinueRx
 .text.USBD_CtlSendStatus
                0x000000000800b672       0x26 ./Middlewares/ST/STM32_USB_Device_Library/Core/Src/usbd_ioreq.o
                0x000000000800b672                USBD_CtlSendStatus
 .text.USBD_CtlReceiveStatus
                0x000000000800b698       0x26 ./Middlewares/ST/STM32_USB_Device_Library/Core/Src/usbd_ioreq.o
                0x000000000800b698                USBD_CtlReceiveStatus
 *fill*         0x000000000800b6be        0x2 
 .text.FATFS_LinkDriverEx
                0x000000000800b6c0       0x98 ./Middlewares/Third_Party/FatFs/src/ff_gen_drv.o
                0x000000000800b6c0                FATFS_LinkDriverEx
 .text.FATFS_LinkDriver
                0x000000000800b758       0x1e ./Middlewares/Third_Party/FatFs/src/ff_gen_drv.o
                0x000000000800b758                FATFS_LinkDriver
 *fill*         0x000000000800b776        0x2 
 .text.MX_USB_DEVICE_Init
                0x000000000800b778       0x60 ./USB_DEVICE/App/usb_device.o
                0x000000000800b778                MX_USB_DEVICE_Init
 .text.CDC_Init_FS
                0x000000000800b7d8       0x28 ./USB_DEVICE/App/usbd_cdc_if.o
 .text.CDC_DeInit_FS
                0x000000000800b800       0x10 ./USB_DEVICE/App/usbd_cdc_if.o
 .text.CDC_Control_FS
                0x000000000800b810       0xbc ./USB_DEVICE/App/usbd_cdc_if.o
 .text.CDC_Receive_FS
                0x000000000800b8cc       0x28 ./USB_DEVICE/App/usbd_cdc_if.o
 .text.CDC_TransmitCplt_FS
                0x000000000800b8f4       0x22 ./USB_DEVICE/App/usbd_cdc_if.o
 *fill*         0x000000000800b916        0x2 
 .text.USBD_FS_DeviceDescriptor
                0x000000000800b918       0x24 ./USB_DEVICE/App/usbd_desc.o
                0x000000000800b918                USBD_FS_DeviceDescriptor
 .text.USBD_FS_LangIDStrDescriptor
                0x000000000800b93c       0x24 ./USB_DEVICE/App/usbd_desc.o
                0x000000000800b93c                USBD_FS_LangIDStrDescriptor
 .text.USBD_FS_ProductStrDescriptor
                0x000000000800b960       0x3c ./USB_DEVICE/App/usbd_desc.o
                0x000000000800b960                USBD_FS_ProductStrDescriptor
 .text.USBD_FS_ManufacturerStrDescriptor
                0x000000000800b99c       0x28 ./USB_DEVICE/App/usbd_desc.o
                0x000000000800b99c                USBD_FS_ManufacturerStrDescriptor
 .text.USBD_FS_SerialStrDescriptor
                0x000000000800b9c4       0x24 ./USB_DEVICE/App/usbd_desc.o
                0x000000000800b9c4                USBD_FS_SerialStrDescriptor
 .text.USBD_FS_ConfigStrDescriptor
                0x000000000800b9e8       0x3c ./USB_DEVICE/App/usbd_desc.o
                0x000000000800b9e8                USBD_FS_ConfigStrDescriptor
 .text.USBD_FS_InterfaceStrDescriptor
                0x000000000800ba24       0x3c ./USB_DEVICE/App/usbd_desc.o
                0x000000000800ba24                USBD_FS_InterfaceStrDescriptor
 .text.Get_SerialNum
                0x000000000800ba60       0x58 ./USB_DEVICE/App/usbd_desc.o
 .text.IntToUnicode
                0x000000000800bab8       0x7e ./USB_DEVICE/App/usbd_desc.o
 *fill*         0x000000000800bb36        0x2 
 .text.HAL_PCD_MspInit
                0x000000000800bb38       0xc4 ./USB_DEVICE/Target/usbd_conf.o
                0x000000000800bb38                HAL_PCD_MspInit
 .text.HAL_PCD_SetupStageCallback
                0x000000000800bbfc       0x24 ./USB_DEVICE/Target/usbd_conf.o
                0x000000000800bbfc                HAL_PCD_SetupStageCallback
 .text.HAL_PCD_DataOutStageCallback
                0x000000000800bc20       0x36 ./USB_DEVICE/Target/usbd_conf.o
                0x000000000800bc20                HAL_PCD_DataOutStageCallback
 .text.HAL_PCD_DataInStageCallback
                0x000000000800bc56       0x34 ./USB_DEVICE/Target/usbd_conf.o
                0x000000000800bc56                HAL_PCD_DataInStageCallback
 .text.HAL_PCD_SOFCallback
                0x000000000800bc8a       0x1c ./USB_DEVICE/Target/usbd_conf.o
                0x000000000800bc8a                HAL_PCD_SOFCallback
 .text.HAL_PCD_ResetCallback
                0x000000000800bca6       0x50 ./USB_DEVICE/Target/usbd_conf.o
                0x000000000800bca6                HAL_PCD_ResetCallback
 *fill*         0x000000000800bcf6        0x2 
 .text.HAL_PCD_SuspendCallback
                0x000000000800bcf8       0x4c ./USB_DEVICE/Target/usbd_conf.o
                0x000000000800bcf8                HAL_PCD_SuspendCallback
 .text.HAL_PCD_ResumeCallback
                0x000000000800bd44       0x1c ./USB_DEVICE/Target/usbd_conf.o
                0x000000000800bd44                HAL_PCD_ResumeCallback
 .text.HAL_PCD_ISOOUTIncompleteCallback
                0x000000000800bd60       0x24 ./USB_DEVICE/Target/usbd_conf.o
                0x000000000800bd60                HAL_PCD_ISOOUTIncompleteCallback
 .text.HAL_PCD_ISOINIncompleteCallback
                0x000000000800bd84       0x24 ./USB_DEVICE/Target/usbd_conf.o
                0x000000000800bd84                HAL_PCD_ISOINIncompleteCallback
 .text.HAL_PCD_ConnectCallback
                0x000000000800bda8       0x1c ./USB_DEVICE/Target/usbd_conf.o
                0x000000000800bda8                HAL_PCD_ConnectCallback
 .text.HAL_PCD_DisconnectCallback
                0x000000000800bdc4       0x1c ./USB_DEVICE/Target/usbd_conf.o
                0x000000000800bdc4                HAL_PCD_DisconnectCallback
 .text.USBD_LL_Init
                0x000000000800bde0       0x98 ./USB_DEVICE/Target/usbd_conf.o
                0x000000000800bde0                USBD_LL_Init
 .text.USBD_LL_Start
                0x000000000800be78       0x36 ./USB_DEVICE/Target/usbd_conf.o
                0x000000000800be78                USBD_LL_Start
 .text.USBD_LL_OpenEP
                0x000000000800beae       0x4c ./USB_DEVICE/Target/usbd_conf.o
                0x000000000800beae                USBD_LL_OpenEP
 .text.USBD_LL_CloseEP
                0x000000000800befa       0x3e ./USB_DEVICE/Target/usbd_conf.o
                0x000000000800befa                USBD_LL_CloseEP
 .text.USBD_LL_StallEP
                0x000000000800bf38       0x3e ./USB_DEVICE/Target/usbd_conf.o
                0x000000000800bf38                USBD_LL_StallEP
 .text.USBD_LL_ClearStallEP
                0x000000000800bf76       0x3e ./USB_DEVICE/Target/usbd_conf.o
                0x000000000800bf76                USBD_LL_ClearStallEP
 .text.USBD_LL_IsStallEP
                0x000000000800bfb4       0x58 ./USB_DEVICE/Target/usbd_conf.o
                0x000000000800bfb4                USBD_LL_IsStallEP
 .text.USBD_LL_SetUSBAddress
                0x000000000800c00c       0x3e ./USB_DEVICE/Target/usbd_conf.o
                0x000000000800c00c                USBD_LL_SetUSBAddress
 .text.USBD_LL_Transmit
                0x000000000800c04a       0x42 ./USB_DEVICE/Target/usbd_conf.o
                0x000000000800c04a                USBD_LL_Transmit
 .text.USBD_LL_PrepareReceive
                0x000000000800c08c       0x42 ./USB_DEVICE/Target/usbd_conf.o
                0x000000000800c08c                USBD_LL_PrepareReceive
 .text.USBD_LL_GetRxDataSize
                0x000000000800c0ce       0x26 ./USB_DEVICE/Target/usbd_conf.o
                0x000000000800c0ce                USBD_LL_GetRxDataSize
 .text.USBD_static_malloc
                0x000000000800c0f4       0x1c ./USB_DEVICE/Target/usbd_conf.o
                0x000000000800c0f4                USBD_static_malloc
 .text.USBD_static_free
                0x000000000800c110       0x14 ./USB_DEVICE/Target/usbd_conf.o
                0x000000000800c110                USBD_static_free
 .text.USBD_Get_USB_Status
                0x000000000800c124       0x58 ./USB_DEVICE/Target/usbd_conf.o
                0x000000000800c124                USBD_Get_USB_Status
 .text.__libc_init_array
                0x000000000800c17c       0x48 c:/st/stm32cubeide_1.7.0/stm32cubeide/plugins/com.st.stm32cube.ide.mcu.externaltools.gnu-tools-for-stm32.9-2020-q2-update.win32_2.0.0.202105311346/tools/bin/../lib/gcc/arm-none-eabi/9.3.1/../../../../arm-none-eabi/lib/thumb/v7e-m+fp/hard\libc_nano.a(lib_a-init.o)
                0x000000000800c17c                __libc_init_array
 .text.memset   0x000000000800c1c4       0x10 c:/st/stm32cubeide_1.7.0/stm32cubeide/plugins/com.st.stm32cube.ide.mcu.externaltools.gnu-tools-for-stm32.9-2020-q2-update.win32_2.0.0.202105311346/tools/bin/../lib/gcc/arm-none-eabi/9.3.1/../../../../arm-none-eabi/lib/thumb/v7e-m+fp/hard\libc_nano.a(lib_a-memset.o)
                0x000000000800c1c4                memset
 *(.glue_7)
 .glue_7        0x000000000800c1d4        0x0 linker stubs
 *(.glue_7t)
 .glue_7t       0x000000000800c1d4        0x0 linker stubs
 *(.eh_frame)
 .eh_frame      0x000000000800c1d4        0x0 c:/st/stm32cubeide_1.7.0/stm32cubeide/plugins/com.st.stm32cube.ide.mcu.externaltools.gnu-tools-for-stm32.9-2020-q2-update.win32_2.0.0.202105311346/tools/bin/../lib/gcc/arm-none-eabi/9.3.1/thumb/v7e-m+fp/hard/crtbegin.o
 *(.init)
 .init          0x000000000800c1d4        0x4 c:/st/stm32cubeide_1.7.0/stm32cubeide/plugins/com.st.stm32cube.ide.mcu.externaltools.gnu-tools-for-stm32.9-2020-q2-update.win32_2.0.0.202105311346/tools/bin/../lib/gcc/arm-none-eabi/9.3.1/thumb/v7e-m+fp/hard/crti.o
                0x000000000800c1d4                _init
 .init          0x000000000800c1d8        0x8 c:/st/stm32cubeide_1.7.0/stm32cubeide/plugins/com.st.stm32cube.ide.mcu.externaltools.gnu-tools-for-stm32.9-2020-q2-update.win32_2.0.0.202105311346/tools/bin/../lib/gcc/arm-none-eabi/9.3.1/thumb/v7e-m+fp/hard/crtn.o
 *(.fini)
 .fini          0x000000000800c1e0        0x4 c:/st/stm32cubeide_1.7.0/stm32cubeide/plugins/com.st.stm32cube.ide.mcu.externaltools.gnu-tools-for-stm32.9-2020-q2-update.win32_2.0.0.202105311346/tools/bin/../lib/gcc/arm-none-eabi/9.3.1/thumb/v7e-m+fp/hard/crti.o
                0x000000000800c1e0                _fini
 .fini          0x000000000800c1e4        0x8 c:/st/stm32cubeide_1.7.0/stm32cubeide/plugins/com.st.stm32cube.ide.mcu.externaltools.gnu-tools-for-stm32.9-2020-q2-update.win32_2.0.0.202105311346/tools/bin/../lib/gcc/arm-none-eabi/9.3.1/thumb/v7e-m+fp/hard/crtn.o
                0x000000000800c1ec                . = ALIGN (0x4)
                0x000000000800c1ec                _etext = .

.vfp11_veneer   0x000000000800c1ec        0x0
 .vfp11_veneer  0x000000000800c1ec        0x0 linker stubs

.v4_bx          0x000000000800c1ec        0x0
 .v4_bx         0x000000000800c1ec        0x0 linker stubs

.iplt           0x000000000800c1ec        0x0
 .iplt          0x000000000800c1ec        0x0 c:/st/stm32cubeide_1.7.0/stm32cubeide/plugins/com.st.stm32cube.ide.mcu.externaltools.gnu-tools-for-stm32.9-2020-q2-update.win32_2.0.0.202105311346/tools/bin/../lib/gcc/arm-none-eabi/9.3.1/thumb/v7e-m+fp/hard/crtbegin.o

.rodata         0x000000000800c1ec       0x7c
                0x000000000800c1ec                . = ALIGN (0x4)
 *(.rodata)
 .rodata        0x000000000800c1ec       0x46 ./USB_DEVICE/App/usbd_desc.o
 *(.rodata*)
 *fill*         0x000000000800c232        0x2 
 .rodata.AHBPrescTable
                0x000000000800c234       0x10 ./Core/Src/system_stm32f4xx.o
                0x000000000800c234                AHBPrescTable
 .rodata.APBPrescTable
                0x000000000800c244        0x8 ./Core/Src/system_stm32f4xx.o
                0x000000000800c244                APBPrescTable
 .rodata.flagBitshiftOffset.9471
                0x000000000800c24c        0x8 ./Drivers/STM32F4xx_HAL_Driver/Src/stm32f4xx_hal_dma.o
 .rodata.SD_Driver
                0x000000000800c254       0x14 ./FATFS/Target/sd_diskio.o
                0x000000000800c254                SD_Driver
                0x000000000800c268                . = ALIGN (0x4)

.ARM.extab      0x000000000800c268        0x0
                0x000000000800c268                . = ALIGN (0x4)
 *(.ARM.extab* .gnu.linkonce.armextab.*)
                0x000000000800c268                . = ALIGN (0x4)

.ARM            0x000000000800c268        0x8
                0x000000000800c268                . = ALIGN (0x4)
                0x000000000800c268                __exidx_start = .
 *(.ARM.exidx*)
 .ARM.exidx     0x000000000800c268        0x8 c:/st/stm32cubeide_1.7.0/stm32cubeide/plugins/com.st.stm32cube.ide.mcu.externaltools.gnu-tools-for-stm32.9-2020-q2-update.win32_2.0.0.202105311346/tools/bin/../lib/gcc/arm-none-eabi/9.3.1/thumb/v7e-m+fp/hard\libgcc.a(_udivmoddi4.o)
                0x000000000800c270                __exidx_end = .
                0x000000000800c270                . = ALIGN (0x4)

.rel.dyn        0x000000000800c270        0x0
 .rel.iplt      0x000000000800c270        0x0 c:/st/stm32cubeide_1.7.0/stm32cubeide/plugins/com.st.stm32cube.ide.mcu.externaltools.gnu-tools-for-stm32.9-2020-q2-update.win32_2.0.0.202105311346/tools/bin/../lib/gcc/arm-none-eabi/9.3.1/thumb/v7e-m+fp/hard/crtbegin.o

.preinit_array  0x000000000800c270        0x0
                0x000000000800c270                . = ALIGN (0x4)
                0x000000000800c270                PROVIDE (__preinit_array_start = .)
 *(.preinit_array*)
                0x000000000800c270                PROVIDE (__preinit_array_end = .)
                0x000000000800c270                . = ALIGN (0x4)

.init_array     0x000000000800c270        0x4
                0x000000000800c270                . = ALIGN (0x4)
                0x000000000800c270                PROVIDE (__init_array_start = .)
 *(SORT_BY_NAME(.init_array.*))
 *(.init_array*)
 .init_array    0x000000000800c270        0x4 c:/st/stm32cubeide_1.7.0/stm32cubeide/plugins/com.st.stm32cube.ide.mcu.externaltools.gnu-tools-for-stm32.9-2020-q2-update.win32_2.0.0.202105311346/tools/bin/../lib/gcc/arm-none-eabi/9.3.1/thumb/v7e-m+fp/hard/crtbegin.o
                0x000000000800c274                PROVIDE (__init_array_end = .)
                0x000000000800c274                . = ALIGN (0x4)

.fini_array     0x000000000800c274        0x4
                0x000000000800c274                . = ALIGN (0x4)
                [!provide]                        PROVIDE (__fini_array_start = .)
 *(SORT_BY_NAME(.fini_array.*))
 *(.fini_array*)
 .fini_array    0x000000000800c274        0x4 c:/st/stm32cubeide_1.7.0/stm32cubeide/plugins/com.st.stm32cube.ide.mcu.externaltools.gnu-tools-for-stm32.9-2020-q2-update.win32_2.0.0.202105311346/tools/bin/../lib/gcc/arm-none-eabi/9.3.1/thumb/v7e-m+fp/hard/crtbegin.o
                [!provide]                        PROVIDE (__fini_array_end = .)
                0x000000000800c278                . = ALIGN (0x4)
                0x000000000800c278                _sidata = LOADADDR (.data)

.data           0x0000000020000000      0x180 load address 0x000000000800c278
                0x0000000020000000                . = ALIGN (0x4)
                0x0000000020000000                _sdata = .
 *(.data)
 *(.data*)
 .data.SystemCoreClock
                0x0000000020000000        0x4 ./Core/Src/system_stm32f4xx.o
                0x0000000020000000                SystemCoreClock
 .data.uwTickPrio
                0x0000000020000004        0x4 ./Drivers/STM32F4xx_HAL_Driver/Src/stm32f4xx_hal.o
                0x0000000020000004                uwTickPrio
 .data.uwTickFreq
                0x0000000020000008        0x1 ./Drivers/STM32F4xx_HAL_Driver/Src/stm32f4xx_hal.o
                0x0000000020000008                uwTickFreq
 .data.Stat     0x0000000020000009        0x1 ./FATFS/Target/sd_diskio.o
 *fill*         0x000000002000000a        0x2 
 .data.USBD_CDC_DeviceQualifierDesc
                0x000000002000000c        0xa ./Middlewares/ST/STM32_USB_Device_Library/Class/CDC/Src/usbd_cdc.o
 *fill*         0x0000000020000016        0x2 
 .data.USBD_CDC
                0x0000000020000018       0x38 ./Middlewares/ST/STM32_USB_Device_Library/Class/CDC/Src/usbd_cdc.o
                0x0000000020000018                USBD_CDC
 .data.USBD_CDC_CfgHSDesc
                0x0000000020000050       0x43 ./Middlewares/ST/STM32_USB_Device_Library/Class/CDC/Src/usbd_cdc.o
 *fill*         0x0000000020000093        0x1 
 .data.USBD_CDC_CfgFSDesc
                0x0000000020000094       0x43 ./Middlewares/ST/STM32_USB_Device_Library/Class/CDC/Src/usbd_cdc.o
 *fill*         0x00000000200000d7        0x1 
 .data.USBD_CDC_OtherSpeedCfgDesc
                0x00000000200000d8       0x43 ./Middlewares/ST/STM32_USB_Device_Library/Class/CDC/Src/usbd_cdc.o
 *fill*         0x000000002000011b        0x1 
 .data.USBD_Interface_fops_FS
                0x000000002000011c       0x14 ./USB_DEVICE/App/usbd_cdc_if.o
                0x000000002000011c                USBD_Interface_fops_FS
 .data.FS_Desc  0x0000000020000130       0x1c ./USB_DEVICE/App/usbd_desc.o
                0x0000000020000130                FS_Desc
 .data.USBD_FS_DeviceDesc
                0x000000002000014c       0x12 ./USB_DEVICE/App/usbd_desc.o
                0x000000002000014c                USBD_FS_DeviceDesc
 *fill*         0x000000002000015e        0x2 
 .data.USBD_LangIDDesc
                0x0000000020000160        0x4 ./USB_DEVICE/App/usbd_desc.o
                0x0000000020000160                USBD_LangIDDesc
 .data.USBD_StringSerial
                0x0000000020000164       0x1a ./USB_DEVICE/App/usbd_desc.o
                0x0000000020000164                USBD_StringSerial
 *(.RamFunc)
 *(.RamFunc*)
                0x0000000020000180                . = ALIGN (0x4)
 *fill*         0x000000002000017e        0x2 
                0x0000000020000180                _edata = .
                0x000000000800c3f8                _siccmram = LOADADDR (.ccmram)

.igot.plt       0x0000000020000180        0x0 load address 0x000000000800c3f8
 .igot.plt      0x0000000020000180        0x0 c:/st/stm32cubeide_1.7.0/stm32cubeide/plugins/com.st.stm32cube.ide.mcu.externaltools.gnu-tools-for-stm32.9-2020-q2-update.win32_2.0.0.202105311346/tools/bin/../lib/gcc/arm-none-eabi/9.3.1/thumb/v7e-m+fp/hard/crtbegin.o

.ccmram         0x0000000010000000        0x0 load address 0x000000000800c3f8
                0x0000000010000000                . = ALIGN (0x4)
                0x0000000010000000                _sccmram = .
 *(.ccmram)
 *(.ccmram*)
                0x0000000010000000                . = ALIGN (0x4)
                0x0000000010000000                _eccmram = .
                0x0000000010000000                . = ALIGN (0x4)

.bss            0x0000000020000180     0x2700
                0x0000000020000180                _sbss = .
                0x0000000020000180                __bss_start__ = _sbss
 *(.bss)
 .bss           0x0000000020000180       0x1c c:/st/stm32cubeide_1.7.0/stm32cubeide/plugins/com.st.stm32cube.ide.mcu.externaltools.gnu-tools-for-stm32.9-2020-q2-update.win32_2.0.0.202105311346/tools/bin/../lib/gcc/arm-none-eabi/9.3.1/thumb/v7e-m+fp/hard/crtbegin.o
 *(.bss*)
 .bss.cfgidx.11408
                0x000000002000019c        0x1 ./Middlewares/ST/STM32_USB_Device_Library/Core/Src/usbd_ctlreq.o
 *fill*         0x000000002000019d        0x3 
 .bss.disk      0x00000000200001a0        0xc ./Middlewares/Third_Party/FatFs/src/ff_gen_drv.o
                0x00000000200001a0                disk
 .bss.mem.11477
                0x00000000200001ac      0x220 ./USB_DEVICE/Target/usbd_conf.o
 *(COMMON)
 COMMON         0x00000000200003cc      0x770 ./Core/Src/main.o
                0x00000000200003cc                hdma_usart2_rx
                0x000000002000042c                hdma_usart6_rx
                0x000000002000048c                huart7
                0x00000000200004d0                hspi5
                0x0000000020000528                hdma_usart3_rx
                0x0000000020000588                huart3
                0x00000000200005cc                hcrc
                0x00000000200005d4                hdma_spi4_rx
                0x0000000020000634                hdma_usart3_tx
                0x0000000020000694                hadc1
                0x00000000200006dc                hdma_uart7_rx
                0x000000002000073c                hdma_uart8_rx
                0x000000002000079c                hdma_spi4_tx
                0x00000000200007fc                hspi4
                0x0000000020000854                hrtc
                0x0000000020000874                hdma_sdio_tx
                0x00000000200008d4                hsd
                0x0000000020000958                huart8
                0x000000002000099c                huart6
                0x00000000200009e0                hspi1
                0x0000000020000a38                huart2
                0x0000000020000a7c                hdma_spi1_rx
                0x0000000020000adc                hdma_spi1_tx
 COMMON         0x0000000020000b3c        0x4 ./Drivers/STM32F4xx_HAL_Driver/Src/stm32f4xx_hal.o
                0x0000000020000b3c                uwTick
 COMMON         0x0000000020000b40      0x468 ./FATFS/App/fatfs.o
                0x0000000020000b40                retSD
                0x0000000020000b44                SDPath
                0x0000000020000b48                SDFile
                0x0000000020000d78                SDFatFS
 COMMON         0x0000000020000fa8      0x2d0 ./USB_DEVICE/App/usb_device.o
                0x0000000020000fa8                hUsbDeviceFS
 COMMON         0x0000000020001278     0x1000 ./USB_DEVICE/App/usbd_cdc_if.o
                0x0000000020001278                UserRxBufferFS
                0x0000000020001a78                UserTxBufferFS
 COMMON         0x0000000020002278      0x200 ./USB_DEVICE/App/usbd_desc.o
                0x0000000020002278                USBD_StrDesc
 COMMON         0x0000000020002478      0x408 ./USB_DEVICE/Target/usbd_conf.o
                0x0000000020002478                hpcd_USB_OTG_FS
                0x0000000020002880                . = ALIGN (0x4)
                0x0000000020002880                _ebss = .
                0x0000000020002880                __bss_end__ = _ebss

._user_heap_stack
                0x0000000020002880      0x600
                0x0000000020002880                . = ALIGN (0x8)
                [!provide]                        PROVIDE (end = .)
                0x0000000020002880                PROVIDE (_end = .)
                0x0000000020002a80                . = (. + _Min_Heap_Size)
 *fill*         0x0000000020002880      0x200 
                0x0000000020002e80                . = (. + _Min_Stack_Size)
 *fill*         0x0000000020002a80      0x400 
                0x0000000020002e80                . = ALIGN (0x8)

/DISCARD/
 libc.a(*)
 libm.a(*)
 libgcc.a(*)

.ARM.attributes
                0x0000000000000000       0x30
 *(.ARM.attributes)
 .ARM.attributes
                0x0000000000000000       0x1e c:/st/stm32cubeide_1.7.0/stm32cubeide/plugins/com.st.stm32cube.ide.mcu.externaltools.gnu-tools-for-stm32.9-2020-q2-update.win32_2.0.0.202105311346/tools/bin/../lib/gcc/arm-none-eabi/9.3.1/thumb/v7e-m+fp/hard/crti.o
 .ARM.attributes
                0x000000000000001e       0x34 c:/st/stm32cubeide_1.7.0/stm32cubeide/plugins/com.st.stm32cube.ide.mcu.externaltools.gnu-tools-for-stm32.9-2020-q2-update.win32_2.0.0.202105311346/tools/bin/../lib/gcc/arm-none-eabi/9.3.1/thumb/v7e-m+fp/hard/crtbegin.o
 .ARM.attributes
                0x0000000000000052       0x34 ./Core/Src/main.o
 .ARM.attributes
                0x0000000000000086       0x34 ./Core/Src/stm32f4xx_hal_msp.o
 .ARM.attributes
                0x00000000000000ba       0x34 ./Core/Src/stm32f4xx_it.o
 .ARM.attributes
                0x00000000000000ee       0x34 ./Core/Src/system_stm32f4xx.o
 .ARM.attributes
                0x0000000000000122       0x21 ./Core/Startup/startup_stm32f429zitx.o
 .ARM.attributes
                0x0000000000000143       0x34 ./Drivers/STM32F4xx_HAL_Driver/Src/stm32f4xx_hal.o
 .ARM.attributes
                0x0000000000000177       0x34 ./Drivers/STM32F4xx_HAL_Driver/Src/stm32f4xx_hal_adc.o
 .ARM.attributes
                0x00000000000001ab       0x34 ./Drivers/STM32F4xx_HAL_Driver/Src/stm32f4xx_hal_cortex.o
 .ARM.attributes
                0x00000000000001df       0x34 ./Drivers/STM32F4xx_HAL_Driver/Src/stm32f4xx_hal_crc.o
 .ARM.attributes
                0x0000000000000213       0x34 ./Drivers/STM32F4xx_HAL_Driver/Src/stm32f4xx_hal_dma.o
 .ARM.attributes
                0x0000000000000247       0x34 ./Drivers/STM32F4xx_HAL_Driver/Src/stm32f4xx_hal_gpio.o
 .ARM.attributes
                0x000000000000027b       0x34 ./Drivers/STM32F4xx_HAL_Driver/Src/stm32f4xx_hal_pcd.o
 .ARM.attributes
                0x00000000000002af       0x34 ./Drivers/STM32F4xx_HAL_Driver/Src/stm32f4xx_hal_pcd_ex.o
 .ARM.attributes
                0x00000000000002e3       0x34 ./Drivers/STM32F4xx_HAL_Driver/Src/stm32f4xx_hal_rcc.o
 .ARM.attributes
                0x0000000000000317       0x34 ./Drivers/STM32F4xx_HAL_Driver/Src/stm32f4xx_hal_rcc_ex.o
 .ARM.attributes
                0x000000000000034b       0x34 ./Drivers/STM32F4xx_HAL_Driver/Src/stm32f4xx_hal_rtc.o
 .ARM.attributes
                0x000000000000037f       0x34 ./Drivers/STM32F4xx_HAL_Driver/Src/stm32f4xx_hal_sd.o
 .ARM.attributes
                0x00000000000003b3       0x34 ./Drivers/STM32F4xx_HAL_Driver/Src/stm32f4xx_hal_spi.o
 .ARM.attributes
                0x00000000000003e7       0x34 ./Drivers/STM32F4xx_HAL_Driver/Src/stm32f4xx_hal_uart.o
 .ARM.attributes
                0x000000000000041b       0x34 ./Drivers/STM32F4xx_HAL_Driver/Src/stm32f4xx_ll_sdmmc.o
 .ARM.attributes
                0x000000000000044f       0x34 ./Drivers/STM32F4xx_HAL_Driver/Src/stm32f4xx_ll_usb.o
 .ARM.attributes
                0x0000000000000483       0x34 ./FATFS/App/fatfs.o
 .ARM.attributes
                0x00000000000004b7       0x34 ./FATFS/Target/bsp_driver_sd.o
 .ARM.attributes
                0x00000000000004eb       0x34 ./FATFS/Target/fatfs_platform.o
 .ARM.attributes
                0x000000000000051f       0x34 ./FATFS/Target/sd_diskio.o
 .ARM.attributes
                0x0000000000000553       0x34 ./Middlewares/ST/STM32_USB_Device_Library/Class/CDC/Src/usbd_cdc.o
 .ARM.attributes
                0x0000000000000587       0x34 ./Middlewares/ST/STM32_USB_Device_Library/Core/Src/usbd_core.o
 .ARM.attributes
                0x00000000000005bb       0x34 ./Middlewares/ST/STM32_USB_Device_Library/Core/Src/usbd_ctlreq.o
 .ARM.attributes
                0x00000000000005ef       0x34 ./Middlewares/ST/STM32_USB_Device_Library/Core/Src/usbd_ioreq.o
 .ARM.attributes
                0x0000000000000623       0x34 ./Middlewares/Third_Party/FatFs/src/ff_gen_drv.o
 .ARM.attributes
                0x0000000000000657       0x34 ./USB_DEVICE/App/usb_device.o
 .ARM.attributes
                0x000000000000068b       0x34 ./USB_DEVICE/App/usbd_cdc_if.o
 .ARM.attributes
                0x00000000000006bf       0x34 ./USB_DEVICE/App/usbd_desc.o
 .ARM.attributes
                0x00000000000006f3       0x34 ./USB_DEVICE/Target/usbd_conf.o
 .ARM.attributes
                0x0000000000000727       0x34 c:/st/stm32cubeide_1.7.0/stm32cubeide/plugins/com.st.stm32cube.ide.mcu.externaltools.gnu-tools-for-stm32.9-2020-q2-update.win32_2.0.0.202105311346/tools/bin/../lib/gcc/arm-none-eabi/9.3.1/../../../../arm-none-eabi/lib/thumb/v7e-m+fp/hard\libc_nano.a(lib_a-init.o)
 .ARM.attributes
                0x000000000000075b       0x34 c:/st/stm32cubeide_1.7.0/stm32cubeide/plugins/com.st.stm32cube.ide.mcu.externaltools.gnu-tools-for-stm32.9-2020-q2-update.win32_2.0.0.202105311346/tools/bin/../lib/gcc/arm-none-eabi/9.3.1/../../../../arm-none-eabi/lib/thumb/v7e-m+fp/hard\libc_nano.a(lib_a-memset.o)
 .ARM.attributes
                0x000000000000078f       0x1e c:/st/stm32cubeide_1.7.0/stm32cubeide/plugins/com.st.stm32cube.ide.mcu.externaltools.gnu-tools-for-stm32.9-2020-q2-update.win32_2.0.0.202105311346/tools/bin/../lib/gcc/arm-none-eabi/9.3.1/thumb/v7e-m+fp/hard\libgcc.a(_aeabi_uldivmod.o)
 .ARM.attributes
                0x00000000000007ad       0x34 c:/st/stm32cubeide_1.7.0/stm32cubeide/plugins/com.st.stm32cube.ide.mcu.externaltools.gnu-tools-for-stm32.9-2020-q2-update.win32_2.0.0.202105311346/tools/bin/../lib/gcc/arm-none-eabi/9.3.1/thumb/v7e-m+fp/hard\libgcc.a(_udivmoddi4.o)
 .ARM.attributes
                0x00000000000007e1       0x1e c:/st/stm32cubeide_1.7.0/stm32cubeide/plugins/com.st.stm32cube.ide.mcu.externaltools.gnu-tools-for-stm32.9-2020-q2-update.win32_2.0.0.202105311346/tools/bin/../lib/gcc/arm-none-eabi/9.3.1/thumb/v7e-m+fp/hard\libgcc.a(_dvmd_tls.o)
 .ARM.attributes
                0x00000000000007ff       0x1e c:/st/stm32cubeide_1.7.0/stm32cubeide/plugins/com.st.stm32cube.ide.mcu.externaltools.gnu-tools-for-stm32.9-2020-q2-update.win32_2.0.0.202105311346/tools/bin/../lib/gcc/arm-none-eabi/9.3.1/thumb/v7e-m+fp/hard/crtn.o
OUTPUT(nucleo_code.elf elf32-littlearm)
LOAD linker stubs
LOAD c:/st/stm32cubeide_1.7.0/stm32cubeide/plugins/com.st.stm32cube.ide.mcu.externaltools.gnu-tools-for-stm32.9-2020-q2-update.win32_2.0.0.202105311346/tools/bin/../lib/gcc/arm-none-eabi/9.3.1/../../../../arm-none-eabi/lib/thumb/v7e-m+fp/hard\libc.a
LOAD c:/st/stm32cubeide_1.7.0/stm32cubeide/plugins/com.st.stm32cube.ide.mcu.externaltools.gnu-tools-for-stm32.9-2020-q2-update.win32_2.0.0.202105311346/tools/bin/../lib/gcc/arm-none-eabi/9.3.1/../../../../arm-none-eabi/lib/thumb/v7e-m+fp/hard\libm.a
LOAD c:/st/stm32cubeide_1.7.0/stm32cubeide/plugins/com.st.stm32cube.ide.mcu.externaltools.gnu-tools-for-stm32.9-2020-q2-update.win32_2.0.0.202105311346/tools/bin/../lib/gcc/arm-none-eabi/9.3.1/thumb/v7e-m+fp/hard\libgcc.a

.debug_info     0x0000000000000000    0x2462c
 .debug_info    0x0000000000000000     0x2b1c ./Core/Src/main.o
 .debug_info    0x0000000000002b1c     0x1edf ./Core/Src/stm32f4xx_hal_msp.o
 .debug_info    0x00000000000049fb     0x1395 ./Core/Src/stm32f4xx_it.o
 .debug_info    0x0000000000005d90      0x5c0 ./Core/Src/system_stm32f4xx.o
 .debug_info    0x0000000000006350       0x22 ./Core/Startup/startup_stm32f429zitx.o
 .debug_info    0x0000000000006372      0xa2a ./Drivers/STM32F4xx_HAL_Driver/Src/stm32f4xx_hal.o
 .debug_info    0x0000000000006d9c      0xdbc ./Drivers/STM32F4xx_HAL_Driver/Src/stm32f4xx_hal_adc.o
 .debug_info    0x0000000000007b58      0xf0d ./Drivers/STM32F4xx_HAL_Driver/Src/stm32f4xx_hal_cortex.o
 .debug_info    0x0000000000008a65      0x47a ./Drivers/STM32F4xx_HAL_Driver/Src/stm32f4xx_hal_crc.o
 .debug_info    0x0000000000008edf      0x9f1 ./Drivers/STM32F4xx_HAL_Driver/Src/stm32f4xx_hal_dma.o
 .debug_info    0x00000000000098d0      0x85a ./Drivers/STM32F4xx_HAL_Driver/Src/stm32f4xx_hal_gpio.o
 .debug_info    0x000000000000a12a     0x12dd ./Drivers/STM32F4xx_HAL_Driver/Src/stm32f4xx_hal_pcd.o
 .debug_info    0x000000000000b407      0x7c3 ./Drivers/STM32F4xx_HAL_Driver/Src/stm32f4xx_hal_pcd_ex.o
 .debug_info    0x000000000000bbca      0x9b2 ./Drivers/STM32F4xx_HAL_Driver/Src/stm32f4xx_hal_rcc.o
 .debug_info    0x000000000000c57c      0x723 ./Drivers/STM32F4xx_HAL_Driver/Src/stm32f4xx_hal_rcc_ex.o
 .debug_info    0x000000000000cc9f      0xd41 ./Drivers/STM32F4xx_HAL_Driver/Src/stm32f4xx_hal_rtc.o
 .debug_info    0x000000000000d9e0     0x1a66 ./Drivers/STM32F4xx_HAL_Driver/Src/stm32f4xx_hal_sd.o
 .debug_info    0x000000000000f446     0x17c0 ./Drivers/STM32F4xx_HAL_Driver/Src/stm32f4xx_hal_spi.o
 .debug_info    0x0000000000010c06     0x31de ./Drivers/STM32F4xx_HAL_Driver/Src/stm32f4xx_hal_uart.o
 .debug_info    0x0000000000013de4     0x1249 ./Drivers/STM32F4xx_HAL_Driver/Src/stm32f4xx_ll_sdmmc.o
 .debug_info    0x000000000001502d     0x1ab4 ./Drivers/STM32F4xx_HAL_Driver/Src/stm32f4xx_ll_usb.o
 .debug_info    0x0000000000016ae1      0xe69 ./FATFS/App/fatfs.o
 .debug_info    0x000000000001794a      0xae8 ./FATFS/Target/bsp_driver_sd.o