Archive member included to satisfy reference by file (symbol)

c:/st/stm32cubeide_1.7.0/stm32cubeide/plugins/com.st.stm32cube.ide.mcu.externaltools.gnu-tools-for-stm32.9-2020-q2-update.win32_2.0.0.202105311346/tools/bin/../lib/gcc/arm-none-eabi/9.3.1/../../../../arm-none-eabi/lib/thumb/v7e-m+fp/hard\libstdc++_nano.a(del_ops.o)
                              ./ateam/OdinW2Radio.o (operator delete(void*, unsigned int))
c:/st/stm32cubeide_1.7.0/stm32cubeide/plugins/com.st.stm32cube.ide.mcu.externaltools.gnu-tools-for-stm32.9-2020-q2-update.win32_2.0.0.202105311346/tools/bin/../lib/gcc/arm-none-eabi/9.3.1/../../../../arm-none-eabi/lib/thumb/v7e-m+fp/hard\libstdc++_nano.a(new_opv.o)
                              ./ateam/OdinW2Radio.o (operator new[](unsigned int))
c:/st/stm32cubeide_1.7.0/stm32cubeide/plugins/com.st.stm32cube.ide.mcu.externaltools.gnu-tools-for-stm32.9-2020-q2-update.win32_2.0.0.202105311346/tools/bin/../lib/gcc/arm-none-eabi/9.3.1/../../../../arm-none-eabi/lib/thumb/v7e-m+fp/hard\libstdc++_nano.a(del_op.o)
                              c:/st/stm32cubeide_1.7.0/stm32cubeide/plugins/com.st.stm32cube.ide.mcu.externaltools.gnu-tools-for-stm32.9-2020-q2-update.win32_2.0.0.202105311346/tools/bin/../lib/gcc/arm-none-eabi/9.3.1/../../../../arm-none-eabi/lib/thumb/v7e-m+fp/hard\libstdc++_nano.a(del_ops.o) (operator delete(void*))
c:/st/stm32cubeide_1.7.0/stm32cubeide/plugins/com.st.stm32cube.ide.mcu.externaltools.gnu-tools-for-stm32.9-2020-q2-update.win32_2.0.0.202105311346/tools/bin/../lib/gcc/arm-none-eabi/9.3.1/../../../../arm-none-eabi/lib/thumb/v7e-m+fp/hard\libstdc++_nano.a(new_op.o)
                              c:/st/stm32cubeide_1.7.0/stm32cubeide/plugins/com.st.stm32cube.ide.mcu.externaltools.gnu-tools-for-stm32.9-2020-q2-update.win32_2.0.0.202105311346/tools/bin/../lib/gcc/arm-none-eabi/9.3.1/../../../../arm-none-eabi/lib/thumb/v7e-m+fp/hard\libstdc++_nano.a(new_opv.o) (operator new(unsigned int))
c:/st/stm32cubeide_1.7.0/stm32cubeide/plugins/com.st.stm32cube.ide.mcu.externaltools.gnu-tools-for-stm32.9-2020-q2-update.win32_2.0.0.202105311346/tools/bin/../lib/gcc/arm-none-eabi/9.3.1/../../../../arm-none-eabi/lib/thumb/v7e-m+fp/hard\libstdc++_nano.a(new_handler.o)
                              c:/st/stm32cubeide_1.7.0/stm32cubeide/plugins/com.st.stm32cube.ide.mcu.externaltools.gnu-tools-for-stm32.9-2020-q2-update.win32_2.0.0.202105311346/tools/bin/../lib/gcc/arm-none-eabi/9.3.1/../../../../arm-none-eabi/lib/thumb/v7e-m+fp/hard\libstdc++_nano.a(new_op.o) (std::get_new_handler())
c:/st/stm32cubeide_1.7.0/stm32cubeide/plugins/com.st.stm32cube.ide.mcu.externaltools.gnu-tools-for-stm32.9-2020-q2-update.win32_2.0.0.202105311346/tools/bin/../lib/gcc/arm-none-eabi/9.3.1/../../../../arm-none-eabi/lib/thumb/v7e-m+fp/hard\libc_nano.a(lib_a-abort.o)
                              c:/st/stm32cubeide_1.7.0/stm32cubeide/plugins/com.st.stm32cube.ide.mcu.externaltools.gnu-tools-for-stm32.9-2020-q2-update.win32_2.0.0.202105311346/tools/bin/../lib/gcc/arm-none-eabi/9.3.1/../../../../arm-none-eabi/lib/thumb/v7e-m+fp/hard\libstdc++_nano.a(new_op.o) (abort)
c:/st/stm32cubeide_1.7.0/stm32cubeide/plugins/com.st.stm32cube.ide.mcu.externaltools.gnu-tools-for-stm32.9-2020-q2-update.win32_2.0.0.202105311346/tools/bin/../lib/gcc/arm-none-eabi/9.3.1/../../../../arm-none-eabi/lib/thumb/v7e-m+fp/hard\libc_nano.a(lib_a-errno.o)
                              ./Core/Src/syscalls.o (__errno)
c:/st/stm32cubeide_1.7.0/stm32cubeide/plugins/com.st.stm32cube.ide.mcu.externaltools.gnu-tools-for-stm32.9-2020-q2-update.win32_2.0.0.202105311346/tools/bin/../lib/gcc/arm-none-eabi/9.3.1/../../../../arm-none-eabi/lib/thumb/v7e-m+fp/hard\libc_nano.a(lib_a-exit.o)
                              c:/st/stm32cubeide_1.7.0/stm32cubeide/plugins/com.st.stm32cube.ide.mcu.externaltools.gnu-tools-for-stm32.9-2020-q2-update.win32_2.0.0.202105311346/tools/bin/../lib/gcc/arm-none-eabi/9.3.1/../../../../arm-none-eabi/lib/thumb/v7e-m+fp/hard/crt0.o (exit)
c:/st/stm32cubeide_1.7.0/stm32cubeide/plugins/com.st.stm32cube.ide.mcu.externaltools.gnu-tools-for-stm32.9-2020-q2-update.win32_2.0.0.202105311346/tools/bin/../lib/gcc/arm-none-eabi/9.3.1/../../../../arm-none-eabi/lib/thumb/v7e-m+fp/hard\libc_nano.a(lib_a-fprintf.o)
                              ./ateam/Robot.o (fprintf)
c:/st/stm32cubeide_1.7.0/stm32cubeide/plugins/com.st.stm32cube.ide.mcu.externaltools.gnu-tools-for-stm32.9-2020-q2-update.win32_2.0.0.202105311346/tools/bin/../lib/gcc/arm-none-eabi/9.3.1/../../../../arm-none-eabi/lib/thumb/v7e-m+fp/hard\libc_nano.a(lib_a-fwrite.o)
                              ./ateam/Robot.o (fwrite)
c:/st/stm32cubeide_1.7.0/stm32cubeide/plugins/com.st.stm32cube.ide.mcu.externaltools.gnu-tools-for-stm32.9-2020-q2-update.win32_2.0.0.202105311346/tools/bin/../lib/gcc/arm-none-eabi/9.3.1/../../../../arm-none-eabi/lib/thumb/v7e-m+fp/hard\libc_nano.a(lib_a-impure.o)
[...]
Memory Configuration

Name             Origin             Length             Attributes
CCMRAM           0x0000000010000000 0x0000000000010000 xrw
RAM              0x0000000020000000 0x0000000000030000 xrw
FLASH            0x0000000008000000 0x0000000000200000 xr
*default*        0x0000000000000000 0xffffffffffffffff

Linker script and memory map

LOAD c:/st/stm32cubeide_1.7.0/stm32cubeide/plugins/com.st.stm32cube.ide.mcu.externaltools.gnu-tools-for-stm32.9-2020-q2-update.win32_2.0.0.202105311346/tools/bin/../lib/gcc/arm-none-eabi/9.3.1/thumb/v7e-m+fp/hard/crti.o
LOAD c:/st/stm32cubeide_1.7.0/stm32cubeide/plugins/com.st.stm32cube.ide.mcu.externaltools.gnu-tools-for-stm32.9-2020-q2-update.win32_2.0.0.202105311346/tools/bin/../lib/gcc/arm-none-eabi/9.3.1/thumb/v7e-m+fp/hard/crtbegin.o
LOAD c:/st/stm32cubeide_1.7.0/stm32cubeide/plugins/com.st.stm32cube.ide.mcu.externaltools.gnu-tools-for-stm32.9-2020-q2-update.win32_2.0.0.202105311346/tools/bin/../lib/gcc/arm-none-eabi/9.3.1/../../../../arm-none-eabi/lib/thumb/v7e-m+fp/hard/crt0.o
LOAD ./Core/Src/main.o
LOAD ./Core/Src/stm32f4xx_hal_msp.o
LOAD ./Core/Src/stm32f4xx_it.o
LOAD ./Core/Src/syscalls.o
LOAD ./Core/Src/sysmem.o
LOAD ./Core/Src/system_stm32f4xx.o
LOAD ./Core/Startup/startup_stm32f429zitx.o
LOAD ./Drivers/STM32F4xx_HAL_Driver/Src/stm32f4xx_hal.o
LOAD ./Drivers/STM32F4xx_HAL_Driver/Src/stm32f4xx_hal_cortex.o
LOAD ./Drivers/STM32F4xx_HAL_Driver/Src/stm32f4xx_hal_dma.o
LOAD ./Drivers/STM32F4xx_HAL_Driver/Src/stm32f4xx_hal_dma_ex.o
LOAD ./Drivers/STM32F4xx_HAL_Driver/Src/stm32f4xx_hal_exti.o
LOAD ./Drivers/STM32F4xx_HAL_Driver/Src/stm32f4xx_hal_flash.o
LOAD ./Drivers/STM32F4xx_HAL_Driver/Src/stm32f4xx_hal_flash_ex.o
LOAD ./Drivers/STM32F4xx_HAL_Driver/Src/stm32f4xx_hal_flash_ramfunc.o
LOAD ./Drivers/STM32F4xx_HAL_Driver/Src/stm32f4xx_hal_gpio.o
LOAD ./Drivers/STM32F4xx_HAL_Driver/Src/stm32f4xx_hal_pcd.o
LOAD ./Drivers/STM32F4xx_HAL_Driver/Src/stm32f4xx_hal_pcd_ex.o
LOAD ./Drivers/STM32F4xx_HAL_Driver/Src/stm32f4xx_hal_pwr.o
LOAD ./Drivers/STM32F4xx_HAL_Driver/Src/stm32f4xx_hal_pwr_ex.o
LOAD ./Drivers/STM32F4xx_HAL_Driver/Src/stm32f4xx_hal_rcc.o
LOAD ./Drivers/STM32F4xx_HAL_Driver/Src/stm32f4xx_hal_rcc_ex.o
LOAD ./Drivers/STM32F4xx_HAL_Driver/Src/stm32f4xx_hal_tim.o
LOAD ./Drivers/STM32F4xx_HAL_Driver/Src/stm32f4xx_hal_tim_ex.o
LOAD ./Drivers/STM32F4xx_HAL_Driver/Src/stm32f4xx_hal_uart.o
LOAD ./Drivers/STM32F4xx_HAL_Driver/Src/stm32f4xx_ll_usb.o
LOAD ./Middlewares/ST/STM32_USB_Device_Library/Class/CDC/Src/usbd_cdc.o
LOAD ./Middlewares/ST/STM32_USB_Device_Library/Core/Src/usbd_core.o
LOAD ./Middlewares/ST/STM32_USB_Device_Library/Core/Src/usbd_ctlreq.o
LOAD ./Middlewares/ST/STM32_USB_Device_Library/Core/Src/usbd_ioreq.o
LOAD ./USB_DEVICE/App/usb_device.o
LOAD ./USB_DEVICE/App/usbd_cdc_if.o
LOAD ./USB_DEVICE/App/usbd_desc.o
LOAD ./USB_DEVICE/Target/usbd_conf.o
LOAD ./ateam/OdinW2Radio.o
LOAD ./ateam/Robot.o
LOAD ./ateam/ateam_ext.o
START GROUP
LOAD c:/st/stm32cubeide_1.7.0/stm32cubeide/plugins/com.st.stm32cube.ide.mcu.externaltools.gnu-tools-for-stm32.9-2020-q2-update.win32_2.0.0.202105311346/tools/bin/../lib/gcc/arm-none-eabi/9.3.1/../../../../arm-none-eabi/lib/thumb/v7e-m+fp/hard\libstdc++_nano.a
LOAD c:/st/stm32cubeide_1.7.0/stm32cubeide/plugins/com.st.stm32cube.ide.mcu.externaltools.gnu-tools-for-stm32.9-2020-q2-update.win32_2.0.0.202105311346/tools/bin/../lib/gcc/arm-none-eabi/9.3.1/../../../../arm-none-eabi/lib/thumb/v7e-m+fp/hard\libsupc++_nano.a
END GROUP
LOAD c:/st/stm32cubeide_1.7.0/stm32cubeide/plugins/com.st.stm32cube.ide.mcu.externaltools.gnu-tools-for-stm32.9-2020-q2-update.win32_2.0.0.202105311346/tools/bin/../lib/gcc/arm-none-eabi/9.3.1/../../../../arm-none-eabi/lib/thumb/v7e-m+fp/hard\libstdc++_nano.a
LOAD c:/st/stm32cubeide_1.7.0/stm32cubeide/plugins/com.st.stm32cube.ide.mcu.externaltools.gnu-tools-for-stm32.9-2020-q2-update.win32_2.0.0.202105311346/tools/bin/../lib/gcc/arm-none-eabi/9.3.1/../../../../arm-none-eabi/lib/thumb/v7e-m+fp/hard\libm.a
LOAD c:/st/stm32cubeide_1.7.0/stm32cubeide/plugins/com.st.stm32cube.ide.mcu.externaltools.gnu-tools-for-stm32.9-2020-q2-update.win32_2.0.0.202105311346/tools/bin/../lib/gcc/arm-none-eabi/9.3.1/../../../../arm-none-eabi/lib/thumb/v7e-m+fp/hard\libc_nano.a
START GROUP
LOAD c:/st/stm32cubeide_1.7.0/stm32cubeide/plugins/com.st.stm32cube.ide.mcu.externaltools.gnu-tools-for-stm32.9-2020-q2-update.win32_2.0.0.202105311346/tools/bin/../lib/gcc/arm-none-eabi/9.3.1/thumb/v7e-m+fp/hard\libgcc.a
LOAD c:/st/stm32cubeide_1.7.0/stm32cubeide/plugins/com.st.stm32cube.ide.mcu.externaltools.gnu-tools-for-stm32.9-2020-q2-update.win32_2.0.0.202105311346/tools/bin/../lib/gcc/arm-none-eabi/9.3.1/../../../../arm-none-eabi/lib/thumb/v7e-m+fp/hard\libc_nano.a
END GROUP
START GROUP
LOAD c:/st/stm32cubeide_1.7.0/stm32cubeide/plugins/com.st.stm32cube.ide.mcu.externaltools.gnu-tools-for-stm32.9-2020-q2-update.win32_2.0.0.202105311346/tools/bin/../lib/gcc/arm-none-eabi/9.3.1/thumb/v7e-m+fp/hard\libgcc.a
LOAD c:/st/stm32cubeide_1.7.0/stm32cubeide/plugins/com.st.stm32cube.ide.mcu.externaltools.gnu-tools-for-stm32.9-2020-q2-update.win32_2.0.0.202105311346/tools/bin/../lib/gcc/arm-none-eabi/9.3.1/../../../../arm-none-eabi/lib/thumb/v7e-m+fp/hard\libc_nano.a
LOAD c:/st/stm32cubeide_1.7.0/stm32cubeide/plugins/com.st.stm32cube.ide.mcu.externaltools.gnu-tools-for-stm32.9-2020-q2-update.win32_2.0.0.202105311346/tools/bin/../lib/gcc/arm-none-eabi/9.3.1/../../../../arm-none-eabi/lib/thumb/v7e-m+fp/hard\libnosys.a
END GROUP
START GROUP
LOAD c:/st/stm32cubeide_1.7.0/stm32cubeide/plugins/com.st.stm32cube.ide.mcu.externaltools.gnu-tools-for-stm32.9-2020-q2-update.win32_2.0.0.202105311346/tools/bin/../lib/gcc/arm-none-eabi/9.3.1/thumb/v7e-m+fp/hard\libgcc.a
LOAD c:/st/stm32cubeide_1.7.0/stm32cubeide/plugins/com.st.stm32cube.ide.mcu.externaltools.gnu-tools-for-stm32.9-2020-q2-update.win32_2.0.0.202105311346/tools/bin/../lib/gcc/arm-none-eabi/9.3.1/../../../../arm-none-eabi/lib/thumb/v7e-m+fp/hard\libc_nano.a
LOAD c:/st/stm32cubeide_1.7.0/stm32cubeide/plugins/com.st.stm32cube.ide.mcu.externaltools.gnu-tools-for-stm32.9-2020-q2-update.win32_2.0.0.202105311346/tools/bin/../lib/gcc/arm-none-eabi/9.3.1/../../../../arm-none-eabi/lib/thumb/v7e-m+fp/hard\libnosys.a
END GROUP
LOAD c:/st/stm32cubeide_1.7.0/stm32cubeide/plugins/com.st.stm32cube.ide.mcu.externaltools.gnu-tools-for-stm32.9-2020-q2-update.win32_2.0.0.202105311346/tools/bin/../lib/gcc/arm-none-eabi/9.3.1/thumb/v7e-m+fp/hard/crtend.o
LOAD c:/st/stm32cubeide_1.7.0/stm32cubeide/plugins/com.st.stm32cube.ide.mcu.externaltools.gnu-tools-for-stm32.9-2020-q2-update.win32_2.0.0.202105311346/tools/bin/../lib/gcc/arm-none-eabi/9.3.1/thumb/v7e-m+fp/hard/crtn.o
                0x0000000020030000                _estack = (ORIGIN (RAM) + LENGTH (RAM))
                0x0000000000010000                _Min_Heap_Size = 0x10000
                0x0000000000010000                _Min_Stack_Size = 0x10000

.isr_vector     0x0000000008000000      0x1ac
                0x0000000008000000                . = ALIGN (0x4)
 *(.isr_vector)
 .isr_vector    0x0000000008000000      0x1ac ./Core/Startup/startup_stm32f429zitx.o
                0x0000000008000000                g_pfnVectors
                0x00000000080001ac                . = ALIGN (0x4)

.text           0x00000000080001b0     0x93ec
                0x00000000080001b0                . = ALIGN (0x4)
 *(.text)
 .text          0x00000000080001b0       0x40 c:/st/stm32cubeide_1.7.0/stm32cubeide/plugins/com.st.stm32cube.ide.mcu.externaltools.gnu-tools-for-stm32.9-2020-q2-update.win32_2.0.0.202105311346/tools/bin/../lib/gcc/arm-none-eabi/9.3.1/thumb/v7e-m+fp/hard/crtbegin.o
 .text          0x00000000080001f0       0xa0 c:/st/stm32cubeide_1.7.0/stm32cubeide/plugins/com.st.stm32cube.ide.mcu.externaltools.gnu-tools-for-stm32.9-2020-q2-update.win32_2.0.0.202105311346/tools/bin/../lib/gcc/arm-none-eabi/9.3.1/../../../../arm-none-eabi/lib/thumb/v7e-m+fp/hard\libc_nano.a(lib_a-memchr.o)
                0x00000000080001f0                memchr
 .text          0x0000000008000290       0x30 c:/st/stm32cubeide_1.7.0/stm32cubeide/plugins/com.st.stm32cube.ide.mcu.externaltools.gnu-tools-for-stm32.9-2020-q2-update.win32_2.0.0.202105311346/tools/bin/../lib/gcc/arm-none-eabi/9.3.1/thumb/v7e-m+fp/hard\libgcc.a(_aeabi_uldivmod.o)
                0x0000000008000290                __aeabi_uldivmod
 .text          0x00000000080002c0      0x2c4 c:/st/stm32cubeide_1.7.0/stm32cubeide/plugins/com.st.stm32cube.ide.mcu.externaltools.gnu-tools-for-stm32.9-2020-q2-update.win32_2.0.0.202105311346/tools/bin/../lib/gcc/arm-none-eabi/9.3.1/thumb/v7e-m+fp/hard\libgcc.a(_udivmoddi4.o)
                0x00000000080002c0                __udivmoddi4
 .text          0x0000000008000584        0x4 c:/st/stm32cubeide_1.7.0/stm32cubeide/plugins/com.st.stm32cube.ide.mcu.externaltools.gnu-tools-for-stm32.9-2020-q2-update.win32_2.0.0.202105311346/tools/bin/../lib/gcc/arm-none-eabi/9.3.1/thumb/v7e-m+fp/hard\libgcc.a(_dvmd_tls.o)
                0x0000000008000584                __aeabi_idiv0
                0x0000000008000584                __aeabi_ldiv0
 *(.text*)
 .text.main     0x0000000008000588       0x38 ./Core/Src/main.o
                0x0000000008000588                main
 .text.SystemClock_Config
                0x00000000080005c0       0xd4 ./Core/Src/main.o
                0x00000000080005c0                SystemClock_Config
 .text.MX_NVIC_Init
                0x0000000008000694       0x48 ./Core/Src/main.o
 .text.MX_USART2_UART_Init
                0x00000000080006dc       0x54 ./Core/Src/main.o
 .text.MX_USART3_UART_Init
                0x0000000008000730       0x54 ./Core/Src/main.o
 .text.MX_DMA_Init
                0x0000000008000784       0x34 ./Core/Src/main.o
 .text.MX_GPIO_Init
                0x00000000080007b8      0x20c ./Core/Src/main.o
 .text.__io_putchar
                0x00000000080009c4       0x2c ./Core/Src/main.o
                0x00000000080009c4                __io_putchar
 .text.__io_getchar
                0x00000000080009f0       0x20 ./Core/Src/main.o
                0x00000000080009f0                __io_getchar
 .text.HAL_UART_TxCpltCallback
                0x0000000008000a10       0x16 ./Core/Src/main.o
                0x0000000008000a10                HAL_UART_TxCpltCallback
 .text.HAL_UART_ErrorCallback
                0x0000000008000a26       0x16 ./Core/Src/main.o
                0x0000000008000a26                HAL_UART_ErrorCallback
 .text.Error_Handler
                0x0000000008000a3c        0xa ./Core/Src/main.o
                0x0000000008000a3c                Error_Handler
 *fill*         0x0000000008000a46        0x2 
 .text.HAL_MspInit
                0x0000000008000a48       0x50 ./Core/Src/stm32f4xx_hal_msp.o
                0x0000000008000a48                HAL_MspInit
 .text.HAL_UART_MspInit
                0x0000000008000a98      0x1c4 ./Core/Src/stm32f4xx_hal_msp.o
                0x0000000008000a98                HAL_UART_MspInit
 .text.NMI_Handler
                0x0000000008000c5c        0x6 ./Core/Src/stm32f4xx_it.o
                0x0000000008000c5c                NMI_Handler
 .text.HardFault_Handler
                0x0000000008000c62        0x6 ./Core/Src/stm32f4xx_it.o
                0x0000000008000c62                HardFault_Handler
 .text.MemManage_Handler
                0x0000000008000c68        0x6 ./Core/Src/stm32f4xx_it.o
                0x0000000008000c68                MemManage_Handler
 .text.BusFault_Handler
                0x0000000008000c6e        0x6 ./Core/Src/stm32f4xx_it.o
                0x0000000008000c6e                BusFault_Handler
 .text.UsageFault_Handler
                0x0000000008000c74        0x6 ./Core/Src/stm32f4xx_it.o
                0x0000000008000c74                UsageFault_Handler
 .text.SVC_Handler
                0x0000000008000c7a        0xe ./Core/Src/stm32f4xx_it.o
                0x0000000008000c7a                SVC_Handler
 .text.DebugMon_Handler
                0x0000000008000c88        0xe ./Core/Src/stm32f4xx_it.o
                0x0000000008000c88                DebugMon_Handler
 .text.PendSV_Handler
                0x0000000008000c96        0xe ./Core/Src/stm32f4xx_it.o
                0x0000000008000c96                PendSV_Handler
 .text.SysTick_Handler
                0x0000000008000ca4        0xc ./Core/Src/stm32f4xx_it.o
                0x0000000008000ca4                SysTick_Handler
 .text.DMA1_Stream5_IRQHandler
                0x0000000008000cb0       0x14 ./Core/Src/stm32f4xx_it.o
                0x0000000008000cb0                DMA1_Stream5_IRQHandler
 .text.DMA1_Stream6_IRQHandler
                0x0000000008000cc4       0x14 ./Core/Src/stm32f4xx_it.o
                0x0000000008000cc4                DMA1_Stream6_IRQHandler
 .text.USART2_IRQHandler
                0x0000000008000cd8       0x14 ./Core/Src/stm32f4xx_it.o
                0x0000000008000cd8                USART2_IRQHandler
 .text.OTG_FS_IRQHandler
                0x0000000008000cec       0x14 ./Core/Src/stm32f4xx_it.o
                0x0000000008000cec                OTG_FS_IRQHandler
 .text._read    0x0000000008000d00       0x3a ./Core/Src/syscalls.o
                0x0000000008000d00                _read
 .text._write   0x0000000008000d3a       0x38 ./Core/Src/syscalls.o
                0x0000000008000d3a                _write
 .text._close   0x0000000008000d72       0x18 ./Core/Src/syscalls.o
                0x0000000008000d72                _close
 .text._fstat   0x0000000008000d8a       0x20 ./Core/Src/syscalls.o
                0x0000000008000d8a                _fstat
 .text._isatty  0x0000000008000daa       0x16 ./Core/Src/syscalls.o
                0x0000000008000daa                _isatty
 .text._lseek   0x0000000008000dc0       0x1a ./Core/Src/syscalls.o
                0x0000000008000dc0                _lseek
 *fill*         0x0000000008000dda        0x2 
 .text._sbrk    0x0000000008000ddc       0x6c ./Core/Src/sysmem.o
                0x0000000008000ddc                _sbrk
 .text.SystemInit
                0x0000000008000e48       0x24 ./Core/Src/system_stm32f4xx.o
                0x0000000008000e48                SystemInit
 .text.Reset_Handler
                0x0000000008000e6c       0x50 ./Core/Startup/startup_stm32f429zitx.o
                0x0000000008000e6c                Reset_Handler
 .text.Default_Handler
                0x0000000008000ebc        0x2 ./Core/Startup/startup_stm32f429zitx.o
                0x0000000008000ebc                RTC_Alarm_IRQHandler
                0x0000000008000ebc                HASH_RNG_IRQHandler
                0x0000000008000ebc                EXTI2_IRQHandler
                0x0000000008000ebc                TIM8_CC_IRQHandler
                0x0000000008000ebc                UART8_IRQHandler
                0x0000000008000ebc                SPI4_IRQHandler
                0x0000000008000ebc                TIM1_CC_IRQHandler
                0x0000000008000ebc                DMA2_Stream5_IRQHandler
                0x0000000008000ebc                PVD_IRQHandler
                0x0000000008000ebc                SDIO_IRQHandler
                0x0000000008000ebc                TAMP_STAMP_IRQHandler
                0x0000000008000ebc                CAN2_RX1_IRQHandler
                0x0000000008000ebc                EXTI3_IRQHandler
                0x0000000008000ebc                TIM8_TRG_COM_TIM14_IRQHandler
                0x0000000008000ebc                TIM1_UP_TIM10_IRQHandler
                0x0000000008000ebc                TIM8_UP_TIM13_IRQHandler
                0x0000000008000ebc                I2C3_ER_IRQHandler
                0x0000000008000ebc                EXTI0_IRQHandler
                0x0000000008000ebc                I2C2_EV_IRQHandler
                0x0000000008000ebc                DMA1_Stream2_IRQHandler
                0x0000000008000ebc                CAN1_RX0_IRQHandler
                0x0000000008000ebc                FPU_IRQHandler
                0x0000000008000ebc                OTG_HS_WKUP_IRQHandler
                0x0000000008000ebc                LTDC_ER_IRQHandler
                0x0000000008000ebc                CAN2_SCE_IRQHandler
                0x0000000008000ebc                DMA2_Stream2_IRQHandler
                0x0000000008000ebc                SPI1_IRQHandler
                0x0000000008000ebc                TIM6_DAC_IRQHandler
                0x0000000008000ebc                TIM1_BRK_TIM9_IRQHandler
                0x0000000008000ebc                DCMI_IRQHandler
                0x0000000008000ebc                CAN2_RX0_IRQHandler
                0x0000000008000ebc                DMA2_Stream3_IRQHandler
                0x0000000008000ebc                USART6_IRQHandler
                0x0000000008000ebc                USART3_IRQHandler
                0x0000000008000ebc                CAN1_RX1_IRQHandler
                0x0000000008000ebc                UART5_IRQHandler
                0x0000000008000ebc                DMA2_Stream0_IRQHandler
                0x0000000008000ebc                TIM4_IRQHandler
                0x0000000008000ebc                I2C1_EV_IRQHandler
                0x0000000008000ebc                DMA1_Stream1_IRQHandler
                0x0000000008000ebc                UART4_IRQHandler
                0x0000000008000ebc                TIM3_IRQHandler
                0x0000000008000ebc                RCC_IRQHandler
                0x0000000008000ebc                TIM8_BRK_TIM12_IRQHandler
                0x0000000008000ebc                Default_Handler
                0x0000000008000ebc                EXTI15_10_IRQHandler
                0x0000000008000ebc                ADC_IRQHandler
                0x0000000008000ebc                DMA1_Stream7_IRQHandler
                0x0000000008000ebc                SPI5_IRQHandler
                0x0000000008000ebc                TIM7_IRQHandler
                0x0000000008000ebc                CAN2_TX_IRQHandler
                0x0000000008000ebc                TIM5_IRQHandler
                0x0000000008000ebc                DMA2_Stream7_IRQHandler
                0x0000000008000ebc                I2C3_EV_IRQHandler
                0x0000000008000ebc                EXTI9_5_IRQHandler
                0x0000000008000ebc                RTC_WKUP_IRQHandler
                0x0000000008000ebc                LTDC_IRQHandler
                0x0000000008000ebc                ETH_WKUP_IRQHandler
                0x0000000008000ebc                SPI2_IRQHandler
                0x0000000008000ebc                OTG_HS_EP1_IN_IRQHandler
                0x0000000008000ebc                DMA1_Stream0_IRQHandler
                0x0000000008000ebc                CAN1_TX_IRQHandler
                0x0000000008000ebc                EXTI4_IRQHandler
                0x0000000008000ebc                ETH_IRQHandler
                0x0000000008000ebc                OTG_HS_EP1_OUT_IRQHandler
                0x0000000008000ebc                WWDG_IRQHandler
                0x0000000008000ebc                SPI6_IRQHandler
                0x0000000008000ebc                TIM2_IRQHandler
                0x0000000008000ebc                OTG_FS_WKUP_IRQHandler
                0x0000000008000ebc                TIM1_TRG_COM_TIM11_IRQHandler
                0x0000000008000ebc                OTG_HS_IRQHandler
                0x0000000008000ebc                DMA2D_IRQHandler
                0x0000000008000ebc                EXTI1_IRQHandler
                0x0000000008000ebc                UART7_IRQHandler
                0x0000000008000ebc                I2C2_ER_IRQHandler
                0x0000000008000ebc                DMA2_Stream1_IRQHandler
                0x0000000008000ebc                CAN1_SCE_IRQHandler
                0x0000000008000ebc                FLASH_IRQHandler
                0x0000000008000ebc                DMA2_Stream4_IRQHandler
                0x0000000008000ebc                USART1_IRQHandler
                0x0000000008000ebc                SPI3_IRQHandler
                0x0000000008000ebc                DMA1_Stream4_IRQHandler
                0x0000000008000ebc                I2C1_ER_IRQHandler
                0x0000000008000ebc                FMC_IRQHandler
                0x0000000008000ebc                DMA2_Stream6_IRQHandler
                0x0000000008000ebc                SAI1_IRQHandler
                0x0000000008000ebc                DMA1_Stream3_IRQHandler
 *fill*         0x0000000008000ebe        0x2 
 .text.HAL_Init
                0x0000000008000ec0       0x44 ./Drivers/STM32F4xx_HAL_Driver/Src/stm32f4xx_hal.o
                0x0000000008000ec0                HAL_Init
 .text.HAL_InitTick
                0x0000000008000f04       0x60 ./Drivers/STM32F4xx_HAL_Driver/Src/stm32f4xx_hal.o
                0x0000000008000f04                HAL_InitTick
 .text.HAL_IncTick
                0x0000000008000f64       0x28 ./Drivers/STM32F4xx_HAL_Driver/Src/stm32f4xx_hal.o
                0x0000000008000f64                HAL_IncTick
 .text.HAL_GetTick
                0x0000000008000f8c       0x18 ./Drivers/STM32F4xx_HAL_Driver/Src/stm32f4xx_hal.o
                0x0000000008000f8c                HAL_GetTick
 .text.HAL_Delay
                0x0000000008000fa4       0x48 ./Drivers/STM32F4xx_HAL_Driver/Src/stm32f4xx_hal.o
                0x0000000008000fa4                HAL_Delay
 .text.__NVIC_SetPriorityGrouping
                0x0000000008000fec       0x48 ./Drivers/STM32F4xx_HAL_Driver/Src/stm32f4xx_hal_cortex.o
 .text.__NVIC_GetPriorityGrouping
                0x0000000008001034       0x1c ./Drivers/STM32F4xx_HAL_Driver/Src/stm32f4xx_hal_cortex.o
 .text.__NVIC_EnableIRQ
                0x0000000008001050       0x3c ./Drivers/STM32F4xx_HAL_Driver/Src/stm32f4xx_hal_cortex.o
 .text.__NVIC_SetPriority
                0x000000000800108c       0x54 ./Drivers/STM32F4xx_HAL_Driver/Src/stm32f4xx_hal_cortex.o
 .text.NVIC_EncodePriority
                0x00000000080010e0       0x66 ./Drivers/STM32F4xx_HAL_Driver/Src/stm32f4xx_hal_cortex.o
 *fill*         0x0000000008001146        0x2 
 .text.SysTick_Config
                0x0000000008001148       0x44 ./Drivers/STM32F4xx_HAL_Driver/Src/stm32f4xx_hal_cortex.o
 .text.HAL_NVIC_SetPriorityGrouping
                0x000000000800118c       0x16 ./Drivers/STM32F4xx_HAL_Driver/Src/stm32f4xx_hal_cortex.o
                0x000000000800118c                HAL_NVIC_SetPriorityGrouping
 .text.HAL_NVIC_SetPriority
                0x00000000080011a2       0x38 ./Drivers/STM32F4xx_HAL_Driver/Src/stm32f4xx_hal_cortex.o
                0x00000000080011a2                HAL_NVIC_SetPriority
 .text.HAL_NVIC_EnableIRQ
                0x00000000080011da       0x1c ./Drivers/STM32F4xx_HAL_Driver/Src/stm32f4xx_hal_cortex.o
                0x00000000080011da                HAL_NVIC_EnableIRQ
 .text.HAL_SYSTICK_Config
                0x00000000080011f6       0x18 ./Drivers/STM32F4xx_HAL_Driver/Src/stm32f4xx_hal_cortex.o
                0x00000000080011f6                HAL_SYSTICK_Config
 *fill*         0x000000000800120e        0x2 
 .text.HAL_DMA_Init
                0x0000000008001210      0x15c ./Drivers/STM32F4xx_HAL_Driver/Src/stm32f4xx_hal_dma.o
                0x0000000008001210                HAL_DMA_Init
 .text.HAL_DMA_Abort
                0x000000000800136c       0xe0 ./Drivers/STM32F4xx_HAL_Driver/Src/stm32f4xx_hal_dma.o
                0x000000000800136c                HAL_DMA_Abort
 .text.HAL_DMA_Abort_IT
                0x000000000800144c       0x44 ./Drivers/STM32F4xx_HAL_Driver/Src/stm32f4xx_hal_dma.o
                0x000000000800144c                HAL_DMA_Abort_IT
 .text.HAL_DMA_IRQHandler
                0x0000000008001490      0x314 ./Drivers/STM32F4xx_HAL_Driver/Src/stm32f4xx_hal_dma.o
                0x0000000008001490                HAL_DMA_IRQHandler
 .text.DMA_CalcBaseAndBitshift
                0x00000000080017a4       0x6c ./Drivers/STM32F4xx_HAL_Driver/Src/stm32f4xx_hal_dma.o
 .text.DMA_CheckFifoParam
                0x0000000008001810       0xf8 ./Drivers/STM32F4xx_HAL_Driver/Src/stm32f4xx_hal_dma.o
 .text.HAL_GPIO_Init
                0x0000000008001908      0x358 ./Drivers/STM32F4xx_HAL_Driver/Src/stm32f4xx_hal_gpio.o
                0x0000000008001908                HAL_GPIO_Init
 .text.HAL_GPIO_WritePin
                0x0000000008001c60       0x32 ./Drivers/STM32F4xx_HAL_Driver/Src/stm32f4xx_hal_gpio.o
                0x0000000008001c60                HAL_GPIO_WritePin
 .text.HAL_GPIO_TogglePin
                0x0000000008001c92       0x34 ./Drivers/STM32F4xx_HAL_Driver/Src/stm32f4xx_hal_gpio.o
                0x0000000008001c92                HAL_GPIO_TogglePin
 .text.HAL_PCD_Init
                0x0000000008001cc6      0x23a ./Drivers/STM32F4xx_HAL_Driver/Src/stm32f4xx_hal_pcd.o
                0x0000000008001cc6                HAL_PCD_Init
 .text.HAL_PCD_Start
                0x0000000008001f00       0x66 ./Drivers/STM32F4xx_HAL_Driver/Src/stm32f4xx_hal_pcd.o
                0x0000000008001f00                HAL_PCD_Start
 .text.HAL_PCD_IRQHandler
                0x0000000008001f66      0x764 ./Drivers/STM32F4xx_HAL_Driver/Src/stm32f4xx_hal_pcd.o
                0x0000000008001f66                HAL_PCD_IRQHandler
 .text.HAL_PCD_SetAddress
                0x00000000080026ca       0x4a ./Drivers/STM32F4xx_HAL_Driver/Src/stm32f4xx_hal_pcd.o
                0x00000000080026ca                HAL_PCD_SetAddress
 .text.HAL_PCD_EP_Open
                0x0000000008002714       0xd0 ./Drivers/STM32F4xx_HAL_Driver/Src/stm32f4xx_hal_pcd.o
                0x0000000008002714                HAL_PCD_EP_Open
 .text.HAL_PCD_EP_Close
                0x00000000080027e4       0x94 ./Drivers/STM32F4xx_HAL_Driver/Src/stm32f4xx_hal_pcd.o
                0x00000000080027e4                HAL_PCD_EP_Close
 .text.HAL_PCD_EP_Receive
                0x0000000008002878       0x96 ./Drivers/STM32F4xx_HAL_Driver/Src/stm32f4xx_hal_pcd.o
                0x0000000008002878                HAL_PCD_EP_Receive
 .text.HAL_PCD_EP_GetRxCount
                0x000000000800290e       0x30 ./Drivers/STM32F4xx_HAL_Driver/Src/stm32f4xx_hal_pcd.o
                0x000000000800290e                HAL_PCD_EP_GetRxCount
 .text.HAL_PCD_EP_Transmit
                0x000000000800293e       0x94 ./Drivers/STM32F4xx_HAL_Driver/Src/stm32f4xx_hal_pcd.o
                0x000000000800293e                HAL_PCD_EP_Transmit
 .text.HAL_PCD_EP_SetStall
                0x00000000080029d2       0xc8 ./Drivers/STM32F4xx_HAL_Driver/Src/stm32f4xx_hal_pcd.o
                0x00000000080029d2                HAL_PCD_EP_SetStall
 .text.HAL_PCD_EP_ClrStall
                0x0000000008002a9a       0xac ./Drivers/STM32F4xx_HAL_Driver/Src/stm32f4xx_hal_pcd.o
                0x0000000008002a9a                HAL_PCD_EP_ClrStall
 .text.PCD_WriteEmptyTxFifo
                0x0000000008002b46      0x11a ./Drivers/STM32F4xx_HAL_Driver/Src/stm32f4xx_hal_pcd.o
 .text.PCD_EP_OutXfrComplete_int
                0x0000000008002c60      0x218 ./Drivers/STM32F4xx_HAL_Driver/Src/stm32f4xx_hal_pcd.o
 .text.PCD_EP_OutSetupPacket_int
                0x0000000008002e78       0x8c ./Drivers/STM32F4xx_HAL_Driver/Src/stm32f4xx_hal_pcd.o
 .text.HAL_PCDEx_SetTxFiFo
                0x0000000008002f04       0x8e ./Drivers/STM32F4xx_HAL_Driver/Src/stm32f4xx_hal_pcd_ex.o
                0x0000000008002f04                HAL_PCDEx_SetTxFiFo
 .text.HAL_PCDEx_SetRxFiFo
                0x0000000008002f92       0x22 ./Drivers/STM32F4xx_HAL_Driver/Src/stm32f4xx_hal_pcd_ex.o
                0x0000000008002f92                HAL_PCDEx_SetRxFiFo
 .text.HAL_PCDEx_LPM_Callback
                0x0000000008002fb4       0x18 ./Drivers/STM32F4xx_HAL_Driver/Src/stm32f4xx_hal_pcd_ex.o
                0x0000000008002fb4                HAL_PCDEx_LPM_Callback
 .text.HAL_RCC_OscConfig
                0x0000000008002fcc      0x4f0 ./Drivers/STM32F4xx_HAL_Driver/Src/stm32f4xx_hal_rcc.o
                0x0000000008002fcc                HAL_RCC_OscConfig
 .text.HAL_RCC_ClockConfig
                0x00000000080034bc      0x1cc ./Drivers/STM32F4xx_HAL_Driver/Src/stm32f4xx_hal_rcc.o
                0x00000000080034bc                HAL_RCC_ClockConfig
 .text.HAL_RCC_GetSysClockFreq
                0x0000000008003688      0x1c4 ./Drivers/STM32F4xx_HAL_Driver/Src/stm32f4xx_hal_rcc.o
                0x0000000008003688                HAL_RCC_GetSysClockFreq
 .text.HAL_RCC_GetHCLKFreq
                0x000000000800384c       0x18 ./Drivers/STM32F4xx_HAL_Driver/Src/stm32f4xx_hal_rcc.o
                0x000000000800384c                HAL_RCC_GetHCLKFreq
 .text.HAL_RCC_GetPCLK1Freq
                0x0000000008003864       0x28 ./Drivers/STM32F4xx_HAL_Driver/Src/stm32f4xx_hal_rcc.o
                0x0000000008003864                HAL_RCC_GetPCLK1Freq
 .text.HAL_RCC_GetPCLK2Freq
                0x000000000800388c       0x28 ./Drivers/STM32F4xx_HAL_Driver/Src/stm32f4xx_hal_rcc.o
                0x000000000800388c                HAL_RCC_GetPCLK2Freq
 .text.HAL_UART_Init
                0x00000000080038b4       0x9a ./Drivers/STM32F4xx_HAL_Driver/Src/stm32f4xx_hal_uart.o
                0x00000000080038b4                HAL_UART_Init
 .text.HAL_UART_Transmit
                0x000000000800394e      0x124 ./Drivers/STM32F4xx_HAL_Driver/Src/stm32f4xx_hal_uart.o
                0x000000000800394e                HAL_UART_Transmit
 .text.HAL_UART_Receive
                0x0000000008003a72      0x144 ./Drivers/STM32F4xx_HAL_Driver/Src/stm32f4xx_hal_uart.o
                0x0000000008003a72                HAL_UART_Receive
 *fill*         0x0000000008003bb6        0x2 
 .text.HAL_UART_IRQHandler
                0x0000000008003bb8      0x51c ./Drivers/STM32F4xx_HAL_Driver/Src/stm32f4xx_hal_uart.o
                0x0000000008003bb8                HAL_UART_IRQHandler
 .text.HAL_UART_RxCpltCallback
                0x00000000080040d4       0x14 ./Drivers/STM32F4xx_HAL_Driver/Src/stm32f4xx_hal_uart.o
                0x00000000080040d4                HAL_UART_RxCpltCallback
 .text.HAL_UARTEx_RxEventCallback
                0x00000000080040e8       0x18 ./Drivers/STM32F4xx_HAL_Driver/Src/stm32f4xx_hal_uart.o
                0x00000000080040e8                HAL_UARTEx_RxEventCallback
 .text.UART_WaitOnFlagUntilTimeout
                0x0000000008004100       0xdc ./Drivers/STM32F4xx_HAL_Driver/Src/stm32f4xx_hal_uart.o
 .text.UART_EndRxTransfer
                0x00000000080041dc       0xc6 ./Drivers/STM32F4xx_HAL_Driver/Src/stm32f4xx_hal_uart.o
 .text.UART_DMAAbortOnError
                0x00000000080042a2       0x28 ./Drivers/STM32F4xx_HAL_Driver/Src/stm32f4xx_hal_uart.o
 .text.UART_Transmit_IT
                0x00000000080042ca       0xa0 ./Drivers/STM32F4xx_HAL_Driver/Src/stm32f4xx_hal_uart.o
 .text.UART_EndTransmit_IT
                0x000000000800436a       0x30 ./Drivers/STM32F4xx_HAL_Driver/Src/stm32f4xx_hal_uart.o
 .text.UART_Receive_IT
                0x000000000800439a      0x176 ./Drivers/STM32F4xx_HAL_Driver/Src/stm32f4xx_hal_uart.o
 .text.UART_SetConfig
                0x0000000008004510      0x390 ./Drivers/STM32F4xx_HAL_Driver/Src/stm32f4xx_hal_uart.o
 .text.USB_CoreInit
                0x00000000080048a0       0xc2 ./Drivers/STM32F4xx_HAL_Driver/Src/stm32f4xx_ll_usb.o
                0x00000000080048a0                USB_CoreInit
 *fill*         0x0000000008004962        0x2 
 .text.USB_SetTurnaroundTime
                0x0000000008004964      0x144 ./Drivers/STM32F4xx_HAL_Driver/Src/stm32f4xx_ll_usb.o
                0x0000000008004964                USB_SetTurnaroundTime
 .text.USB_EnableGlobalInt
                0x0000000008004aa8       0x22 ./Drivers/STM32F4xx_HAL_Driver/Src/stm32f4xx_ll_usb.o
                0x0000000008004aa8                USB_EnableGlobalInt
 .text.USB_DisableGlobalInt
                0x0000000008004aca       0x22 ./Drivers/STM32F4xx_HAL_Driver/Src/stm32f4xx_ll_usb.o
                0x0000000008004aca                USB_DisableGlobalInt
 .text.USB_SetCurrentMode
                0x0000000008004aec       0x98 ./Drivers/STM32F4xx_HAL_Driver/Src/stm32f4xx_ll_usb.o
                0x0000000008004aec                USB_SetCurrentMode
 .text.USB_DevInit
                0x0000000008004b84      0x2c8 ./Drivers/STM32F4xx_HAL_Driver/Src/stm32f4xx_ll_usb.o
                0x0000000008004b84                USB_DevInit
 .text.USB_FlushTxFifo
                0x0000000008004e4c       0x48 ./Drivers/STM32F4xx_HAL_Driver/Src/stm32f4xx_ll_usb.o
                0x0000000008004e4c                USB_FlushTxFifo
 .text.USB_FlushRxFifo
                0x0000000008004e94       0x40 ./Drivers/STM32F4xx_HAL_Driver/Src/stm32f4xx_ll_usb.o
                0x0000000008004e94                USB_FlushRxFifo
 .text.USB_SetDevSpeed
                0x0000000008004ed4       0x32 ./Drivers/STM32F4xx_HAL_Driver/Src/stm32f4xx_ll_usb.o
                0x0000000008004ed4                USB_SetDevSpeed
 .text.USB_GetDevSpeed
                0x0000000008004f06       0x4a ./Drivers/STM32F4xx_HAL_Driver/Src/stm32f4xx_ll_usb.o
                0x0000000008004f06                USB_GetDevSpeed
 .text.USB_ActivateEndpoint
                0x0000000008004f50      0x10e ./Drivers/STM32F4xx_HAL_Driver/Src/stm32f4xx_ll_usb.o
                0x0000000008004f50                USB_ActivateEndpoint
 *fill*         0x000000000800505e        0x2 
 .text.USB_DeactivateEndpoint
                0x0000000008005060      0x1b8 ./Drivers/STM32F4xx_HAL_Driver/Src/stm32f4xx_ll_usb.o
                0x0000000008005060                USB_DeactivateEndpoint
 .text.USB_EPStartXfer
                0x0000000008005218      0x488 ./Drivers/STM32F4xx_HAL_Driver/Src/stm32f4xx_ll_usb.o
                0x0000000008005218                USB_EPStartXfer
 .text.USB_EP0StartXfer
                0x00000000080056a0      0x2a6 ./Drivers/STM32F4xx_HAL_Driver/Src/stm32f4xx_ll_usb.o
                0x00000000080056a0                USB_EP0StartXfer
 .text.USB_WritePacket
                0x0000000008005946       0x7c ./Drivers/STM32F4xx_HAL_Driver/Src/stm32f4xx_ll_usb.o
                0x0000000008005946                USB_WritePacket
 .text.USB_ReadPacket
                0x00000000080059c2       0xb0 ./Drivers/STM32F4xx_HAL_Driver/Src/stm32f4xx_ll_usb.o
                0x00000000080059c2                USB_ReadPacket
 .text.USB_EPSetStall
                0x0000000008005a72       0xdc ./Drivers/STM32F4xx_HAL_Driver/Src/stm32f4xx_ll_usb.o
                0x0000000008005a72                USB_EPSetStall
 .text.USB_EPClearStall
                0x0000000008005b4e       0xcc ./Drivers/STM32F4xx_HAL_Driver/Src/stm32f4xx_ll_usb.o
                0x0000000008005b4e                USB_EPClearStall
 .text.USB_SetDevAddress
                0x0000000008005c1a       0x4c ./Drivers/STM32F4xx_HAL_Driver/Src/stm32f4xx_ll_usb.o
                0x0000000008005c1a                USB_SetDevAddress
 .text.USB_DevConnect
                0x0000000008005c66       0x42 ./Drivers/STM32F4xx_HAL_Driver/Src/stm32f4xx_ll_usb.o
                0x0000000008005c66                USB_DevConnect
 .text.USB_DevDisconnect
                0x0000000008005ca8       0x42 ./Drivers/STM32F4xx_HAL_Driver/Src/stm32f4xx_ll_usb.o
                0x0000000008005ca8                USB_DevDisconnect
 .text.USB_ReadInterrupts
                0x0000000008005cea       0x26 ./Drivers/STM32F4xx_HAL_Driver/Src/stm32f4xx_ll_usb.o
                0x0000000008005cea                USB_ReadInterrupts
 .text.USB_ReadDevAllOutEpInterrupt
                0x0000000008005d10       0x34 ./Drivers/STM32F4xx_HAL_Driver/Src/stm32f4xx_ll_usb.o
                0x0000000008005d10                USB_ReadDevAllOutEpInterrupt
 .text.USB_ReadDevAllInEpInterrupt
                0x0000000008005d44       0x34 ./Drivers/STM32F4xx_HAL_Driver/Src/stm32f4xx_ll_usb.o
                0x0000000008005d44                USB_ReadDevAllInEpInterrupt
 .text.USB_ReadDevOutEPInterrupt
                0x0000000008005d78       0x3c ./Drivers/STM32F4xx_HAL_Driver/Src/stm32f4xx_ll_usb.o
                0x0000000008005d78                USB_ReadDevOutEPInterrupt
 .text.USB_ReadDevInEPInterrupt
                0x0000000008005db4       0x5c ./Drivers/STM32F4xx_HAL_Driver/Src/stm32f4xx_ll_usb.o
                0x0000000008005db4                USB_ReadDevInEPInterrupt
 .text.USB_GetMode
                0x0000000008005e10       0x1c ./Drivers/STM32F4xx_HAL_Driver/Src/stm32f4xx_ll_usb.o
                0x0000000008005e10                USB_GetMode
 .text.USB_ActivateSetup
                0x0000000008005e2c       0x46 ./Drivers/STM32F4xx_HAL_Driver/Src/stm32f4xx_ll_usb.o
                0x0000000008005e2c                USB_ActivateSetup
 *fill*         0x0000000008005e72        0x2 
 .text.USB_EP0_OutStart
                0x0000000008005e74       0xbc ./Drivers/STM32F4xx_HAL_Driver/Src/stm32f4xx_ll_usb.o
                0x0000000008005e74                USB_EP0_OutStart
 .text.USB_CoreReset
                0x0000000008005f30       0x64 ./Drivers/STM32F4xx_HAL_Driver/Src/stm32f4xx_ll_usb.o
 .text.USBD_CDC_Init
                0x0000000008005f94       0xfe ./Middlewares/ST/STM32_USB_Device_Library/Class/CDC/Src/usbd_cdc.o
 .text.USBD_CDC_DeInit
                0x0000000008006092       0x74 ./Middlewares/ST/STM32_USB_Device_Library/Class/CDC/Src/usbd_cdc.o
 *fill*         0x0000000008006106        0x2 
 .text.USBD_CDC_Setup
                0x0000000008006108      0x190 ./Middlewares/ST/STM32_USB_Device_Library/Class/CDC/Src/usbd_cdc.o
 .text.USBD_CDC_DataIn
                0x0000000008006298       0xca ./Middlewares/ST/STM32_USB_Device_Library/Class/CDC/Src/usbd_cdc.o
 .text.USBD_CDC_DataOut
                0x0000000008006362       0x56 ./Middlewares/ST/STM32_USB_Device_Library/Class/CDC/Src/usbd_cdc.o
 .text.USBD_CDC_EP0_RxReady
                0x00000000080063b8       0x5a ./Middlewares/ST/STM32_USB_Device_Library/Class/CDC/Src/usbd_cdc.o
 *fill*         0x0000000008006412        0x2 
 .text.USBD_CDC_GetFSCfgDesc
                0x0000000008006414       0x20 ./Middlewares/ST/STM32_USB_Device_Library/Class/CDC/Src/usbd_cdc.o
 .text.USBD_CDC_GetHSCfgDesc
                0x0000000008006434       0x20 ./Middlewares/ST/STM32_USB_Device_Library/Class/CDC/Src/usbd_cdc.o
 .text.USBD_CDC_GetOtherSpeedCfgDesc
                0x0000000008006454       0x20 ./Middlewares/ST/STM32_USB_Device_Library/Class/CDC/Src/usbd_cdc.o
 .text.USBD_CDC_GetDeviceQualifierDescriptor
                0x0000000008006474       0x20 ./Middlewares/ST/STM32_USB_Device_Library/Class/CDC/Src/usbd_cdc.o
                0x0000000008006474                USBD_CDC_GetDeviceQualifierDescriptor
 .text.USBD_CDC_RegisterInterface
                0x0000000008006494       0x2a ./Middlewares/ST/STM32_USB_Device_Library/Class/CDC/Src/usbd_cdc.o
                0x0000000008006494                USBD_CDC_RegisterInterface
 .text.USBD_CDC_SetTxBuffer
                0x00000000080064be       0x3c ./Middlewares/ST/STM32_USB_Device_Library/Class/CDC/Src/usbd_cdc.o
                0x00000000080064be                USBD_CDC_SetTxBuffer
 .text.USBD_CDC_SetRxBuffer
                0x00000000080064fa       0x32 ./Middlewares/ST/STM32_USB_Device_Library/Class/CDC/Src/usbd_cdc.o
                0x00000000080064fa                USBD_CDC_SetRxBuffer
 .text.USBD_CDC_ReceivePacket
                0x000000000800652c       0x54 ./Middlewares/ST/STM32_USB_Device_Library/Class/CDC/Src/usbd_cdc.o
                0x000000000800652c                USBD_CDC_ReceivePacket
 .text.USBD_Init
                0x0000000008006580       0x60 ./Middlewares/ST/STM32_USB_Device_Library/Core/Src/usbd_core.o
                0x0000000008006580                USBD_Init
 .text.USBD_RegisterClass
                0x00000000080065e0       0x4e ./Middlewares/ST/STM32_USB_Device_Library/Core/Src/usbd_core.o
                0x00000000080065e0                USBD_RegisterClass
 .text.USBD_Start
                0x000000000800662e       0x18 ./Middlewares/ST/STM32_USB_Device_Library/Core/Src/usbd_core.o
                0x000000000800662e                USBD_Start
 .text.USBD_RunTestMode
                0x0000000008006646       0x16 ./Middlewares/ST/STM32_USB_Device_Library/Core/Src/usbd_core.o
                0x0000000008006646                USBD_RunTestMode
 .text.USBD_SetClassConfig
                0x000000000800665c       0x38 ./Middlewares/ST/STM32_USB_Device_Library/Core/Src/usbd_core.o
                0x000000000800665c                USBD_SetClassConfig
 .text.USBD_ClrClassConfig
                0x0000000008006694       0x30 ./Middlewares/ST/STM32_USB_Device_Library/Core/Src/usbd_core.o
                0x0000000008006694                USBD_ClrClassConfig
 .text.USBD_LL_SetupStage
                0x00000000080066c4       0xaa ./Middlewares/ST/STM32_USB_Device_Library/Core/Src/usbd_core.o
                0x00000000080066c4                USBD_LL_SetupStage
 .text.USBD_LL_DataOutStage
                0x000000000800676e       0xc6 ./Middlewares/ST/STM32_USB_Device_Library/Core/Src/usbd_core.o
                0x000000000800676e                USBD_LL_DataOutStage
 .text.USBD_LL_DataInStage
                0x0000000008006834      0x12c ./Middlewares/ST/STM32_USB_Device_Library/Core/Src/usbd_core.o
                0x0000000008006834                USBD_LL_DataInStage
 .text.USBD_LL_Reset
                0x0000000008006960       0x9c ./Middlewares/ST/STM32_USB_Device_Library/Core/Src/usbd_core.o
                0x0000000008006960                USBD_LL_Reset
 .text.USBD_LL_SetSpeed
                0x00000000080069fc       0x20 ./Middlewares/ST/STM32_USB_Device_Library/Core/Src/usbd_core.o
                0x00000000080069fc                USBD_LL_SetSpeed
 .text.USBD_LL_Suspend
                0x0000000008006a1c       0x2c ./Middlewares/ST/STM32_USB_Device_Library/Core/Src/usbd_core.o
                0x0000000008006a1c                USBD_LL_Suspend
 .text.USBD_LL_Resume
                0x0000000008006a48       0x30 ./Middlewares/ST/STM32_USB_Device_Library/Core/Src/usbd_core.o
                0x0000000008006a48                USBD_LL_Resume
 .text.USBD_LL_SOF
                0x0000000008006a78       0x44 ./Middlewares/ST/STM32_USB_Device_Library/Core/Src/usbd_core.o
                0x0000000008006a78                USBD_LL_SOF
 .text.USBD_LL_IsoINIncomplete
                0x0000000008006abc       0x4c ./Middlewares/ST/STM32_USB_Device_Library/Core/Src/usbd_core.o
                0x0000000008006abc                USBD_LL_IsoINIncomplete
 .text.USBD_LL_IsoOUTIncomplete
                0x0000000008006b08       0x4c ./Middlewares/ST/STM32_USB_Device_Library/Core/Src/usbd_core.o
                0x0000000008006b08                USBD_LL_IsoOUTIncomplete
 .text.USBD_LL_DevConnected
                0x0000000008006b54       0x16 ./Middlewares/ST/STM32_USB_Device_Library/Core/Src/usbd_core.o
                0x0000000008006b54                USBD_LL_DevConnected
 .text.USBD_LL_DevDisconnected
                0x0000000008006b6a       0x38 ./Middlewares/ST/STM32_USB_Device_Library/Core/Src/usbd_core.o
                0x0000000008006b6a                USBD_LL_DevDisconnected
 .text.SWAPBYTE
                0x0000000008006ba2       0x3c ./Middlewares/ST/STM32_USB_Device_Library/Core/Src/usbd_ctlreq.o
 *fill*         0x0000000008006bde        0x2 
 .text.USBD_StdDevReq
                0x0000000008006be0       0xdc ./Middlewares/ST/STM32_USB_Device_Library/Core/Src/usbd_ctlreq.o
                0x0000000008006be0                USBD_StdDevReq
 .text.USBD_StdItfReq
                0x0000000008006cbc       0x92 ./Middlewares/ST/STM32_USB_Device_Library/Core/Src/usbd_ctlreq.o
                0x0000000008006cbc                USBD_StdItfReq
 .text.USBD_StdEPReq
                0x0000000008006d4e      0x2c4 ./Middlewares/ST/STM32_USB_Device_Library/Core/Src/usbd_ctlreq.o
                0x0000000008006d4e                USBD_StdEPReq
 *fill*         0x0000000008007012        0x2 
 .text.USBD_GetDescriptor
                0x0000000008007014      0x2d4 ./Middlewares/ST/STM32_USB_Device_Library/Core/Src/usbd_ctlreq.o
 .text.USBD_SetAddress
                0x00000000080072e8       0x88 ./Middlewares/ST/STM32_USB_Device_Library/Core/Src/usbd_ctlreq.o
 .text.USBD_SetConfig
                0x0000000008007370      0x14c ./Middlewares/ST/STM32_USB_Device_Library/Core/Src/usbd_ctlreq.o
 .text.USBD_GetConfig
                0x00000000080074bc       0x6c ./Middlewares/ST/STM32_USB_Device_Library/Core/Src/usbd_ctlreq.o
 .text.USBD_GetStatus
                0x0000000008007528       0x68 ./Middlewares/ST/STM32_USB_Device_Library/Core/Src/usbd_ctlreq.o
 .text.USBD_SetFeature
                0x0000000008007590       0x28 ./Middlewares/ST/STM32_USB_Device_Library/Core/Src/usbd_ctlreq.o
 .text.USBD_ClrFeature
                0x00000000080075b8       0x44 ./Middlewares/ST/STM32_USB_Device_Library/Core/Src/usbd_ctlreq.o
 .text.USBD_ParseSetupRequest
                0x00000000080075fc       0x74 ./Middlewares/ST/STM32_USB_Device_Library/Core/Src/usbd_ctlreq.o
                0x00000000080075fc                USBD_ParseSetupRequest
 .text.USBD_CtlError
                0x0000000008007670       0x22 ./Middlewares/ST/STM32_USB_Device_Library/Core/Src/usbd_ctlreq.o
                0x0000000008007670                USBD_CtlError
 .text.USBD_GetString
                0x0000000008007692       0x8c ./Middlewares/ST/STM32_USB_Device_Library/Core/Src/usbd_ctlreq.o
                0x0000000008007692                USBD_GetString
 .text.USBD_GetLen
                0x000000000800771e       0x34 ./Middlewares/ST/STM32_USB_Device_Library/Core/Src/usbd_ctlreq.o
 .text.USBD_CtlSendData
                0x0000000008007752       0x36 ./Middlewares/ST/STM32_USB_Device_Library/Core/Src/usbd_ioreq.o
                0x0000000008007752                USBD_CtlSendData
 .text.USBD_CtlContinueSendData
                0x0000000008007788       0x22 ./Middlewares/ST/STM32_USB_Device_Library/Core/Src/usbd_ioreq.o
                0x0000000008007788                USBD_CtlContinueSendData
 .text.USBD_CtlPrepareRx
                0x00000000080077aa       0x3a ./Middlewares/ST/STM32_USB_Device_Library/Core/Src/usbd_ioreq.o
                0x00000000080077aa                USBD_CtlPrepareRx
 .text.USBD_CtlContinueRx
                0x00000000080077e4       0x22 ./Middlewares/ST/STM32_USB_Device_Library/Core/Src/usbd_ioreq.o
                0x00000000080077e4                USBD_CtlContinueRx
 .text.USBD_CtlSendStatus
                0x0000000008007806       0x26 ./Middlewares/ST/STM32_USB_Device_Library/Core/Src/usbd_ioreq.o
                0x0000000008007806                USBD_CtlSendStatus
 .text.USBD_CtlReceiveStatus
                0x000000000800782c       0x26 ./Middlewares/ST/STM32_USB_Device_Library/Core/Src/usbd_ioreq.o
                0x000000000800782c                USBD_CtlReceiveStatus
 *fill*         0x0000000008007852        0x2 
 .text.MX_USB_DEVICE_Init
                0x0000000008007854       0x60 ./USB_DEVICE/App/usb_device.o
                0x0000000008007854                MX_USB_DEVICE_Init
 .text.CDC_Init_FS
                0x00000000080078b4       0x28 ./USB_DEVICE/App/usbd_cdc_if.o
 .text.CDC_DeInit_FS
                0x00000000080078dc       0x10 ./USB_DEVICE/App/usbd_cdc_if.o
 .text.CDC_Control_FS
                0x00000000080078ec       0xbc ./USB_DEVICE/App/usbd_cdc_if.o
 .text.CDC_Receive_FS
                0x00000000080079a8       0x28 ./USB_DEVICE/App/usbd_cdc_if.o
 .text.CDC_TransmitCplt_FS
                0x00000000080079d0       0x22 ./USB_DEVICE/App/usbd_cdc_if.o
 *fill*         0x00000000080079f2        0x2 
 .text.USBD_FS_DeviceDescriptor
                0x00000000080079f4       0x24 ./USB_DEVICE/App/usbd_desc.o
                0x00000000080079f4                USBD_FS_DeviceDescriptor
 .text.USBD_FS_LangIDStrDescriptor
                0x0000000008007a18       0x24 ./USB_DEVICE/App/usbd_desc.o
                0x0000000008007a18                USBD_FS_LangIDStrDescriptor
 .text.USBD_FS_ProductStrDescriptor
                0x0000000008007a3c       0x3c ./USB_DEVICE/App/usbd_desc.o
                0x0000000008007a3c                USBD_FS_ProductStrDescriptor
 .text.USBD_FS_ManufacturerStrDescriptor
                0x0000000008007a78       0x28 ./USB_DEVICE/App/usbd_desc.o
                0x0000000008007a78                USBD_FS_ManufacturerStrDescriptor
 .text.USBD_FS_SerialStrDescriptor
                0x0000000008007aa0       0x24 ./USB_DEVICE/App/usbd_desc.o
                0x0000000008007aa0                USBD_FS_SerialStrDescriptor
 .text.USBD_FS_ConfigStrDescriptor
                0x0000000008007ac4       0x3c ./USB_DEVICE/App/usbd_desc.o
                0x0000000008007ac4                USBD_FS_ConfigStrDescriptor
 .text.USBD_FS_InterfaceStrDescriptor
                0x0000000008007b00       0x3c ./USB_DEVICE/App/usbd_desc.o
                0x0000000008007b00                USBD_FS_InterfaceStrDescriptor
 .text.Get_SerialNum
                0x0000000008007b3c       0x58 ./USB_DEVICE/App/usbd_desc.o
 .text.IntToUnicode
                0x0000000008007b94       0x7e ./USB_DEVICE/App/usbd_desc.o
 *fill*         0x0000000008007c12        0x2 
 .text.HAL_PCD_MspInit
                0x0000000008007c14       0xb4 ./USB_DEVICE/Target/usbd_conf.o
                0x0000000008007c14                HAL_PCD_MspInit
 .text.HAL_PCD_SetupStageCallback
                0x0000000008007cc8       0x24 ./USB_DEVICE/Target/usbd_conf.o
                0x0000000008007cc8                HAL_PCD_SetupStageCallback
 .text.HAL_PCD_DataOutStageCallback
                0x0000000008007cec       0x36 ./USB_DEVICE/Target/usbd_conf.o
                0x0000000008007cec                HAL_PCD_DataOutStageCallback
 .text.HAL_PCD_DataInStageCallback
                0x0000000008007d22       0x34 ./USB_DEVICE/Target/usbd_conf.o
                0x0000000008007d22                HAL_PCD_DataInStageCallback
 .text.HAL_PCD_SOFCallback
                0x0000000008007d56       0x1c ./USB_DEVICE/Target/usbd_conf.o
                0x0000000008007d56                HAL_PCD_SOFCallback
 .text.HAL_PCD_ResetCallback
                0x0000000008007d72       0x50 ./USB_DEVICE/Target/usbd_conf.o
                0x0000000008007d72                HAL_PCD_ResetCallback
 *fill*         0x0000000008007dc2        0x2 
 .text.HAL_PCD_SuspendCallback
                0x0000000008007dc4       0x4c ./USB_DEVICE/Target/usbd_conf.o
                0x0000000008007dc4                HAL_PCD_SuspendCallback
 .text.HAL_PCD_ResumeCallback
                0x0000000008007e10       0x1c ./USB_DEVICE/Target/usbd_conf.o
                0x0000000008007e10                HAL_PCD_ResumeCallback
 .text.HAL_PCD_ISOOUTIncompleteCallback
                0x0000000008007e2c       0x24 ./USB_DEVICE/Target/usbd_conf.o
                0x0000000008007e2c                HAL_PCD_ISOOUTIncompleteCallback
 .text.HAL_PCD_ISOINIncompleteCallback
                0x0000000008007e50       0x24 ./USB_DEVICE/Target/usbd_conf.o
                0x0000000008007e50                HAL_PCD_ISOINIncompleteCallback
 .text.HAL_PCD_ConnectCallback
                0x0000000008007e74       0x1c ./USB_DEVICE/Target/usbd_conf.o
                0x0000000008007e74                HAL_PCD_ConnectCallback
 .text.HAL_PCD_DisconnectCallback
                0x0000000008007e90       0x1c ./USB_DEVICE/Target/usbd_conf.o
                0x0000000008007e90                HAL_PCD_DisconnectCallback
 .text.USBD_LL_Init
                0x0000000008007eac       0x98 ./USB_DEVICE/Target/usbd_conf.o
                0x0000000008007eac                USBD_LL_Init
 .text.USBD_LL_Start
                0x0000000008007f44       0x36 ./USB_DEVICE/Target/usbd_conf.o
                0x0000000008007f44                USBD_LL_Start
 .text.USBD_LL_OpenEP
                0x0000000008007f7a       0x4c ./USB_DEVICE/Target/usbd_conf.o
                0x0000000008007f7a                USBD_LL_OpenEP
 .text.USBD_LL_CloseEP
                0x0000000008007fc6       0x3e ./USB_DEVICE/Target/usbd_conf.o
                0x0000000008007fc6                USBD_LL_CloseEP
 .text.USBD_LL_StallEP
                0x0000000008008004       0x3e ./USB_DEVICE/Target/usbd_conf.o
                0x0000000008008004                USBD_LL_StallEP
 .text.USBD_LL_ClearStallEP
                0x0000000008008042       0x3e ./USB_DEVICE/Target/usbd_conf.o
                0x0000000008008042                USBD_LL_ClearStallEP
 .text.USBD_LL_IsStallEP
                0x0000000008008080       0x58 ./USB_DEVICE/Target/usbd_conf.o
                0x0000000008008080                USBD_LL_IsStallEP
 .text.USBD_LL_SetUSBAddress
                0x00000000080080d8       0x3e ./USB_DEVICE/Target/usbd_conf.o
                0x00000000080080d8                USBD_LL_SetUSBAddress
 .text.USBD_LL_Transmit
                0x0000000008008116       0x42 ./USB_DEVICE/Target/usbd_conf.o
                0x0000000008008116                USBD_LL_Transmit
 .text.USBD_LL_PrepareReceive
                0x0000000008008158       0x42 ./USB_DEVICE/Target/usbd_conf.o
                0x0000000008008158                USBD_LL_PrepareReceive
 .text.USBD_LL_GetRxDataSize
                0x000000000800819a       0x26 ./USB_DEVICE/Target/usbd_conf.o
                0x000000000800819a                USBD_LL_GetRxDataSize
 .text.USBD_static_malloc
                0x00000000080081c0       0x1c ./USB_DEVICE/Target/usbd_conf.o
                0x00000000080081c0                USBD_static_malloc
 .text.USBD_static_free
                0x00000000080081dc       0x14 ./USB_DEVICE/Target/usbd_conf.o
                0x00000000080081dc                USBD_static_free
 .text.USBD_Get_USB_Status
                0x00000000080081f0       0x58 ./USB_DEVICE/Target/usbd_conf.o
                0x00000000080081f0                USBD_Get_USB_Status
 .text._ZN5ateam11OdinW2RadioC2EP20__UART_HandleTypeDefP12GPIO_TypeDeftii
                0x0000000008008248       0x58 ./ateam/OdinW2Radio.o
                0x0000000008008248                ateam::OdinW2Radio::OdinW2Radio(__UART_HandleTypeDef*, GPIO_TypeDef*, unsigned short, int, int)
                0x0000000008008248                ateam::OdinW2Radio::OdinW2Radio(__UART_HandleTypeDef*, GPIO_TypeDef*, unsigned short, int, int)
 .text._ZN5ateam11OdinW2RadioD2Ev
                0x00000000080082a0       0x20 ./ateam/OdinW2Radio.o
                0x00000000080082a0                ateam::OdinW2Radio::~OdinW2Radio()
                0x00000000080082a0                ateam::OdinW2Radio::~OdinW2Radio()
 .text._ZN5ateam11OdinW2RadioD0Ev
                0x00000000080082c0       0x20 ./ateam/OdinW2Radio.o
                0x00000000080082c0                ateam::OdinW2Radio::~OdinW2Radio()
 .text._ZN5ateam11OdinW2Radio10hard_resetEi
                0x00000000080082e0       0x3a ./ateam/OdinW2Radio.o
                0x00000000080082e0                ateam::OdinW2Radio::hard_reset(int)
 .text._ZN5ateam11OdinW2Radio27__dma_interrupt_tx_completeEv
                0x000000000800831a       0x1a ./ateam/OdinW2Radio.o
                0x000000000800831a                ateam::OdinW2Radio::__dma_interrupt_tx_complete()
 .text._ZN5ateam11OdinW2Radio24__dma_interrupt_tx_errorEv
                0x0000000008008334       0x1a ./ateam/OdinW2Radio.o
                0x0000000008008334                ateam::OdinW2Radio::__dma_interrupt_tx_error()
 *fill*         0x000000000800834e        0x2 
 .text._ZN5ateam5RobotC2EP20__UART_HandleTypeDefS2_
                0x0000000008008350       0x3c ./ateam/Robot.o
                0x0000000008008350                ateam::Robot::Robot(__UART_HandleTypeDef*, __UART_HandleTypeDef*)
                0x0000000008008350                ateam::Robot::Robot(__UART_HandleTypeDef*, __UART_HandleTypeDef*)
 .text._ZN5ateam5RobotD2Ev
                0x000000000800838c       0x20 ./ateam/Robot.o
                0x000000000800838c                ateam::Robot::~Robot()
                0x000000000800838c                ateam::Robot::~Robot()
 .text._ZN5ateam5RobotD0Ev
                0x00000000080083ac       0x20 ./ateam/Robot.o
                0x00000000080083ac                ateam::Robot::~Robot()
 .text._ZN5ateam5Robot11run_foreverEv
                0x00000000080083cc       0xcc ./ateam/Robot.o
                0x00000000080083cc                ateam::Robot::run_forever()
 .text._ZN5ateam5Robot31__uart_transfer_complete_int_cbEP20__UART_HandleTypeDef
                0x0000000008008498       0x26 ./ateam/Robot.o
                0x0000000008008498                ateam::Robot::__uart_transfer_complete_int_cb(__UART_HandleTypeDef*)
 .text._ZN5ateam5Robot28__uart_transfer_error_int_cbEP20__UART_HandleTypeDef
                0x00000000080084be       0x26 ./ateam/Robot.o
                0x00000000080084be                ateam::Robot::__uart_transfer_error_int_cb(__UART_HandleTypeDef*)
 .text.robot_entry
                0x00000000080084e4       0x34 ./ateam/ateam_ext.o
                0x00000000080084e4                robot_entry
 .text.dma_transfer_complete_interrupt
                0x0000000008008518       0x20 ./ateam/ateam_ext.o
                0x0000000008008518                dma_transfer_complete_interrupt
 .text.dma_transfer_error_interrupt
                0x0000000008008538       0x20 ./ateam/ateam_ext.o
                0x0000000008008538                dma_transfer_error_interrupt
 .text._ZdlPvj  0x0000000008008558        0x4 c:/st/stm32cubeide_1.7.0/stm32cubeide/plugins/com.st.stm32cube.ide.mcu.externaltools.gnu-tools-for-stm32.9-2020-q2-update.win32_2.0.0.202105311346/tools/bin/../lib/gcc/arm-none-eabi/9.3.1/../../../../arm-none-eabi/lib/thumb/v7e-m+fp/hard\libstdc++_nano.a(del_ops.o)
                0x0000000008008558                operator delete(void*, unsigned int)
 .text._ZdlPv   0x000000000800855c        0x4 c:/st/stm32cubeide_1.7.0/stm32cubeide/plugins/com.st.stm32cube.ide.mcu.externaltools.gnu-tools-for-stm32.9-2020-q2-update.win32_2.0.0.202105311346/tools/bin/../lib/gcc/arm-none-eabi/9.3.1/../../../../arm-none-eabi/lib/thumb/v7e-m+fp/hard\libstdc++_nano.a(del_op.o)
                0x000000000800855c                operator delete(void*)
 .text.__errno  0x0000000008008560        0xc c:/st/stm32cubeide_1.7.0/stm32cubeide/plugins/com.st.stm32cube.ide.mcu.externaltools.gnu-tools-for-stm32.9-2020-q2-update.win32_2.0.0.202105311346/tools/bin/../lib/gcc/arm-none-eabi/9.3.1/../../../../arm-none-eabi/lib/thumb/v7e-m+fp/hard\libc_nano.a(lib_a-errno.o)
                0x0000000008008560                __errno
 .text.fprintf  0x000000000800856c       0x24 c:/st/stm32cubeide_1.7.0/stm32cubeide/plugins/com.st.stm32cube.ide.mcu.externaltools.gnu-tools-for-stm32.9-2020-q2-update.win32_2.0.0.202105311346/tools/bin/../lib/gcc/arm-none-eabi/9.3.1/../../../../arm-none-eabi/lib/thumb/v7e-m+fp/hard\libc_nano.a(lib_a-fprintf.o)
                0x000000000800856c                fiprintf
                0x000000000800856c                fprintf
 .text._fwrite_r
                0x0000000008008590       0xc0 c:/st/stm32cubeide_1.7.0/stm32cubeide/plugins/com.st.stm32cube.ide.mcu.externaltools.gnu-tools-for-stm32.9-2020-q2-update.win32_2.0.0.202105311346/tools/bin/../lib/gcc/arm-none-eabi/9.3.1/../../../../arm-none-eabi/lib/thumb/v7e-m+fp/hard\libc_nano.a(lib_a-fwrite.o)
                0x0000000008008590                _fwrite_r
 .text.fwrite   0x0000000008008650       0x1c c:/st/stm32cubeide_1.7.0/stm32cubeide/plugins/com.st.stm32cube.ide.mcu.externaltools.gnu-tools-for-stm32.9-2020-q2-update.win32_2.0.0.202105311346/tools/bin/../lib/gcc/arm-none-eabi/9.3.1/../../../../arm-none-eabi/lib/thumb/v7e-m+fp/hard\libc_nano.a(lib_a-fwrite.o)
                0x0000000008008650                fwrite
 .text.__libc_init_array
                0x000000000800866c       0x48 c:/st/stm32cubeide_1.7.0/stm32cubeide/plugins/com.st.stm32cube.ide.mcu.externaltools.gnu-tools-for-stm32.9-2020-q2-update.win32_2.0.0.202105311346/tools/bin/../lib/gcc/arm-none-eabi/9.3.1/../../../../arm-none-eabi/lib/thumb/v7e-m+fp/hard\libc_nano.a(lib_a-init.o)
                0x000000000800866c                __libc_init_array
 .text.__retarget_lock_init_recursive
                0x00000000080086b4        0x2 c:/st/stm32cubeide_1.7.0/stm32cubeide/plugins/com.st.stm32cube.ide.mcu.externaltools.gnu-tools-for-stm32.9-2020-q2-update.win32_2.0.0.202105311346/tools/bin/../lib/gcc/arm-none-eabi/9.3.1/../../../../arm-none-eabi/lib/thumb/v7e-m+fp/hard\libc_nano.a(lib_a-lock.o)
                0x00000000080086b4                __retarget_lock_init_recursive
 .text.__retarget_lock_acquire_recursive
                0x00000000080086b6        0x2 c:/st/stm32cubeide_1.7.0/stm32cubeide/plugins/com.st.stm32cube.ide.mcu.externaltools.gnu-tools-for-stm32.9-2020-q2-update.win32_2.0.0.202105311346/tools/bin/../lib/gcc/arm-none-eabi/9.3.1/../../../../arm-none-eabi/lib/thumb/v7e-m+fp/hard\libc_nano.a(lib_a-lock.o)
                0x00000000080086b6                __retarget_lock_acquire_recursive
 .text.__retarget_lock_release_recursive
                0x00000000080086b8        0x2 c:/st/stm32cubeide_1.7.0/stm32cubeide/plugins/com.st.stm32cube.ide.mcu.externaltools.gnu-tools-for-stm32.9-2020-q2-update.win32_2.0.0.202105311346/tools/bin/../lib/gcc/arm-none-eabi/9.3.1/../../../../arm-none-eabi/lib/thumb/v7e-m+fp/hard\libc_nano.a(lib_a-lock.o)
                0x00000000080086b8                __retarget_lock_release_recursive
 *fill*         0x00000000080086ba        0x2 
 .text.free     0x00000000080086bc       0x10 c:/st/stm32cubeide_1.7.0/stm32cubeide/plugins/com.st.stm32cube.ide.mcu.externaltools.gnu-tools-for-stm32.9-2020-q2-update.win32_2.0.0.202105311346/tools/bin/../lib/gcc/arm-none-eabi/9.3.1/../../../../arm-none-eabi/lib/thumb/v7e-m+fp/hard\libc_nano.a(lib_a-malloc.o)
                0x00000000080086bc                free
 .text.memset   0x00000000080086cc       0x10 c:/st/stm32cubeide_1.7.0/stm32cubeide/plugins/com.st.stm32cube.ide.mcu.externaltools.gnu-tools-for-stm32.9-2020-q2-update.win32_2.0.0.202105311346/tools/bin/../lib/gcc/arm-none-eabi/9.3.1/../../../../arm-none-eabi/lib/thumb/v7e-m+fp/hard\libc_nano.a(lib_a-memset.o)
                0x00000000080086cc                memset
 .text._free_r  0x00000000080086dc       0xa0 c:/st/stm32cubeide_1.7.0/stm32cubeide/plugins/com.st.stm32cube.ide.mcu.externaltools.gnu-tools-for-stm32.9-2020-q2-update.win32_2.0.0.202105311346/tools/bin/../lib/gcc/arm-none-eabi/9.3.1/../../../../arm-none-eabi/lib/thumb/v7e-m+fp/hard\libc_nano.a(lib_a-nano-freer.o)
                0x00000000080086dc                _free_r
 .text._malloc_r
                0x000000000800877c       0xb4 c:/st/stm32cubeide_1.7.0/stm32cubeide/plugins/com.st.stm32cube.ide.mcu.externaltools.gnu-tools-for-stm32.9-2020-q2-update.win32_2.0.0.202105311346/tools/bin/../lib/gcc/arm-none-eabi/9.3.1/../../../../arm-none-eabi/lib/thumb/v7e-m+fp/hard\libc_nano.a(lib_a-nano-mallocr.o)
                0x000000000800877c                _malloc_r
 .text.__sfputc_r
                0x0000000008008830       0x2e c:/st/stm32cubeide_1.7.0/stm32cubeide/plugins/com.st.stm32cube.ide.mcu.externaltools.gnu-tools-for-stm32.9-2020-q2-update.win32_2.0.0.202105311346/tools/bin/../lib/gcc/arm-none-eabi/9.3.1/../../../../arm-none-eabi/lib/thumb/v7e-m+fp/hard\libc_nano.a(lib_a-nano-vfprintf.o)
 .text.__sfputs_r
                0x000000000800885e       0x24 c:/st/stm32cubeide_1.7.0/stm32cubeide/plugins/com.st.stm32cube.ide.mcu.externaltools.gnu-tools-for-stm32.9-2020-q2-update.win32_2.0.0.202105311346/tools/bin/../lib/gcc/arm-none-eabi/9.3.1/../../../../arm-none-eabi/lib/thumb/v7e-m+fp/hard\libc_nano.a(lib_a-nano-vfprintf.o)
                0x000000000800885e                __sfputs_r
 *fill*         0x0000000008008882        0x2 
 .text._vfprintf_r
                0x0000000008008884      0x260 c:/st/stm32cubeide_1.7.0/stm32cubeide/plugins/com.st.stm32cube.ide.mcu.externaltools.gnu-tools-for-stm32.9-2020-q2-update.win32_2.0.0.202105311346/tools/bin/../lib/gcc/arm-none-eabi/9.3.1/../../../../arm-none-eabi/lib/thumb/v7e-m+fp/hard\libc_nano.a(lib_a-nano-vfprintf.o)
                0x0000000008008884                _vfprintf_r
                0x0000000008008884                _vfiprintf_r
 .text._printf_common
                0x0000000008008ae4       0xda c:/st/stm32cubeide_1.7.0/stm32cubeide/plugins/com.st.stm32cube.ide.mcu.externaltools.gnu-tools-for-stm32.9-2020-q2-update.win32_2.0.0.202105311346/tools/bin/../lib/gcc/arm-none-eabi/9.3.1/../../../../arm-none-eabi/lib/thumb/v7e-m+fp/hard\libc_nano.a(lib_a-nano-vfprintf_i.o)
                0x0000000008008ae4                _printf_common
 *fill*         0x0000000008008bbe        0x2 
 .text._printf_i
                0x0000000008008bc0      0x24c c:/st/stm32cubeide_1.7.0/stm32cubeide/plugins/com.st.stm32cube.ide.mcu.externaltools.gnu-tools-for-stm32.9-2020-q2-update.win32_2.0.0.202105311346/tools/bin/../lib/gcc/arm-none-eabi/9.3.1/../../../../arm-none-eabi/lib/thumb/v7e-m+fp/hard\libc_nano.a(lib_a-nano-vfprintf_i.o)
                0x0000000008008bc0                _printf_i
 .text.printf   0x0000000008008e0c       0x30 c:/st/stm32cubeide_1.7.0/stm32cubeide/plugins/com.st.stm32cube.ide.mcu.externaltools.gnu-tools-for-stm32.9-2020-q2-update.win32_2.0.0.202105311346/tools/bin/../lib/gcc/arm-none-eabi/9.3.1/../../../../arm-none-eabi/lib/thumb/v7e-m+fp/hard\libc_nano.a(lib_a-printf.o)
                0x0000000008008e0c                iprintf
                0x0000000008008e0c                printf
 .text._sbrk_r  0x0000000008008e3c       0x20 c:/st/stm32cubeide_1.7.0/stm32cubeide/plugins/com.st.stm32cube.ide.mcu.externaltools.gnu-tools-for-stm32.9-2020-q2-update.win32_2.0.0.202105311346/tools/bin/../lib/gcc/arm-none-eabi/9.3.1/../../../../arm-none-eabi/lib/thumb/v7e-m+fp/hard\libc_nano.a(lib_a-sbrkr.o)
                0x0000000008008e3c                _sbrk_r
 .text.__swbuf_r
                0x0000000008008e5c       0xa4 c:/st/stm32cubeide_1.7.0/stm32cubeide/plugins/com.st.stm32cube.ide.mcu.externaltools.gnu-tools-for-stm32.9-2020-q2-update.win32_2.0.0.202105311346/tools/bin/../lib/gcc/arm-none-eabi/9.3.1/../../../../arm-none-eabi/lib/thumb/v7e-m+fp/hard\libc_nano.a(lib_a-wbuf.o)
                0x0000000008008e5c                __swbuf_r
 .text.__swsetup_r
                0x0000000008008f00       0xdc c:/st/stm32cubeide_1.7.0/stm32cubeide/plugins/com.st.stm32cube.ide.mcu.externaltools.gnu-tools-for-stm32.9-2020-q2-update.win32_2.0.0.202105311346/tools/bin/../lib/gcc/arm-none-eabi/9.3.1/../../../../arm-none-eabi/lib/thumb/v7e-m+fp/hard\libc_nano.a(lib_a-wsetup.o)
                0x0000000008008f00                __swsetup_r
 .text.__sflush_r
                0x0000000008008fdc      0x10c c:/st/stm32cubeide_1.7.0/stm32cubeide/plugins/com.st.stm32cube.ide.mcu.externaltools.gnu-tools-for-stm32.9-2020-q2-update.win32_2.0.0.202105311346/tools/bin/../lib/gcc/arm-none-eabi/9.3.1/../../../../arm-none-eabi/lib/thumb/v7e-m+fp/hard\libc_nano.a(lib_a-fflush.o)
                0x0000000008008fdc                __sflush_r
 .text._fflush_r
                0x00000000080090e8       0x78 c:/st/stm32cubeide_1.7.0/stm32cubeide/plugins/com.st.stm32cube.ide.mcu.externaltools.gnu-tools-for-stm32.9-2020-q2-update.win32_2.0.0.202105311346/tools/bin/../lib/gcc/arm-none-eabi/9.3.1/../../../../arm-none-eabi/lib/thumb/v7e-m+fp/hard\libc_nano.a(lib_a-fflush.o)
                0x00000000080090e8                _fflush_r
 .text.std      0x0000000008009160       0x48 c:/st/stm32cubeide_1.7.0/stm32cubeide/plugins/com.st.stm32cube.ide.mcu.externaltools.gnu-tools-for-stm32.9-2020-q2-update.win32_2.0.0.202105311346/tools/bin/../lib/gcc/arm-none-eabi/9.3.1/../../../../arm-none-eabi/lib/thumb/v7e-m+fp/hard\libc_nano.a(lib_a-findfp.o)
 .text._cleanup_r
                0x00000000080091a8        0xc c:/st/stm32cubeide_1.7.0/stm32cubeide/plugins/com.st.stm32cube.ide.mcu.externaltools.gnu-tools-for-stm32.9-2020-q2-update.win32_2.0.0.202105311346/tools/bin/../lib/gcc/arm-none-eabi/9.3.1/../../../../arm-none-eabi/lib/thumb/v7e-m+fp/hard\libc_nano.a(lib_a-findfp.o)
                0x00000000080091a8                _cleanup_r
 .text.__sfmoreglue
                0x00000000080091b4       0x2c c:/st/stm32cubeide_1.7.0/stm32cubeide/plugins/com.st.stm32cube.ide.mcu.externaltools.gnu-tools-for-stm32.9-2020-q2-update.win32_2.0.0.202105311346/tools/bin/../lib/gcc/arm-none-eabi/9.3.1/../../../../arm-none-eabi/lib/thumb/v7e-m+fp/hard\libc_nano.a(lib_a-findfp.o)
                0x00000000080091b4                __sfmoreglue
 .text.__sfp_lock_acquire
                0x00000000080091e0        0xc c:/st/stm32cubeide_1.7.0/stm32cubeide/plugins/com.st.stm32cube.ide.mcu.externaltools.gnu-tools-for-stm32.9-2020-q2-update.win32_2.0.0.202105311346/tools/bin/../lib/gcc/arm-none-eabi/9.3.1/../../../../arm-none-eabi/lib/thumb/v7e-m+fp/hard\libc_nano.a(lib_a-findfp.o)
                0x00000000080091e0                __sfp_lock_acquire
 .text.__sfp_lock_release
                0x00000000080091ec        0xc c:/st/stm32cubeide_1.7.0/stm32cubeide/plugins/com.st.stm32cube.ide.mcu.externaltools.gnu-tools-for-stm32.9-2020-q2-update.win32_2.0.0.202105311346/tools/bin/../lib/gcc/arm-none-eabi/9.3.1/../../../../arm-none-eabi/lib/thumb/v7e-m+fp/hard\libc_nano.a(lib_a-findfp.o)
                0x00000000080091ec                __sfp_lock_release
 .text.__sinit_lock_acquire
                0x00000000080091f8        0xc c:/st/stm32cubeide_1.7.0/stm32cubeide/plugins/com.st.stm32cube.ide.mcu.externaltools.gnu-tools-for-stm32.9-2020-q2-update.win32_2.0.0.202105311346/tools/bin/../lib/gcc/arm-none-eabi/9.3.1/../../../../arm-none-eabi/lib/thumb/v7e-m+fp/hard\libc_nano.a(lib_a-findfp.o)
                0x00000000080091f8                __sinit_lock_acquire
 .text.__sinit_lock_release
                0x0000000008009204        0xc c:/st/stm32cubeide_1.7.0/stm32cubeide/plugins/com.st.stm32cube.ide.mcu.externaltools.gnu-tools-for-stm32.9-2020-q2-update.win32_2.0.0.202105311346/tools/bin/../lib/gcc/arm-none-eabi/9.3.1/../../../../arm-none-eabi/lib/thumb/v7e-m+fp/hard\libc_nano.a(lib_a-findfp.o)
                0x0000000008009204                __sinit_lock_release
 .text.__sinit  0x0000000008009210       0x70 c:/st/stm32cubeide_1.7.0/stm32cubeide/plugins/com.st.stm32cube.ide.mcu.externaltools.gnu-tools-for-stm32.9-2020-q2-update.win32_2.0.0.202105311346/tools/bin/../lib/gcc/arm-none-eabi/9.3.1/../../../../arm-none-eabi/lib/thumb/v7e-m+fp/hard\libc_nano.a(lib_a-findfp.o)
                0x0000000008009210                __sinit
 .text.__sfp    0x0000000008009280       0x8c c:/st/stm32cubeide_1.7.0/stm32cubeide/plugins/com.st.stm32cube.ide.mcu.externaltools.gnu-tools-for-stm32.9-2020-q2-update.win32_2.0.0.202105311346/tools/bin/../lib/gcc/arm-none-eabi/9.3.1/../../../../arm-none-eabi/lib/thumb/v7e-m+fp/hard\libc_nano.a(lib_a-findfp.o)
                0x0000000008009280                __sfp
 .text._fwalk_reent
                0x000000000800930c       0x3e c:/st/stm32cubeide_1.7.0/stm32cubeide/plugins/com.st.stm32cube.ide.mcu.externaltools.gnu-tools-for-stm32.9-2020-q2-update.win32_2.0.0.202105311346/tools/bin/../lib/gcc/arm-none-eabi/9.3.1/../../../../arm-none-eabi/lib/thumb/v7e-m+fp/hard\libc_nano.a(lib_a-fwalk.o)
                0x000000000800930c                _fwalk_reent
 .text.__swhatbuf_r
                0x000000000800934a       0x48 c:/st/stm32cubeide_1.7.0/stm32cubeide/plugins/com.st.stm32cube.ide.mcu.externaltools.gnu-tools-for-stm32.9-2020-q2-update.win32_2.0.0.202105311346/tools/bin/../lib/gcc/arm-none-eabi/9.3.1/../../../../arm-none-eabi/lib/thumb/v7e-m+fp/hard\libc_nano.a(lib_a-makebuf.o)
                0x000000000800934a                __swhatbuf_r
 *fill*         0x0000000008009392        0x2 
 .text.__smakebuf_r
                0x0000000008009394       0x80 c:/st/stm32cubeide_1.7.0/stm32cubeide/plugins/com.st.stm32cube.ide.mcu.externaltools.gnu-tools-for-stm32.9-2020-q2-update.win32_2.0.0.202105311346/tools/bin/../lib/gcc/arm-none-eabi/9.3.1/../../../../arm-none-eabi/lib/thumb/v7e-m+fp/hard\libc_nano.a(lib_a-makebuf.o)
                0x0000000008009394                __smakebuf_r
 .text.__malloc_lock
                0x0000000008009414        0xc c:/st/stm32cubeide_1.7.0/stm32cubeide/plugins/com.st.stm32cube.ide.mcu.externaltools.gnu-tools-for-stm32.9-2020-q2-update.win32_2.0.0.202105311346/tools/bin/../lib/gcc/arm-none-eabi/9.3.1/../../../../arm-none-eabi/lib/thumb/v7e-m+fp/hard\libc_nano.a(lib_a-mlock.o)
                0x0000000008009414                __malloc_lock
 .text.__malloc_unlock
                0x0000000008009420        0xc c:/st/stm32cubeide_1.7.0/stm32cubeide/plugins/com.st.stm32cube.ide.mcu.externaltools.gnu-tools-for-stm32.9-2020-q2-update.win32_2.0.0.202105311346/tools/bin/../lib/gcc/arm-none-eabi/9.3.1/../../../../arm-none-eabi/lib/thumb/v7e-m+fp/hard\libc_nano.a(lib_a-mlock.o)
                0x0000000008009420                __malloc_unlock
 .text.__sread  0x000000000800942c       0x22 c:/st/stm32cubeide_1.7.0/stm32cubeide/plugins/com.st.stm32cube.ide.mcu.externaltools.gnu-tools-for-stm32.9-2020-q2-update.win32_2.0.0.202105311346/tools/bin/../lib/gcc/arm-none-eabi/9.3.1/../../../../arm-none-eabi/lib/thumb/v7e-m+fp/hard\libc_nano.a(lib_a-stdio.o)
                0x000000000800942c                __sread
 .text.__swrite
                0x000000000800944e       0x38 c:/st/stm32cubeide_1.7.0/stm32cubeide/plugins/com.st.stm32cube.ide.mcu.externaltools.gnu-tools-for-stm32.9-2020-q2-update.win32_2.0.0.202105311346/tools/bin/../lib/gcc/arm-none-eabi/9.3.1/../../../../arm-none-eabi/lib/thumb/v7e-m+fp/hard\libc_nano.a(lib_a-stdio.o)
                0x000000000800944e                __swrite
 .text.__sseek  0x0000000008009486       0x24 c:/st/stm32cubeide_1.7.0/stm32cubeide/plugins/com.st.stm32cube.ide.mcu.externaltools.gnu-tools-for-stm32.9-2020-q2-update.win32_2.0.0.202105311346/tools/bin/../lib/gcc/arm-none-eabi/9.3.1/../../../../arm-none-eabi/lib/thumb/v7e-m+fp/hard\libc_nano.a(lib_a-stdio.o)
                0x0000000008009486                __sseek
 .text.__sclose
                0x00000000080094aa        0x8 c:/st/stm32cubeide_1.7.0/stm32cubeide/plugins/com.st.stm32cube.ide.mcu.externaltools.gnu-tools-for-stm32.9-2020-q2-update.win32_2.0.0.202105311346/tools/bin/../lib/gcc/arm-none-eabi/9.3.1/../../../../arm-none-eabi/lib/thumb/v7e-m+fp/hard\libc_nano.a(lib_a-stdio.o)
                0x00000000080094aa                __sclose
 *fill*         0x00000000080094b2        0x2 
 .text._write_r
                0x00000000080094b4       0x24 c:/st/stm32cubeide_1.7.0/stm32cubeide/plugins/com.st.stm32cube.ide.mcu.externaltools.gnu-tools-for-stm32.9-2020-q2-update.win32_2.0.0.202105311346/tools/bin/../lib/gcc/arm-none-eabi/9.3.1/../../../../arm-none-eabi/lib/thumb/v7e-m+fp/hard\libc_nano.a(lib_a-writer.o)
                0x00000000080094b4                _write_r
 .text._close_r
                0x00000000080094d8       0x20 c:/st/stm32cubeide_1.7.0/stm32cubeide/plugins/com.st.stm32cube.ide.mcu.externaltools.gnu-tools-for-stm32.9-2020-q2-update.win32_2.0.0.202105311346/tools/bin/../lib/gcc/arm-none-eabi/9.3.1/../../../../arm-none-eabi/lib/thumb/v7e-m+fp/hard\libc_nano.a(lib_a-closer.o)
                0x00000000080094d8                _close_r
 .text._fstat_r
                0x00000000080094f8       0x24 c:/st/stm32cubeide_1.7.0/stm32cubeide/plugins/com.st.stm32cube.ide.mcu.externaltools.gnu-tools-for-stm32.9-2020-q2-update.win32_2.0.0.202105311346/tools/bin/../lib/gcc/arm-none-eabi/9.3.1/../../../../arm-none-eabi/lib/thumb/v7e-m+fp/hard\libc_nano.a(lib_a-fstatr.o)
                0x00000000080094f8                _fstat_r
 .text._isatty_r
                0x000000000800951c       0x20 c:/st/stm32cubeide_1.7.0/stm32cubeide/plugins/com.st.stm32cube.ide.mcu.externaltools.gnu-tools-for-stm32.9-2020-q2-update.win32_2.0.0.202105311346/tools/bin/../lib/gcc/arm-none-eabi/9.3.1/../../../../arm-none-eabi/lib/thumb/v7e-m+fp/hard\libc_nano.a(lib_a-isattyr.o)
                0x000000000800951c                _isatty_r
 .text._lseek_r
                0x000000000800953c       0x24 c:/st/stm32cubeide_1.7.0/stm32cubeide/plugins/com.st.stm32cube.ide.mcu.externaltools.gnu-tools-for-stm32.9-2020-q2-update.win32_2.0.0.202105311346/tools/bin/../lib/gcc/arm-none-eabi/9.3.1/../../../../arm-none-eabi/lib/thumb/v7e-m+fp/hard\libc_nano.a(lib_a-lseekr.o)
                0x000000000800953c                _lseek_r
 .text._read_r  0x0000000008009560       0x24 c:/st/stm32cubeide_1.7.0/stm32cubeide/plugins/com.st.stm32cube.ide.mcu.externaltools.gnu-tools-for-stm32.9-2020-q2-update.win32_2.0.0.202105311346/tools/bin/../lib/gcc/arm-none-eabi/9.3.1/../../../../arm-none-eabi/lib/thumb/v7e-m+fp/hard\libc_nano.a(lib_a-readr.o)
                0x0000000008009560                _read_r
 *(.glue_7)
 .glue_7        0x0000000008009584        0x0 linker stubs
 *(.glue_7t)
 .glue_7t       0x0000000008009584        0x0 linker stubs
 *(.eh_frame)
 .eh_frame      0x0000000008009584        0x0 c:/st/stm32cubeide_1.7.0/stm32cubeide/plugins/com.st.stm32cube.ide.mcu.externaltools.gnu-tools-for-stm32.9-2020-q2-update.win32_2.0.0.202105311346/tools/bin/../lib/gcc/arm-none-eabi/9.3.1/thumb/v7e-m+fp/hard/crtbegin.o
 *(.init)
 .init          0x0000000008009584        0x4 c:/st/stm32cubeide_1.7.0/stm32cubeide/plugins/com.st.stm32cube.ide.mcu.externaltools.gnu-tools-for-stm32.9-2020-q2-update.win32_2.0.0.202105311346/tools/bin/../lib/gcc/arm-none-eabi/9.3.1/thumb/v7e-m+fp/hard/crti.o
                0x0000000008009584                _init
 .init          0x0000000008009588        0x8 c:/st/stm32cubeide_1.7.0/stm32cubeide/plugins/com.st.stm32cube.ide.mcu.externaltools.gnu-tools-for-stm32.9-2020-q2-update.win32_2.0.0.202105311346/tools/bin/../lib/gcc/arm-none-eabi/9.3.1/thumb/v7e-m+fp/hard/crtn.o
 *(.fini)
 .fini          0x0000000008009590        0x4 c:/st/stm32cubeide_1.7.0/stm32cubeide/plugins/com.st.stm32cube.ide.mcu.externaltools.gnu-tools-for-stm32.9-2020-q2-update.win32_2.0.0.202105311346/tools/bin/../lib/gcc/arm-none-eabi/9.3.1/thumb/v7e-m+fp/hard/crti.o
                0x0000000008009590                _fini
 .fini          0x0000000008009594        0x8 c:/st/stm32cubeide_1.7.0/stm32cubeide/plugins/com.st.stm32cube.ide.mcu.externaltools.gnu-tools-for-stm32.9-2020-q2-update.win32_2.0.0.202105311346/tools/bin/../lib/gcc/arm-none-eabi/9.3.1/thumb/v7e-m+fp/hard/crtn.o
                0x000000000800959c                . = ALIGN (0x4)
                0x000000000800959c                _etext = .

.vfp11_veneer   0x000000000800959c        0x0
 .vfp11_veneer  0x000000000800959c        0x0 linker stubs

.v4_bx          0x000000000800959c        0x0
 .v4_bx         0x000000000800959c        0x0 linker stubs

.iplt           0x000000000800959c        0x0
 .iplt          0x000000000800959c        0x0 c:/st/stm32cubeide_1.7.0/stm32cubeide/plugins/com.st.stm32cube.ide.mcu.externaltools.gnu-tools-for-stm32.9-2020-q2-update.win32_2.0.0.202105311346/tools/bin/../lib/gcc/arm-none-eabi/9.3.1/thumb/v7e-m+fp/hard/crtbegin.o

.rodata         0x000000000800959c      0x140
                0x000000000800959c                . = ALIGN (0x4)
 *(.rodata)
 .rodata        0x000000000800959c       0x46 ./USB_DEVICE/App/usbd_desc.o
 *fill*         0x00000000080095e2        0x2 
 .rodata        0x00000000080095e4       0x1d ./ateam/Robot.o
 *(.rodata*)
 *fill*         0x0000000008009601        0x3 
 .rodata.AHBPrescTable
                0x0000000008009604       0x10 ./Core/Src/system_stm32f4xx.o
                0x0000000008009604                AHBPrescTable
 .rodata.APBPrescTable
                0x0000000008009614        0x8 ./Core/Src/system_stm32f4xx.o
                0x0000000008009614                APBPrescTable
 .rodata.flagBitshiftOffset.8272
                0x000000000800961c        0x8 ./Drivers/STM32F4xx_HAL_Driver/Src/stm32f4xx_hal_dma.o
 .rodata._ZTVN5ateam11OdinW2RadioE
                0x0000000008009624       0x10 ./ateam/OdinW2Radio.o
                0x0000000008009624                vtable for ateam::OdinW2Radio
 .rodata._ZTVN5ateam5RobotE
                0x0000000008009634       0x10 ./ateam/Robot.o
                0x0000000008009634                vtable for ateam::Robot
 .rodata._global_impure_ptr
                0x0000000008009644        0x4 c:/st/stm32cubeide_1.7.0/stm32cubeide/plugins/com.st.stm32cube.ide.mcu.externaltools.gnu-tools-for-stm32.9-2020-q2-update.win32_2.0.0.202105311346/tools/bin/../lib/gcc/arm-none-eabi/9.3.1/../../../../arm-none-eabi/lib/thumb/v7e-m+fp/hard\libc_nano.a(lib_a-impure.o)
                0x0000000008009644                _global_impure_ptr
 .rodata._vfprintf_r.str1.1
                0x0000000008009648       0x11 c:/st/stm32cubeide_1.7.0/stm32cubeide/plugins/com.st.stm32cube.ide.mcu.externaltools.gnu-tools-for-stm32.9-2020-q2-update.win32_2.0.0.202105311346/tools/bin/../lib/gcc/arm-none-eabi/9.3.1/../../../../arm-none-eabi/lib/thumb/v7e-m+fp/hard\libc_nano.a(lib_a-nano-vfprintf.o)
 .rodata._printf_i.str1.1
                0x0000000008009659       0x22 c:/st/stm32cubeide_1.7.0/stm32cubeide/plugins/com.st.stm32cube.ide.mcu.externaltools.gnu-tools-for-stm32.9-2020-q2-update.win32_2.0.0.202105311346/tools/bin/../lib/gcc/arm-none-eabi/9.3.1/../../../../arm-none-eabi/lib/thumb/v7e-m+fp/hard\libc_nano.a(lib_a-nano-vfprintf_i.o)
 *fill*         0x000000000800967b        0x1 
 .rodata.__sf_fake_stderr
                0x000000000800967c       0x20 c:/st/stm32cubeide_1.7.0/stm32cubeide/plugins/com.st.stm32cube.ide.mcu.externaltools.gnu-tools-for-stm32.9-2020-q2-update.win32_2.0.0.202105311346/tools/bin/../lib/gcc/arm-none-eabi/9.3.1/../../../../arm-none-eabi/lib/thumb/v7e-m+fp/hard\libc_nano.a(lib_a-findfp.o)
                0x000000000800967c                __sf_fake_stderr
 .rodata.__sf_fake_stdin
                0x000000000800969c       0x20 c:/st/stm32cubeide_1.7.0/stm32cubeide/plugins/com.st.stm32cube.ide.mcu.externaltools.gnu-tools-for-stm32.9-2020-q2-update.win32_2.0.0.202105311346/tools/bin/../lib/gcc/arm-none-eabi/9.3.1/../../../../arm-none-eabi/lib/thumb/v7e-m+fp/hard\libc_nano.a(lib_a-findfp.o)
                0x000000000800969c                __sf_fake_stdin
 .rodata.__sf_fake_stdout
                0x00000000080096bc       0x20 c:/st/stm32cubeide_1.7.0/stm32cubeide/plugins/com.st.stm32cube.ide.mcu.externaltools.gnu-tools-for-stm32.9-2020-q2-update.win32_2.0.0.202105311346/tools/bin/../lib/gcc/arm-none-eabi/9.3.1/../../../../arm-none-eabi/lib/thumb/v7e-m+fp/hard\libc_nano.a(lib_a-findfp.o)
                0x00000000080096bc                __sf_fake_stdout
                0x00000000080096dc                . = ALIGN (0x4)

.ARM.extab      0x00000000080096dc        0x0
                0x00000000080096dc                . = ALIGN (0x4)
 *(.ARM.extab* .gnu.linkonce.armextab.*)
                0x00000000080096dc                . = ALIGN (0x4)

.ARM            0x00000000080096dc        0x8
                0x00000000080096dc                . = ALIGN (0x4)
                0x00000000080096dc                __exidx_start = .
 *(.ARM.exidx*)
 .ARM.exidx     0x00000000080096dc        0x8 c:/st/stm32cubeide_1.7.0/stm32cubeide/plugins/com.st.stm32cube.ide.mcu.externaltools.gnu-tools-for-stm32.9-2020-q2-update.win32_2.0.0.202105311346/tools/bin/../lib/gcc/arm-none-eabi/9.3.1/thumb/v7e-m+fp/hard\libgcc.a(_udivmoddi4.o)
                0x00000000080096e4                __exidx_end = .
                0x00000000080096e4                . = ALIGN (0x4)

.rel.dyn        0x00000000080096e4        0x0
 .rel.iplt      0x00000000080096e4        0x0 c:/st/stm32cubeide_1.7.0/stm32cubeide/plugins/com.st.stm32cube.ide.mcu.externaltools.gnu-tools-for-stm32.9-2020-q2-update.win32_2.0.0.202105311346/tools/bin/../lib/gcc/arm-none-eabi/9.3.1/thumb/v7e-m+fp/hard/crtbegin.o

.preinit_array  0x00000000080096e4        0x0
                0x00000000080096e4                . = ALIGN (0x4)
                0x00000000080096e4                PROVIDE (__preinit_array_start = .)
 *(.preinit_array*)
                0x00000000080096e4                PROVIDE (__preinit_array_end = .)
                0x00000000080096e4                . = ALIGN (0x4)

.init_array     0x00000000080096e4        0x4
                0x00000000080096e4                . = ALIGN (0x4)
                0x00000000080096e4                PROVIDE (__init_array_start = .)
 *(SORT_BY_NAME(.init_array.*))
 *(.init_array*)
 .init_array    0x00000000080096e4        0x4 c:/st/stm32cubeide_1.7.0/stm32cubeide/plugins/com.st.stm32cube.ide.mcu.externaltools.gnu-tools-for-stm32.9-2020-q2-update.win32_2.0.0.202105311346/tools/bin/../lib/gcc/arm-none-eabi/9.3.1/thumb/v7e-m+fp/hard/crtbegin.o
                0x00000000080096e8                PROVIDE (__init_array_end = .)
                0x00000000080096e8                . = ALIGN (0x4)

.fini_array     0x00000000080096e8        0x4
                0x00000000080096e8                . = ALIGN (0x4)
                [!provide]                        PROVIDE (__fini_array_start = .)
 *(SORT_BY_NAME(.fini_array.*))
 *(.fini_array*)
 .fini_array    0x00000000080096e8        0x4 c:/st/stm32cubeide_1.7.0/stm32cubeide/plugins/com.st.stm32cube.ide.mcu.externaltools.gnu-tools-for-stm32.9-2020-q2-update.win32_2.0.0.202105311346/tools/bin/../lib/gcc/arm-none-eabi/9.3.1/thumb/v7e-m+fp/hard/crtbegin.o
                [!provide]                        PROVIDE (__fini_array_end = .)
                0x00000000080096ec                . = ALIGN (0x4)
                0x00000000080096ec                _sidata = LOADADDR (.data)

.data           0x0000000020000000      0x1e4 load address 0x00000000080096ec
                0x0000000020000000                . = ALIGN (0x4)
                0x0000000020000000                _sdata = .
 *(.data)
 *(.data*)
 .data.SystemCoreClock
                0x0000000020000000        0x4 ./Core/Src/system_stm32f4xx.o
                0x0000000020000000                SystemCoreClock
 .data.uwTickPrio
                0x0000000020000004        0x4 ./Drivers/STM32F4xx_HAL_Driver/Src/stm32f4xx_hal.o
                0x0000000020000004                uwTickPrio
 .data.uwTickFreq
                0x0000000020000008        0x1 ./Drivers/STM32F4xx_HAL_Driver/Src/stm32f4xx_hal.o
                0x0000000020000008                uwTickFreq
 *fill*         0x0000000020000009        0x3 
 .data.USBD_CDC_DeviceQualifierDesc
                0x000000002000000c        0xa ./Middlewares/ST/STM32_USB_Device_Library/Class/CDC/Src/usbd_cdc.o
 *fill*         0x0000000020000016        0x2 
 .data.USBD_CDC
                0x0000000020000018       0x38 ./Middlewares/ST/STM32_USB_Device_Library/Class/CDC/Src/usbd_cdc.o
                0x0000000020000018                USBD_CDC
 .data.USBD_CDC_CfgHSDesc
                0x0000000020000050       0x43 ./Middlewares/ST/STM32_USB_Device_Library/Class/CDC/Src/usbd_cdc.o
 *fill*         0x0000000020000093        0x1 
 .data.USBD_CDC_CfgFSDesc
                0x0000000020000094       0x43 ./Middlewares/ST/STM32_USB_Device_Library/Class/CDC/Src/usbd_cdc.o
 *fill*         0x00000000200000d7        0x1 
 .data.USBD_CDC_OtherSpeedCfgDesc
                0x00000000200000d8       0x43 ./Middlewares/ST/STM32_USB_Device_Library/Class/CDC/Src/usbd_cdc.o
 *fill*         0x000000002000011b        0x1 
 .data.USBD_Interface_fops_FS
                0x000000002000011c       0x14 ./USB_DEVICE/App/usbd_cdc_if.o
                0x000000002000011c                USBD_Interface_fops_FS
 .data.FS_Desc  0x0000000020000130       0x1c ./USB_DEVICE/App/usbd_desc.o
                0x0000000020000130                FS_Desc
 .data.USBD_FS_DeviceDesc
                0x000000002000014c       0x12 ./USB_DEVICE/App/usbd_desc.o
                0x000000002000014c                USBD_FS_DeviceDesc
 *fill*         0x000000002000015e        0x2 
 .data.USBD_LangIDDesc
                0x0000000020000160        0x4 ./USB_DEVICE/App/usbd_desc.o
                0x0000000020000160                USBD_LangIDDesc
 .data.USBD_StringSerial
                0x0000000020000164       0x1a ./USB_DEVICE/App/usbd_desc.o
                0x0000000020000164                USBD_StringSerial
 *fill*         0x000000002000017e        0x2 
 .data._impure_ptr
                0x0000000020000180        0x4 c:/st/stm32cubeide_1.7.0/stm32cubeide/plugins/com.st.stm32cube.ide.mcu.externaltools.gnu-tools-for-stm32.9-2020-q2-update.win32_2.0.0.202105311346/tools/bin/../lib/gcc/arm-none-eabi/9.3.1/../../../../arm-none-eabi/lib/thumb/v7e-m+fp/hard\libc_nano.a(lib_a-impure.o)
                0x0000000020000180                _impure_ptr
 .data.impure_data
                0x0000000020000184       0x60 c:/st/stm32cubeide_1.7.0/stm32cubeide/plugins/com.st.stm32cube.ide.mcu.externaltools.gnu-tools-for-stm32.9-2020-q2-update.win32_2.0.0.202105311346/tools/bin/../lib/gcc/arm-none-eabi/9.3.1/../../../../arm-none-eabi/lib/thumb/v7e-m+fp/hard\libc_nano.a(lib_a-impure.o)
 *(.RamFunc)
 *(.RamFunc*)
                0x00000000200001e4                . = ALIGN (0x4)
                0x00000000200001e4                _edata = .
                0x00000000080098d0                _siccmram = LOADADDR (.ccmram)

.igot.plt       0x00000000200001e4        0x0 load address 0x00000000080098d0
 .igot.plt      0x00000000200001e4        0x0 c:/st/stm32cubeide_1.7.0/stm32cubeide/plugins/com.st.stm32cube.ide.mcu.externaltools.gnu-tools-for-stm32.9-2020-q2-update.win32_2.0.0.202105311346/tools/bin/../lib/gcc/arm-none-eabi/9.3.1/thumb/v7e-m+fp/hard/crtbegin.o

.ccmram         0x0000000010000000        0x0 load address 0x00000000080098d0
                0x0000000010000000                . = ALIGN (0x4)
                0x0000000010000000                _sccmram = .
 *(.ccmram)
 *(.ccmram*)
                0x0000000010000000                . = ALIGN (0x4)
                0x0000000010000000                _eccmram = .
                0x0000000010000000                . = ALIGN (0x4)

.bss            0x00000000200001e4     0x1c84
                0x00000000200001e4                _sbss = .
                0x00000000200001e4                __bss_start__ = _sbss
 *(.bss)
 .bss           0x00000000200001e4       0x1c c:/st/stm32cubeide_1.7.0/stm32cubeide/plugins/com.st.stm32cube.ide.mcu.externaltools.gnu-tools-for-stm32.9-2020-q2-update.win32_2.0.0.202105311346/tools/bin/../lib/gcc/arm-none-eabi/9.3.1/thumb/v7e-m+fp/hard/crtbegin.o
 *(.bss*)
 .bss.__sbrk_heap_end
                0x0000000020000200        0x4 ./Core/Src/sysmem.o
 .bss.cfgidx.10209
                0x0000000020000204        0x1 ./Middlewares/ST/STM32_USB_Device_Library/Core/Src/usbd_ctlreq.o
 *fill*         0x0000000020000205        0x3 
 .bss.mem.10278
                0x0000000020000208      0x220 ./USB_DEVICE/Target/usbd_conf.o
 .bss._ZN5ateam5Robot8instanceE
                0x0000000020000428        0x4 ./ateam/Robot.o
                0x0000000020000428                ateam::Robot::instance
 .bss.__malloc_free_list
                0x000000002000042c        0x4 c:/st/stm32cubeide_1.7.0/stm32cubeide/plugins/com.st.stm32cube.ide.mcu.externaltools.gnu-tools-for-stm32.9-2020-q2-update.win32_2.0.0.202105311346/tools/bin/../lib/gcc/arm-none-eabi/9.3.1/../../../../arm-none-eabi/lib/thumb/v7e-m+fp/hard\libc_nano.a(lib_a-nano-mallocr.o)
                0x000000002000042c                __malloc_free_list
 .bss.__malloc_sbrk_start
                0x0000000020000430        0x4 c:/st/stm32cubeide_1.7.0/stm32cubeide/plugins/com.st.stm32cube.ide.mcu.externaltools.gnu-tools-for-stm32.9-2020-q2-update.win32_2.0.0.202105311346/tools/bin/../lib/gcc/arm-none-eabi/9.3.1/../../../../arm-none-eabi/lib/thumb/v7e-m+fp/hard\libc_nano.a(lib_a-nano-mallocr.o)
                0x0000000020000430                __malloc_sbrk_start
 *(COMMON)
 COMMON         0x0000000020000434      0x148 ./Core/Src/main.o
                0x0000000020000434                hdma_usart2_rx
                0x0000000020000494                huart3
                0x00000000200004d8                hdma_usart2_tx
                0x0000000020000538                huart2
 COMMON         0x000000002000057c        0x4 ./Drivers/STM32F4xx_HAL_Driver/Src/stm32f4xx_hal.o
                0x000000002000057c                uwTick
 COMMON         0x0000000020000580      0x2d0 ./USB_DEVICE/App/usb_device.o
                0x0000000020000580                hUsbDeviceFS
 COMMON         0x0000000020000850     0x1000 ./USB_DEVICE/App/usbd_cdc_if.o
                0x0000000020000850                UserRxBufferFS
                0x0000000020001050                UserTxBufferFS
 COMMON         0x0000000020001850      0x200 ./USB_DEVICE/App/usbd_desc.o
                0x0000000020001850                USBD_StrDesc
 COMMON         0x0000000020001a50      0x408 ./USB_DEVICE/Target/usbd_conf.o
                0x0000000020001a50                hpcd_USB_OTG_FS
 COMMON         0x0000000020001e58        0x9 c:/st/stm32cubeide_1.7.0/stm32cubeide/plugins/com.st.stm32cube.ide.mcu.externaltools.gnu-tools-for-stm32.9-2020-q2-update.win32_2.0.0.202105311346/tools/bin/../lib/gcc/arm-none-eabi/9.3.1/../../../../arm-none-eabi/lib/thumb/v7e-m+fp/hard\libc_nano.a(lib_a-lock.o)
                0x0000000020001e58                __lock___atexit_recursive_mutex
                0x0000000020001e59                __lock___arc4random_mutex
                0x0000000020001e5a                __lock___env_recursive_mutex
                0x0000000020001e5b                __lock___sinit_recursive_mutex
                0x0000000020001e5c                __lock___malloc_recursive_mutex
                0x0000000020001e5d                __lock___at_quick_exit_mutex
                0x0000000020001e5e                __lock___dd_hash_mutex
                0x0000000020001e5f                __lock___tz_mutex
                0x0000000020001e60                __lock___sfp_recursive_mutex
 *fill*         0x0000000020001e61        0x3 
 COMMON         0x0000000020001e64        0x4 c:/st/stm32cubeide_1.7.0/stm32cubeide/plugins/com.st.stm32cube.ide.mcu.externaltools.gnu-tools-for-stm32.9-2020-q2-update.win32_2.0.0.202105311346/tools/bin/../lib/gcc/arm-none-eabi/9.3.1/../../../../arm-none-eabi/lib/thumb/v7e-m+fp/hard\libc_nano.a(lib_a-reent.o)
                0x0000000020001e64                errno
                0x0000000020001e68                . = ALIGN (0x4)
                0x0000000020001e68                _ebss = .
                0x0000000020001e68                __bss_end__ = _ebss

._user_heap_stack
                0x0000000020001e68    0x20000
                0x0000000020001e68                . = ALIGN (0x8)
                [!provide]                        PROVIDE (end = .)
                0x0000000020001e68                PROVIDE (_end = .)
                0x0000000020011e68                . = (. + _Min_Heap_Size)
 *fill*         0x0000000020001e68    0x10000 