main.c:107:5:main	8	static
main.c:165:6:SystemClock_Config	88	static
main.c:210:13:MX_ADC1_Init	24	static
main.c:260:13:MX_CRC_Init	8	static
main.c:286:13:MX_RTC_Init	8	static
main.c:320:13:MX_SDIO_SD_Init	4	static
main.c:348:13:MX_SPI1_Init	8	static
main.c:386:13:MX_SPI4_Init	8	static
main.c:424:13:MX_SPI5_Init	8	static
main.c:462:13:MX_UART7_Init	8	static
main.c:495:13:MX_UART8_Init	8	static
main.c:528:13:MX_USART2_UART_Init	8	static
main.c:561:13:MX_USART3_UART_Init	8	static
main.c:594:13:MX_USART6_UART_Init	8	static
main.c:625:13:MX_DMA_Init	16	static
main.c:674:13:MX_GPIO_Init	64	static
main.c:806:6:Error_Handler	4	static,ignoring_inline_asm
