syscalls.c:54:6:initialise_monitor_handles	4	static
syscalls.c:64:5:_getpid	4	static
syscalls.c:69:5:_kill	16	static
unistd.h:18:6:_exit	16	static
syscalls.c:81:27:_read	32	static
syscalls.c:93:27:_write	32	static
syscalls.c:112:5:_close	16	static
syscalls.c:118:5:_fstat	16	static
syscalls.c:126:5:_isatty	16	static
syscalls.c:131:5:_lseek	24	static
syscalls.c:136:5:_open	12	static
syscalls.c:142:5:_wait	16	static
syscalls.c:148:5:_unlink	16	static
syscalls.c:154:5:_times	16	static
syscalls.c:159:5:_stat	16	static
syscalls.c:165:5:_link	16	static
syscalls.c:171:5:_fork	8	static
syscalls.c:177:5:_execve	24	static
